Archive member included to satisfy reference by file (symbol)

c:/st/stm32cubeide_1.12.1/stm32cubeide/plugins/com.st.stm32cube.ide.mcu.externaltools.gnu-tools-for-stm32.10.3-2021.10.win32_1.0.200.202301161003/tools/bin/../lib/gcc/arm-none-eabi/10.3.1/../../../../arm-none-eabi/lib/thumb/v7-m/nofp\libc_nano.a(lib_a-errno.o)
                              ./Core/Src/syscalls.o (__errno)
c:/st/stm32cubeide_1.12.1/stm32cubeide/plugins/com.st.stm32cube.ide.mcu.externaltools.gnu-tools-for-stm32.10.3-2021.10.win32_1.0.200.202301161003/tools/bin/../lib/gcc/arm-none-eabi/10.3.1/../../../../arm-none-eabi/lib/thumb/v7-m/nofp\libc_nano.a(lib_a-exit.o)
                              c:/st/stm32cubeide_1.12.1/stm32cubeide/plugins/com.st.stm32cube.ide.mcu.externaltools.gnu-tools-for-stm32.10.3-2021.10.win32_1.0.200.202301161003/tools/bin/../lib/gcc/arm-none-eabi/10.3.1/../../../../arm-none-eabi/lib/thumb/v7-m/nofp/crt0.o (exit)
c:/st/stm32cubeide_1.12.1/stm32cubeide/plugins/com.st.stm32cube.ide.mcu.externaltools.gnu-tools-for-stm32.10.3-2021.10.win32_1.0.200.202301161003/tools/bin/../lib/gcc/arm-none-eabi/10.3.1/../../../../arm-none-eabi/lib/thumb/v7-m/nofp\libc_nano.a(lib_a-impure.o)
                              c:/st/stm32cubeide_1.12.1/stm32cubeide/plugins/com.st.stm32cube.ide.mcu.externaltools.gnu-tools-for-stm32.10.3-2021.10.win32_1.0.200.202301161003/tools/bin/../lib/gcc/arm-none-eabi/10.3.1/../../../../arm-none-eabi/lib/thumb/v7-m/nofp\libc_nano.a(lib_a-exit.o) (_global_impure_ptr)
c:/st/stm32cubeide_1.12.1/stm32cubeide/plugins/com.st.stm32cube.ide.mcu.externaltools.gnu-tools-for-stm32.10.3-2021.10.win32_1.0.200.202301161003/tools/bin/../lib/gcc/arm-none-eabi/10.3.1/../../../../arm-none-eabi/lib/thumb/v7-m/nofp\libc_nano.a(lib_a-init.o)
                              c:/st/stm32cubeide_1.12.1/stm32cubeide/plugins/com.st.stm32cube.ide.mcu.externaltools.gnu-tools-for-stm32.10.3-2021.10.win32_1.0.200.202301161003/tools/bin/../lib/gcc/arm-none-eabi/10.3.1/../../../../arm-none-eabi/lib/thumb/v7-m/nofp/crt0.o (__libc_init_array)
c:/st/stm32cubeide_1.12.1/stm32cubeide/plugins/com.st.stm32cube.ide.mcu.externaltools.gnu-tools-for-stm32.10.3-2021.10.win32_1.0.200.202301161003/tools/bin/../lib/gcc/arm-none-eabi/10.3.1/../../../../arm-none-eabi/lib/thumb/v7-m/nofp\libc_nano.a(lib_a-memcpy-stub.o)
                              ./Middlewares/Third_Party/FreeRTOS/Source/queue.o (memcpy)
c:/st/stm32cubeide_1.12.1/stm32cubeide/plugins/com.st.stm32cube.ide.mcu.externaltools.gnu-tools-for-stm32.10.3-2021.10.win32_1.0.200.202301161003/tools/bin/../lib/gcc/arm-none-eabi/10.3.1/../../../../arm-none-eabi/lib/thumb/v7-m/nofp\libc_nano.a(lib_a-memset.o)
                              c:/st/stm32cubeide_1.12.1/stm32cubeide/plugins/com.st.stm32cube.ide.mcu.externaltools.gnu-tools-for-stm32.10.3-2021.10.win32_1.0.200.202301161003/tools/bin/../lib/gcc/arm-none-eabi/10.3.1/../../../../arm-none-eabi/lib/thumb/v7-m/nofp/crt0.o (memset)
c:/st/stm32cubeide_1.12.1/stm32cubeide/plugins/com.st.stm32cube.ide.mcu.externaltools.gnu-tools-for-stm32.10.3-2021.10.win32_1.0.200.202301161003/tools/bin/../lib/gcc/arm-none-eabi/10.3.1/../../../../arm-none-eabi/lib/thumb/v7-m/nofp\libc_nano.a(lib_a-strstr.o)
                              ./Core/Src/main.o (strstr)

Discarded input sections

 .text          0x0000000000000000        0x0 c:/st/stm32cubeide_1.12.1/stm32cubeide/plugins/com.st.stm32cube.ide.mcu.externaltools.gnu-tools-for-stm32.10.3-2021.10.win32_1.0.200.202301161003/tools/bin/../lib/gcc/arm-none-eabi/10.3.1/thumb/v7-m/nofp/crti.o
 .data          0x0000000000000000        0x0 c:/st/stm32cubeide_1.12.1/stm32cubeide/plugins/com.st.stm32cube.ide.mcu.externaltools.gnu-tools-for-stm32.10.3-2021.10.win32_1.0.200.202301161003/tools/bin/../lib/gcc/arm-none-eabi/10.3.1/thumb/v7-m/nofp/crti.o
 .bss           0x0000000000000000        0x0 c:/st/stm32cubeide_1.12.1/stm32cubeide/plugins/com.st.stm32cube.ide.mcu.externaltools.gnu-tools-for-stm32.10.3-2021.10.win32_1.0.200.202301161003/tools/bin/../lib/gcc/arm-none-eabi/10.3.1/thumb/v7-m/nofp/crti.o
 .data          0x0000000000000000        0x4 c:/st/stm32cubeide_1.12.1/stm32cubeide/plugins/com.st.stm32cube.ide.mcu.externaltools.gnu-tools-for-stm32.10.3-2021.10.win32_1.0.200.202301161003/tools/bin/../lib/gcc/arm-none-eabi/10.3.1/thumb/v7-m/nofp/crtbegin.o
 .rodata        0x0000000000000000       0x24 c:/st/stm32cubeide_1.12.1/stm32cubeide/plugins/com.st.stm32cube.ide.mcu.externaltools.gnu-tools-for-stm32.10.3-2021.10.win32_1.0.200.202301161003/tools/bin/../lib/gcc/arm-none-eabi/10.3.1/thumb/v7-m/nofp/crtbegin.o
 .text          0x0000000000000000       0x7c c:/st/stm32cubeide_1.12.1/stm32cubeide/plugins/com.st.stm32cube.ide.mcu.externaltools.gnu-tools-for-stm32.10.3-2021.10.win32_1.0.200.202301161003/tools/bin/../lib/gcc/arm-none-eabi/10.3.1/../../../../arm-none-eabi/lib/thumb/v7-m/nofp/crt0.o
[...]
Memory Configuration

Name             Origin             Length             Attributes
RAM              0x0000000020000000 0x000000000000c000 xrw
FLASH            0x0000000008000000 0x0000000000040000 xr
*default*        0x0000000000000000 0xffffffffffffffff

Linker script and memory map

LOAD c:/st/stm32cubeide_1.12.1/stm32cubeide/plugins/com.st.stm32cube.ide.mcu.externaltools.gnu-tools-for-stm32.10.3-2021.10.win32_1.0.200.202301161003/tools/bin/../lib/gcc/arm-none-eabi/10.3.1/thumb/v7-m/nofp/crti.o
LOAD c:/st/stm32cubeide_1.12.1/stm32cubeide/plugins/com.st.stm32cube.ide.mcu.externaltools.gnu-tools-for-stm32.10.3-2021.10.win32_1.0.200.202301161003/tools/bin/../lib/gcc/arm-none-eabi/10.3.1/thumb/v7-m/nofp/crtbegin.o
LOAD c:/st/stm32cubeide_1.12.1/stm32cubeide/plugins/com.st.stm32cube.ide.mcu.externaltools.gnu-tools-for-stm32.10.3-2021.10.win32_1.0.200.202301161003/tools/bin/../lib/gcc/arm-none-eabi/10.3.1/../../../../arm-none-eabi/lib/thumb/v7-m/nofp/crt0.o
LOAD ./Core/Src/freertos.o
LOAD ./Core/Src/main.o
LOAD ./Core/Src/stm32f1xx_hal_msp.o
LOAD ./Core/Src/stm32f1xx_it.o
LOAD ./Core/Src/syscalls.o
LOAD ./Core/Src/sysmem.o
LOAD ./Core/Src/system_stm32f1xx.o
LOAD ./Core/Startup/startup_stm32f103rctx.o
LOAD ./Drivers/STM32F1xx_HAL_Driver/Src/stm32f1xx_hal.o
LOAD ./Drivers/STM32F1xx_HAL_Driver/Src/stm32f1xx_hal_cortex.o
LOAD ./Drivers/STM32F1xx_HAL_Driver/Src/stm32f1xx_hal_dma.o
LOAD ./Drivers/STM32F1xx_HAL_Driver/Src/stm32f1xx_hal_exti.o
LOAD ./Drivers/STM32F1xx_HAL_Driver/Src/stm32f1xx_hal_flash.o
LOAD ./Drivers/STM32F1xx_HAL_Driver/Src/stm32f1xx_hal_flash_ex.o
LOAD ./Drivers/STM32F1xx_HAL_Driver/Src/stm32f1xx_hal_gpio.o
LOAD ./Drivers/STM32F1xx_HAL_Driver/Src/stm32f1xx_hal_gpio_ex.o
LOAD ./Drivers/STM32F1xx_HAL_Driver/Src/stm32f1xx_hal_i2c.o
LOAD ./Drivers/STM32F1xx_HAL_Driver/Src/stm32f1xx_hal_pwr.o
LOAD ./Drivers/STM32F1xx_HAL_Driver/Src/stm32f1xx_hal_rcc.o
LOAD ./Drivers/STM32F1xx_HAL_Driver/Src/stm32f1xx_hal_rcc_ex.o
LOAD ./Drivers/STM32F1xx_HAL_Driver/Src/stm32f1xx_hal_tim.o
LOAD ./Drivers/STM32F1xx_HAL_Driver/Src/stm32f1xx_hal_tim_ex.o
LOAD ./Drivers/STM32F1xx_HAL_Driver/Src/stm32f1xx_hal_uart.o
LOAD ./Middlewares/Third_Party/FreeRTOS/Source/CMSIS_RTOS/cmsis_os.o
LOAD ./Middlewares/Third_Party/FreeRTOS/Source/croutine.o
LOAD ./Middlewares/Third_Party/FreeRTOS/Source/event_groups.o
LOAD ./Middlewares/Third_Party/FreeRTOS/Source/list.o
LOAD ./Middlewares/Third_Party/FreeRTOS/Source/queue.o
LOAD ./Middlewares/Third_Party/FreeRTOS/Source/stream_buffer.o
LOAD ./Middlewares/Third_Party/FreeRTOS/Source/tasks.o
LOAD ./Middlewares/Third_Party/FreeRTOS/Source/timers.o
LOAD ./Middlewares/Third_Party/FreeRTOS/Source/portable/GCC/ARM_CM3/port.o
LOAD ./Middlewares/Third_Party/FreeRTOS/Source/portable/MemMang/heap_4.o
START GROUP
LOAD c:/st/stm32cubeide_1.12.1/stm32cubeide/plugins/com.st.stm32cube.ide.mcu.externaltools.gnu-tools-for-stm32.10.3-2021.10.win32_1.0.200.202301161003/tools/bin/../lib/gcc/arm-none-eabi/10.3.1/../../../../arm-none-eabi/lib/thumb/v7-m/nofp\libc_nano.a
LOAD c:/st/stm32cubeide_1.12.1/stm32cubeide/plugins/com.st.stm32cube.ide.mcu.externaltools.gnu-tools-for-stm32.10.3-2021.10.win32_1.0.200.202301161003/tools/bin/../lib/gcc/arm-none-eabi/10.3.1/../../../../arm-none-eabi/lib/thumb/v7-m/nofp\libm.a
END GROUP
START GROUP
LOAD c:/st/stm32cubeide_1.12.1/stm32cubeide/plugins/com.st.stm32cube.ide.mcu.externaltools.gnu-tools-for-stm32.10.3-2021.10.win32_1.0.200.202301161003/tools/bin/../lib/gcc/arm-none-eabi/10.3.1/thumb/v7-m/nofp\libgcc.a
LOAD c:/st/stm32cubeide_1.12.1/stm32cubeide/plugins/com.st.stm32cube.ide.mcu.externaltools.gnu-tools-for-stm32.10.3-2021.10.win32_1.0.200.202301161003/tools/bin/../lib/gcc/arm-none-eabi/10.3.1/../../../../arm-none-eabi/lib/thumb/v7-m/nofp\libc_nano.a
END GROUP
START GROUP
LOAD c:/st/stm32cubeide_1.12.1/stm32cubeide/plugins/com.st.stm32cube.ide.mcu.externaltools.gnu-tools-for-stm32.10.3-2021.10.win32_1.0.200.202301161003/tools/bin/../lib/gcc/arm-none-eabi/10.3.1/thumb/v7-m/nofp\libgcc.a
LOAD c:/st/stm32cubeide_1.12.1/stm32cubeide/plugins/com.st.stm32cube.ide.mcu.externaltools.gnu-tools-for-stm32.10.3-2021.10.win32_1.0.200.202301161003/tools/bin/../lib/gcc/arm-none-eabi/10.3.1/../../../../arm-none-eabi/lib/thumb/v7-m/nofp\libc_nano.a
LOAD c:/st/stm32cubeide_1.12.1/stm32cubeide/plugins/com.st.stm32cube.ide.mcu.externaltools.gnu-tools-for-stm32.10.3-2021.10.win32_1.0.200.202301161003/tools/bin/../lib/gcc/arm-none-eabi/10.3.1/../../../../arm-none-eabi/lib/thumb/v7-m/nofp\libnosys.a
END GROUP
START GROUP
LOAD c:/st/stm32cubeide_1.12.1/stm32cubeide/plugins/com.st.stm32cube.ide.mcu.externaltools.gnu-tools-for-stm32.10.3-2021.10.win32_1.0.200.202301161003/tools/bin/../lib/gcc/arm-none-eabi/10.3.1/thumb/v7-m/nofp\libgcc.a
LOAD c:/st/stm32cubeide_1.12.1/stm32cubeide/plugins/com.st.stm32cube.ide.mcu.externaltools.gnu-tools-for-stm32.10.3-2021.10.win32_1.0.200.202301161003/tools/bin/../lib/gcc/arm-none-eabi/10.3.1/../../../../arm-none-eabi/lib/thumb/v7-m/nofp\libc_nano.a
LOAD c:/st/stm32cubeide_1.12.1/stm32cubeide/plugins/com.st.stm32cube.ide.mcu.externaltools.gnu-tools-for-stm32.10.3-2021.10.win32_1.0.200.202301161003/tools/bin/../lib/gcc/arm-none-eabi/10.3.1/../../../../arm-none-eabi/lib/thumb/v7-m/nofp\libnosys.a
END GROUP
LOAD c:/st/stm32cubeide_1.12.1/stm32cubeide/plugins/com.st.stm32cube.ide.mcu.externaltools.gnu-tools-for-stm32.10.3-2021.10.win32_1.0.200.202301161003/tools/bin/../lib/gcc/arm-none-eabi/10.3.1/thumb/v7-m/nofp/crtend.o
LOAD c:/st/stm32cubeide_1.12.1/stm32cubeide/plugins/com.st.stm32cube.ide.mcu.externaltools.gnu-tools-for-stm32.10.3-2021.10.win32_1.0.200.202301161003/tools/bin/../lib/gcc/arm-none-eabi/10.3.1/thumb/v7-m/nofp/crtn.o
                0x000000002000c000                _estack = (ORIGIN (RAM) + LENGTH (RAM))
                0x0000000000000200                _Min_Heap_Size = 0x200
                0x0000000000000400                _Min_Stack_Size = 0x400

.isr_vector     0x0000000008000000      0x1e4
                0x0000000008000000                . = ALIGN (0x4)
 *(.isr_vector)
 .isr_vector    0x0000000008000000      0x1e4 ./Core/Startup/startup_stm32f103rctx.o
                0x0000000008000000                g_pfnVectors
                0x00000000080001e4                . = ALIGN (0x4)

.text           0x00000000080001f0     0x392c
                0x00000000080001f0                . = ALIGN (0x4)
 *(.text)
 .text          0x00000000080001f0       0x40 c:/st/stm32cubeide_1.12.1/stm32cubeide/plugins/com.st.stm32cube.ide.mcu.externaltools.gnu-tools-for-stm32.10.3-2021.10.win32_1.0.200.202301161003/tools/bin/../lib/gcc/arm-none-eabi/10.3.1/thumb/v7-m/nofp/crtbegin.o
 *(.text*)
 .text.vApplicationGetIdleTaskMemory
                0x0000000008000230       0x30 ./Core/Src/freertos.o
                0x0000000008000230                vApplicationGetIdleTaskMemory
 .text.main     0x0000000008000260       0x84 ./Core/Src/main.o
                0x0000000008000260                main
 .text.WifiTask
                0x00000000080002e4      0x13c ./Core/Src/main.o
                0x00000000080002e4                WifiTask
 .text.LED_Task1
                0x0000000008000420       0x34 ./Core/Src/main.o
                0x0000000008000420                LED_Task1
 .text.SystemClock_Config
                0x0000000008000454       0x82 ./Core/Src/main.o
                0x0000000008000454                SystemClock_Config
 *fill*         0x00000000080004d6        0x2 
 .text.MX_I2C1_Init
                0x00000000080004d8       0x5c ./Core/Src/main.o
 .text.MX_USART1_UART_Init
                0x0000000008000534        0xc ./Core/Src/main.o
 .text.MX_GPIO_Init
                0x0000000008000540       0x94 ./Core/Src/main.o
 .text.StartDefaultTask
                0x00000000080005d4       0x10 ./Core/Src/main.o
                0x00000000080005d4                StartDefaultTask
 .text.Error_Handler
                0x00000000080005e4        0xa ./Core/Src/main.o
                0x00000000080005e4                Error_Handler
 *fill*         0x00000000080005ee        0x2 
 .text.HAL_MspInit
                0x00000000080005f0       0x70 ./Core/Src/stm32f1xx_hal_msp.o
                0x00000000080005f0                HAL_MspInit
 .text.HAL_I2C_MspInit
                0x0000000008000660       0xa0 ./Core/Src/stm32f1xx_hal_msp.o
                0x0000000008000660                HAL_I2C_MspInit
 .text.NMI_Handler
                0x0000000008000700        0x6 ./Core/Src/stm32f1xx_it.o
                0x0000000008000700                NMI_Handler
 .text.HardFault_Handler
                0x0000000008000706        0x6 ./Core/Src/stm32f1xx_it.o
                0x0000000008000706                HardFault_Handler
 .text.MemManage_Handler
                0x000000000800070c        0x6 ./Core/Src/stm32f1xx_it.o
                0x000000000800070c                MemManage_Handler
 .text.BusFault_Handler
                0x0000000008000712        0x6 ./Core/Src/stm32f1xx_it.o
                0x0000000008000712                BusFault_Handler
 .text.UsageFault_Handler
                0x0000000008000718        0x6 ./Core/Src/stm32f1xx_it.o
                0x0000000008000718                UsageFault_Handler
 .text.DebugMon_Handler
                0x000000000800071e        0xc ./Core/Src/stm32f1xx_it.o
                0x000000000800071e                DebugMon_Handler
 .text.SysTick_Handler
                0x000000000800072a       0x1a ./Core/Src/stm32f1xx_it.o
                0x000000000800072a                SysTick_Handler
 .text.USART1_IRQHandler
                0x0000000008000744       0x14 ./Core/Src/stm32f1xx_it.o
                0x0000000008000744                USART1_IRQHandler
 .text.SystemInit
                0x0000000008000758        0xc ./Core/Src/system_stm32f1xx.o
                0x0000000008000758                SystemInit
 .text.Reset_Handler
                0x0000000008000764       0x48 ./Core/Startup/startup_stm32f103rctx.o
                0x0000000008000764                Reset_Handler
 .text.Default_Handler
                0x00000000080007ac        0x2 ./Core/Startup/startup_stm32f103rctx.o
                0x00000000080007ac                RTC_Alarm_IRQHandler
                0x00000000080007ac                EXTI2_IRQHandler
                0x00000000080007ac                TIM8_TRG_COM_IRQHandler
                0x00000000080007ac                TIM8_CC_IRQHandler
                0x00000000080007ac                TIM1_CC_IRQHandler
                0x00000000080007ac                TIM6_IRQHandler
                0x00000000080007ac                PVD_IRQHandler
                0x00000000080007ac                SDIO_IRQHandler
                0x00000000080007ac                EXTI3_IRQHandler
                0x00000000080007ac                EXTI0_IRQHandler
                0x00000000080007ac                I2C2_EV_IRQHandler
                0x00000000080007ac                ADC1_2_IRQHandler
                0x00000000080007ac                SPI1_IRQHandler
                0x00000000080007ac                TAMPER_IRQHandler
                0x00000000080007ac                TIM8_UP_IRQHandler
                0x00000000080007ac                DMA2_Channel2_IRQHandler
                0x00000000080007ac                DMA1_Channel4_IRQHandler
                0x00000000080007ac                USART3_IRQHandler
                0x00000000080007ac                RTC_IRQHandler
                0x00000000080007ac                DMA1_Channel7_IRQHandler
                0x00000000080007ac                CAN1_RX1_IRQHandler
                0x00000000080007ac                UART5_IRQHandler
                0x00000000080007ac                ADC3_IRQHandler
                0x00000000080007ac                TIM4_IRQHandler
                0x00000000080007ac                DMA2_Channel1_IRQHandler
                0x00000000080007ac                I2C1_EV_IRQHandler
                0x00000000080007ac                DMA1_Channel6_IRQHandler
                0x00000000080007ac                UART4_IRQHandler
                0x00000000080007ac                TIM3_IRQHandler
                0x00000000080007ac                RCC_IRQHandler
                0x00000000080007ac                TIM1_TRG_COM_IRQHandler
                0x00000000080007ac                DMA1_Channel1_IRQHandler
                0x00000000080007ac                Default_Handler
                0x00000000080007ac                EXTI15_10_IRQHandler
                0x00000000080007ac                TIM7_IRQHandler
                0x00000000080007ac                TIM5_IRQHandler
                0x00000000080007ac                EXTI9_5_IRQHandler
                0x00000000080007ac                SPI2_IRQHandler
                0x00000000080007ac                DMA1_Channel5_IRQHandler
                0x00000000080007ac                EXTI4_IRQHandler
                0x00000000080007ac                USB_LP_CAN1_RX0_IRQHandler
                0x00000000080007ac                USB_HP_CAN1_TX_IRQHandler
                0x00000000080007ac                DMA1_Channel3_IRQHandler
                0x00000000080007ac                FSMC_IRQHandler
                0x00000000080007ac                TIM1_UP_IRQHandler
                0x00000000080007ac                WWDG_IRQHandler
                0x00000000080007ac                TIM2_IRQHandler
                0x00000000080007ac                TIM1_BRK_IRQHandler
                0x00000000080007ac                EXTI1_IRQHandler
                0x00000000080007ac                DMA2_Channel4_5_IRQHandler
                0x00000000080007ac                USART2_IRQHandler
                0x00000000080007ac                I2C2_ER_IRQHandler
                0x00000000080007ac                DMA1_Channel2_IRQHandler
                0x00000000080007ac                TIM8_BRK_IRQHandler
                0x00000000080007ac                CAN1_SCE_IRQHandler
                0x00000000080007ac                FLASH_IRQHandler
                0x00000000080007ac                SPI3_IRQHandler
                0x00000000080007ac                I2C1_ER_IRQHandler
                0x00000000080007ac                USBWakeUp_IRQHandler
                0x00000000080007ac                DMA2_Channel3_IRQHandler
 *fill*         0x00000000080007ae        0x2 
 .text.HAL_Init
                0x00000000080007b0       0x2c ./Drivers/STM32F1xx_HAL_Driver/Src/stm32f1xx_hal.o
                0x00000000080007b0                HAL_Init
 .text.HAL_InitTick
                0x00000000080007dc       0x60 ./Drivers/STM32F1xx_HAL_Driver/Src/stm32f1xx_hal.o
                0x00000000080007dc                HAL_InitTick
 .text.HAL_IncTick
                0x000000000800083c       0x24 ./Drivers/STM32F1xx_HAL_Driver/Src/stm32f1xx_hal.o
                0x000000000800083c                HAL_IncTick
 .text.HAL_GetTick
                0x0000000008000860       0x14 ./Drivers/STM32F1xx_HAL_Driver/Src/stm32f1xx_hal.o
                0x0000000008000860                HAL_GetTick
 .text.HAL_Delay
                0x0000000008000874       0x48 ./Drivers/STM32F1xx_HAL_Driver/Src/stm32f1xx_hal.o
                0x0000000008000874                HAL_Delay
 .text.__NVIC_SetPriorityGrouping
                0x00000000080008bc       0x48 ./Drivers/STM32F1xx_HAL_Driver/Src/stm32f1xx_hal_cortex.o
 .text.__NVIC_GetPriorityGrouping
                0x0000000008000904       0x1c ./Drivers/STM32F1xx_HAL_Driver/Src/stm32f1xx_hal_cortex.o
 .text.__NVIC_SetPriority
                0x0000000008000920       0x54 ./Drivers/STM32F1xx_HAL_Driver/Src/stm32f1xx_hal_cortex.o
 .text.NVIC_EncodePriority
                0x0000000008000974       0x64 ./Drivers/STM32F1xx_HAL_Driver/Src/stm32f1xx_hal_cortex.o
 .text.SysTick_Config
                0x00000000080009d8       0x44 ./Drivers/STM32F1xx_HAL_Driver/Src/stm32f1xx_hal_cortex.o
 .text.HAL_NVIC_SetPriorityGrouping
                0x0000000008000a1c       0x16 ./Drivers/STM32F1xx_HAL_Driver/Src/stm32f1xx_hal_cortex.o
                0x0000000008000a1c                HAL_NVIC_SetPriorityGrouping
 .text.HAL_NVIC_SetPriority
                0x0000000008000a32       0x38 ./Drivers/STM32F1xx_HAL_Driver/Src/stm32f1xx_hal_cortex.o
                0x0000000008000a32                HAL_NVIC_SetPriority
 .text.HAL_SYSTICK_Config
                0x0000000008000a6a       0x18 ./Drivers/STM32F1xx_HAL_Driver/Src/stm32f1xx_hal_cortex.o
                0x0000000008000a6a                HAL_SYSTICK_Config
 .text.HAL_DMA_Abort
                0x0000000008000a82       0x76 ./Drivers/STM32F1xx_HAL_Driver/Src/stm32f1xx_hal_dma.o
                0x0000000008000a82                HAL_DMA_Abort
 .text.HAL_DMA_Abort_IT
                0x0000000008000af8      0x210 ./Drivers/STM32F1xx_HAL_Driver/Src/stm32f1xx_hal_dma.o
                0x0000000008000af8                HAL_DMA_Abort_IT
 .text.HAL_GPIO_Init
                0x0000000008000d08      0x328 ./Drivers/STM32F1xx_HAL_Driver/Src/stm32f1xx_hal_gpio.o
                0x0000000008000d08                HAL_GPIO_Init
 .text.HAL_GPIO_WritePin
                0x0000000008001030       0x30 ./Drivers/STM32F1xx_HAL_Driver/Src/stm32f1xx_hal_gpio.o
                0x0000000008001030                HAL_GPIO_WritePin
 .text.HAL_I2C_Init
                0x0000000008001060      0x288 ./Drivers/STM32F1xx_HAL_Driver/Src/stm32f1xx_hal_i2c.o
                0x0000000008001060                HAL_I2C_Init
 .text.HAL_RCC_OscConfig
                0x00000000080012e8      0x504 ./Drivers/STM32F1xx_HAL_Driver/Src/stm32f1xx_hal_rcc.o
                0x00000000080012e8                HAL_RCC_OscConfig
 .text.HAL_RCC_ClockConfig
                0x00000000080017ec      0x1d4 ./Drivers/STM32F1xx_HAL_Driver/Src/stm32f1xx_hal_rcc.o
                0x00000000080017ec                HAL_RCC_ClockConfig
 .text.HAL_RCC_GetSysClockFreq
                0x00000000080019c0       0xa8 ./Drivers/STM32F1xx_HAL_Driver/Src/stm32f1xx_hal_rcc.o
                0x00000000080019c0                HAL_RCC_GetSysClockFreq
 .text.HAL_RCC_GetHCLKFreq
                0x0000000008001a68       0x14 ./Drivers/STM32F1xx_HAL_Driver/Src/stm32f1xx_hal_rcc.o
                0x0000000008001a68                HAL_RCC_GetHCLKFreq
 .text.HAL_RCC_GetPCLK1Freq
                0x0000000008001a7c       0x28 ./Drivers/STM32F1xx_HAL_Driver/Src/stm32f1xx_hal_rcc.o
                0x0000000008001a7c                HAL_RCC_GetPCLK1Freq
 .text.RCC_Delay
                0x0000000008001aa4       0x3c ./Drivers/STM32F1xx_HAL_Driver/Src/stm32f1xx_hal_rcc.o
 .text.HAL_UART_Transmit
                0x0000000008001ae0      0x106 ./Drivers/STM32F1xx_HAL_Driver/Src/stm32f1xx_hal_uart.o
                0x0000000008001ae0                HAL_UART_Transmit
 .text.HAL_UART_Receive
                0x0000000008001be6      0x124 ./Drivers/STM32F1xx_HAL_Driver/Src/stm32f1xx_hal_uart.o
                0x0000000008001be6                HAL_UART_Receive
 *fill*         0x0000000008001d0a        0x2 
 .text.HAL_UART_IRQHandler
                0x0000000008001d0c      0x524 ./Drivers/STM32F1xx_HAL_Driver/Src/stm32f1xx_hal_uart.o
                0x0000000008001d0c                HAL_UART_IRQHandler
 .text.HAL_UART_TxCpltCallback
                0x0000000008002230       0x12 ./Drivers/STM32F1xx_HAL_Driver/Src/stm32f1xx_hal_uart.o
                0x0000000008002230                HAL_UART_TxCpltCallback
 .text.HAL_UART_RxCpltCallback
                0x0000000008002242       0x12 ./Drivers/STM32F1xx_HAL_Driver/Src/stm32f1xx_hal_uart.o
                0x0000000008002242                HAL_UART_RxCpltCallback
 .text.HAL_UART_ErrorCallback
                0x0000000008002254       0x12 ./Drivers/STM32F1xx_HAL_Driver/Src/stm32f1xx_hal_uart.o
                0x0000000008002254                HAL_UART_ErrorCallback
 .text.HAL_UARTEx_RxEventCallback
                0x0000000008002266       0x16 ./Drivers/STM32F1xx_HAL_Driver/Src/stm32f1xx_hal_uart.o
                0x0000000008002266                HAL_UARTEx_RxEventCallback
 .text.UART_WaitOnFlagUntilTimeout
                0x000000000800227c       0xdc ./Drivers/STM32F1xx_HAL_Driver/Src/stm32f1xx_hal_uart.o
 .text.UART_EndRxTransfer
                0x0000000008002358       0xc4 ./Drivers/STM32F1xx_HAL_Driver/Src/stm32f1xx_hal_uart.o
 .text.UART_DMAAbortOnError
                0x000000000800241c       0x28 ./Drivers/STM32F1xx_HAL_Driver/Src/stm32f1xx_hal_uart.o
 .text.UART_Transmit_IT
                0x0000000008002444       0x9e ./Drivers/STM32F1xx_HAL_Driver/Src/stm32f1xx_hal_uart.o
 .text.UART_EndTransmit_IT
                0x00000000080024e2       0x30 ./Drivers/STM32F1xx_HAL_Driver/Src/stm32f1xx_hal_uart.o
 .text.UART_Receive_IT
                0x0000000008002512      0x17c ./Drivers/STM32F1xx_HAL_Driver/Src/stm32f1xx_hal_uart.o
 .text.makeFreeRtosPriority
                0x000000000800268e       0x2e ./Middlewares/Third_Party/FreeRTOS/Source/CMSIS_RTOS/cmsis_os.o
 .text.osKernelStart
                0x00000000080026bc        0xe ./Middlewares/Third_Party/FreeRTOS/Source/CMSIS_RTOS/cmsis_os.o
                0x00000000080026bc                osKernelStart
 .text.osThreadCreate
                0x00000000080026ca       0x98 ./Middlewares/Third_Party/FreeRTOS/Source/CMSIS_RTOS/cmsis_os.o
                0x00000000080026ca                osThreadCreate
 .text.osDelay  0x0000000008002762       0x28 ./Middlewares/Third_Party/FreeRTOS/Source/CMSIS_RTOS/cmsis_os.o
                0x0000000008002762                osDelay
 .text.vListInitialise
                0x000000000800278a       0x3e ./Middlewares/Third_Party/FreeRTOS/Source/list.o
                0x000000000800278a                vListInitialise
 .text.vListInitialiseItem
                0x00000000080027c8       0x18 ./Middlewares/Third_Party/FreeRTOS/Source/list.o
                0x00000000080027c8                vListInitialiseItem
 .text.vListInsertEnd
                0x00000000080027e0       0x46 ./Middlewares/Third_Party/FreeRTOS/Source/list.o
                0x00000000080027e0                vListInsertEnd
 .text.vListInsert
                0x0000000008002826       0x70 ./Middlewares/Third_Party/FreeRTOS/Source/list.o
                0x0000000008002826                vListInsert
 .text.uxListRemove
                0x0000000008002896       0x52 ./Middlewares/Third_Party/FreeRTOS/Source/list.o
                0x0000000008002896                uxListRemove
 .text.xTaskCreateStatic
                0x00000000080028e8       0xb8 ./Middlewares/Third_Party/FreeRTOS/Source/tasks.o
                0x00000000080028e8                xTaskCreateStatic
 .text.xTaskCreate
                0x00000000080029a0       0x8a ./Middlewares/Third_Party/FreeRTOS/Source/tasks.o
                0x00000000080029a0                xTaskCreate
 .text.prvInitialiseNewTask
                0x0000000008002a2a       0xfe ./Middlewares/Third_Party/FreeRTOS/Source/tasks.o
 .text.prvAddNewTaskToReadyList
                0x0000000008002b28       0xd4 ./Middlewares/Third_Party/FreeRTOS/Source/tasks.o
 .text.vTaskDelay
                0x0000000008002bfc       0x68 ./Middlewares/Third_Party/FreeRTOS/Source/tasks.o
                0x0000000008002bfc                vTaskDelay
 .text.vTaskStartScheduler
                0x0000000008002c64       0xc0 ./Middlewares/Third_Party/FreeRTOS/Source/tasks.o
                0x0000000008002c64                vTaskStartScheduler
 .text.vTaskSuspendAll
                0x0000000008002d24       0x1c ./Middlewares/Third_Party/FreeRTOS/Source/tasks.o
                0x0000000008002d24                vTaskSuspendAll
 .text.xTaskResumeAll
                0x0000000008002d40      0x138 ./Middlewares/Third_Party/FreeRTOS/Source/tasks.o
                0x0000000008002d40                xTaskResumeAll
 .text.xTaskIncrementTick
                0x0000000008002e78      0x17c ./Middlewares/Third_Party/FreeRTOS/Source/tasks.o
                0x0000000008002e78                xTaskIncrementTick
 .text.vTaskSwitchContext
                0x0000000008002ff4       0xb4 ./Middlewares/Third_Party/FreeRTOS/Source/tasks.o
                0x0000000008002ff4                vTaskSwitchContext
 .text.prvIdleTask
                0x00000000080030a8       0x30 ./Middlewares/Third_Party/FreeRTOS/Source/tasks.o
 .text.prvInitialiseTaskLists
                0x00000000080030d8       0x80 ./Middlewares/Third_Party/FreeRTOS/Source/tasks.o
 .text.prvCheckTasksWaitingTermination
                0x0000000008003158       0x5c ./Middlewares/Third_Party/FreeRTOS/Source/tasks.o
 .text.prvDeleteTCB
                0x00000000080031b4       0x5e ./Middlewares/Third_Party/FreeRTOS/Source/tasks.o
 *fill*         0x0000000008003212        0x2 
 .text.prvResetNextTaskUnblockTime
                0x0000000008003214       0x48 ./Middlewares/Third_Party/FreeRTOS/Source/tasks.o
 .text.xTaskGetSchedulerState
                0x000000000800325c       0x3c ./Middlewares/Third_Party/FreeRTOS/Source/tasks.o
                0x000000000800325c                xTaskGetSchedulerState
 .text.prvAddCurrentTaskToDelayedList
                0x0000000008003298       0xcc ./Middlewares/Third_Party/FreeRTOS/Source/tasks.o
 .text.pxPortInitialiseStack
                0x0000000008003364       0x58 ./Middlewares/Third_Party/FreeRTOS/Source/portable/GCC/ARM_CM3/port.o
                0x0000000008003364                pxPortInitialiseStack
 .text.prvTaskExitError
                0x00000000080033bc       0x58 ./Middlewares/Third_Party/FreeRTOS/Source/portable/GCC/ARM_CM3/port.o
 *fill*         0x0000000008003414        0xc 
 .text.SVC_Handler
                0x0000000008003420       0x28 ./Middlewares/Third_Party/FreeRTOS/Source/portable/GCC/ARM_CM3/port.o
                0x0000000008003420                SVC_Handler
 .text.prvPortStartFirstTask
                0x0000000008003448       0x20 ./Middlewares/Third_Party/FreeRTOS/Source/portable/GCC/ARM_CM3/port.o
 .text.xPortStartScheduler
                0x0000000008003468       0xe4 ./Middlewares/Third_Party/FreeRTOS/Source/portable/GCC/ARM_CM3/port.o
                0x0000000008003468                xPortStartScheduler
 .text.vPortEnterCritical
                0x000000000800354c       0x60 ./Middlewares/Third_Party/FreeRTOS/Source/portable/GCC/ARM_CM3/port.o
                0x000000000800354c                vPortEnterCritical
 .text.vPortExitCritical
                0x00000000080035ac       0x50 ./Middlewares/Third_Party/FreeRTOS/Source/portable/GCC/ARM_CM3/port.o
                0x00000000080035ac                vPortExitCritical
 *fill*         0x00000000080035fc        0x4 
 .text.PendSV_Handler
                0x0000000008003600       0x48 ./Middlewares/Third_Party/FreeRTOS/Source/portable/GCC/ARM_CM3/port.o
                0x0000000008003600                PendSV_Handler
 .text.xPortSysTickHandler
                0x0000000008003648       0x44 ./Middlewares/Third_Party/FreeRTOS/Source/portable/GCC/ARM_CM3/port.o
                0x0000000008003648                xPortSysTickHandler
 .text.vPortSetupTimerInterrupt
                0x000000000800368c       0x44 ./Middlewares/Third_Party/FreeRTOS/Source/portable/GCC/ARM_CM3/port.o
                0x000000000800368c                vPortSetupTimerInterrupt
 .text.pvPortMalloc
                0x00000000080036d0      0x188 ./Middlewares/Third_Party/FreeRTOS/Source/portable/MemMang/heap_4.o
                0x00000000080036d0                pvPortMalloc
 .text.vPortFree
                0x0000000008003858       0xb4 ./Middlewares/Third_Party/FreeRTOS/Source/portable/MemMang/heap_4.o
                0x0000000008003858                vPortFree
 .text.prvHeapInit
                0x000000000800390c       0xc4 ./Middlewares/Third_Party/FreeRTOS/Source/portable/MemMang/heap_4.o
 .text.prvInsertBlockIntoFreeList
                0x00000000080039d0       0xb0 ./Middlewares/Third_Party/FreeRTOS/Source/portable/MemMang/heap_4.o
 .text.__libc_init_array
                0x0000000008003a80       0x48 c:/st/stm32cubeide_1.12.1/stm32cubeide/plugins/com.st.stm32cube.ide.mcu.externaltools.gnu-tools-for-stm32.10.3-2021.10.win32_1.0.200.202301161003/tools/bin/../lib/gcc/arm-none-eabi/10.3.1/../../../../arm-none-eabi/lib/thumb/v7-m/nofp\libc_nano.a(lib_a-init.o)
                0x0000000008003a80                __libc_init_array
 .text.memset   0x0000000008003ac8       0x10 c:/st/stm32cubeide_1.12.1/stm32cubeide/plugins/com.st.stm32cube.ide.mcu.externaltools.gnu-tools-for-stm32.10.3-2021.10.win32_1.0.200.202301161003/tools/bin/../lib/gcc/arm-none-eabi/10.3.1/../../../../arm-none-eabi/lib/thumb/v7-m/nofp\libc_nano.a(lib_a-memset.o)
                0x0000000008003ac8                memset
 .text.strstr   0x0000000008003ad8       0x2c c:/st/stm32cubeide_1.12.1/stm32cubeide/plugins/com.st.stm32cube.ide.mcu.externaltools.gnu-tools-for-stm32.10.3-2021.10.win32_1.0.200.202301161003/tools/bin/../lib/gcc/arm-none-eabi/10.3.1/../../../../arm-none-eabi/lib/thumb/v7-m/nofp\libc_nano.a(lib_a-strstr.o)
                0x0000000008003ad8                strstr
 *(.glue_7)
 .glue_7        0x0000000008003b04        0x0 linker stubs
 *(.glue_7t)
 .glue_7t       0x0000000008003b04        0x0 linker stubs
 *(.eh_frame)
 .eh_frame      0x0000000008003b04        0x0 c:/st/stm32cubeide_1.12.1/stm32cubeide/plugins/com.st.stm32cube.ide.mcu.externaltools.gnu-tools-for-stm32.10.3-2021.10.win32_1.0.200.202301161003/tools/bin/../lib/gcc/arm-none-eabi/10.3.1/thumb/v7-m/nofp/crtbegin.o
 *(.init)
 .init          0x0000000008003b04        0x4 c:/st/stm32cubeide_1.12.1/stm32cubeide/plugins/com.st.stm32cube.ide.mcu.externaltools.gnu-tools-for-stm32.10.3-2021.10.win32_1.0.200.202301161003/tools/bin/../lib/gcc/arm-none-eabi/10.3.1/thumb/v7-m/nofp/crti.o
                0x0000000008003b04                _init
 .init          0x0000000008003b08        0x8 c:/st/stm32cubeide_1.12.1/stm32cubeide/plugins/com.st.stm32cube.ide.mcu.externaltools.gnu-tools-for-stm32.10.3-2021.10.win32_1.0.200.202301161003/tools/bin/../lib/gcc/arm-none-eabi/10.3.1/thumb/v7-m/nofp/crtn.o
 *(.fini)
 .fini          0x0000000008003b10        0x4 c:/st/stm32cubeide_1.12.1/stm32cubeide/plugins/com.st.stm32cube.ide.mcu.externaltools.gnu-tools-for-stm32.10.3-2021.10.win32_1.0.200.202301161003/tools/bin/../lib/gcc/arm-none-eabi/10.3.1/thumb/v7-m/nofp/crti.o
                0x0000000008003b10                _fini
 .fini          0x0000000008003b14        0x8 c:/st/stm32cubeide_1.12.1/stm32cubeide/plugins/com.st.stm32cube.ide.mcu.externaltools.gnu-tools-for-stm32.10.3-2021.10.win32_1.0.200.202301161003/tools/bin/../lib/gcc/arm-none-eabi/10.3.1/thumb/v7-m/nofp/crtn.o
                0x0000000008003b1c                . = ALIGN (0x4)
                0x0000000008003b1c                _etext = .

.vfp11_veneer   0x0000000008003b1c        0x0
 .vfp11_veneer  0x0000000008003b1c        0x0 linker stubs

.v4_bx          0x0000000008003b1c        0x0
 .v4_bx         0x0000000008003b1c        0x0 linker stubs

.iplt           0x0000000008003b1c        0x0
 .iplt          0x0000000008003b1c        0x0 c:/st/stm32cubeide_1.12.1/stm32cubeide/plugins/com.st.stm32cube.ide.mcu.externaltools.gnu-tools-for-stm32.10.3-2021.10.win32_1.0.200.202301161003/tools/bin/../lib/gcc/arm-none-eabi/10.3.1/thumb/v7-m/nofp/crtbegin.o

.rodata         0x0000000008003b1c      0x18c
                0x0000000008003b1c                . = ALIGN (0x4)
 *(.rodata)
 .rodata        0x0000000008003b1c      0x157 ./Core/Src/main.o
 *fill*         0x0000000008003c73        0x1 
 .rodata        0x0000000008003c74        0x5 ./Middlewares/Third_Party/FreeRTOS/Source/tasks.o
 *(.rodata*)
 *fill*         0x0000000008003c79        0x3 
 .rodata.AHBPrescTable
                0x0000000008003c7c       0x10 ./Core/Src/system_stm32f1xx.o
                0x0000000008003c7c                AHBPrescTable
 .rodata.APBPrescTable
                0x0000000008003c8c        0x8 ./Core/Src/system_stm32f1xx.o
                0x0000000008003c8c                APBPrescTable
 .rodata.aPLLMULFactorTable.1
                0x0000000008003c94       0x10 ./Drivers/STM32F1xx_HAL_Driver/Src/stm32f1xx_hal_rcc.o
 .rodata.aPredivFactorTable.0
                0x0000000008003ca4        0x2 ./Drivers/STM32F1xx_HAL_Driver/Src/stm32f1xx_hal_rcc.o
                0x0000000008003ca8                . = ALIGN (0x4)
 *fill*         0x0000000008003ca6        0x2 

.rel.dyn        0x0000000008003ca8        0x0
 .rel.iplt      0x0000000008003ca8        0x0 c:/st/stm32cubeide_1.12.1/stm32cubeide/plugins/com.st.stm32cube.ide.mcu.externaltools.gnu-tools-for-stm32.10.3-2021.10.win32_1.0.200.202301161003/tools/bin/../lib/gcc/arm-none-eabi/10.3.1/thumb/v7-m/nofp/crtbegin.o

.ARM.extab      0x0000000008003ca8        0x0
                0x0000000008003ca8                . = ALIGN (0x4)
 *(.ARM.extab* .gnu.linkonce.armextab.*)
                0x0000000008003ca8                . = ALIGN (0x4)

.ARM            0x0000000008003ca8        0x0
                0x0000000008003ca8                . = ALIGN (0x4)
                0x0000000008003ca8                __exidx_start = .
 *(.ARM.exidx*)
                0x0000000008003ca8                __exidx_end = .
                0x0000000008003ca8                . = ALIGN (0x4)

.preinit_array  0x0000000008003ca8        0x0
                0x0000000008003ca8                . = ALIGN (0x4)
                0x0000000008003ca8                PROVIDE (__preinit_array_start = .)
 *(.preinit_array*)
                0x0000000008003ca8                PROVIDE (__preinit_array_end = .)
                0x0000000008003ca8                . = ALIGN (0x4)

.init_array     0x0000000008003ca8        0x4
                0x0000000008003ca8                . = ALIGN (0x4)
                0x0000000008003ca8                PROVIDE (__init_array_start = .)
 *(SORT_BY_NAME(.init_array.*))
 *(.init_array*)
 .init_array    0x0000000008003ca8        0x4 c:/st/stm32cubeide_1.12.1/stm32cubeide/plugins/com.st.stm32cube.ide.mcu.externaltools.gnu-tools-for-stm32.10.3-2021.10.win32_1.0.200.202301161003/tools/bin/../lib/gcc/arm-none-eabi/10.3.1/thumb/v7-m/nofp/crtbegin.o
                0x0000000008003cac                PROVIDE (__init_array_end = .)
                0x0000000008003cac                . = ALIGN (0x4)

.fini_array     0x0000000008003cac        0x4
                0x0000000008003cac                . = ALIGN (0x4)
                [!provide]                        PROVIDE (__fini_array_start = .)
 *(SORT_BY_NAME(.fini_array.*))
 *(.fini_array*)
 .fini_array    0x0000000008003cac        0x4 c:/st/stm32cubeide_1.12.1/stm32cubeide/plugins/com.st.stm32cube.ide.mcu.externaltools.gnu-tools-for-stm32.10.3-2021.10.win32_1.0.200.202301161003/tools/bin/../lib/gcc/arm-none-eabi/10.3.1/thumb/v7-m/nofp/crtbegin.o
                [!provide]                        PROVIDE (__fini_array_end = .)
                0x0000000008003cb0                . = ALIGN (0x4)
                0x0000000008003cb0                _sidata = LOADADDR (.data)

.data           0x0000000020000000       0x10 load address 0x0000000008003cb0
                0x0000000020000000                . = ALIGN (0x4)
                0x0000000020000000                _sdata = .
 *(.data)
 *(.data*)
 .data.SystemCoreClock
                0x0000000020000000        0x4 ./Core/Src/system_stm32f1xx.o
                0x0000000020000000                SystemCoreClock
 .data.uwTickPrio
                0x0000000020000004        0x4 ./Drivers/STM32F1xx_HAL_Driver/Src/stm32f1xx_hal.o
                0x0000000020000004                uwTickPrio
 .data.uwTickFreq
                0x0000000020000008        0x1 ./Drivers/STM32F1xx_HAL_Driver/Src/stm32f1xx_hal.o
                0x0000000020000008                uwTickFreq
 *fill*         0x0000000020000009        0x3 
 .data.uxCriticalNesting
                0x000000002000000c        0x4 ./Middlewares/Third_Party/FreeRTOS/Source/portable/GCC/ARM_CM3/port.o
 *(.RamFunc)
 *(.RamFunc*)
                0x0000000020000010                . = ALIGN (0x4)
                0x0000000020000010                _edata = .

.igot.plt       0x0000000020000010        0x0 load address 0x0000000008003cc0
 .igot.plt      0x0000000020000010        0x0 c:/st/stm32cubeide_1.12.1/stm32cubeide/plugins/com.st.stm32cube.ide.mcu.externaltools.gnu-tools-for-stm32.10.3-2021.10.win32_1.0.200.202301161003/tools/bin/../lib/gcc/arm-none-eabi/10.3.1/thumb/v7-m/nofp/crtbegin.o
                0x0000000020000010                . = ALIGN (0x4)

.bss            0x0000000020000010     0x1060 load address 0x0000000008003cc0
                0x0000000020000010                _sbss = .
                0x0000000020000010                __bss_start__ = _sbss
 *(.bss)
 .bss           0x0000000020000010       0x1c c:/st/stm32cubeide_1.12.1/stm32cubeide/plugins/com.st.stm32cube.ide.mcu.externaltools.gnu-tools-for-stm32.10.3-2021.10.win32_1.0.200.202301161003/tools/bin/../lib/gcc/arm-none-eabi/10.3.1/thumb/v7-m/nofp/crtbegin.o
 *(.bss*)
 .bss.xIdleTaskTCBBuffer
                0x000000002000002c       0x54 ./Core/Src/freertos.o
 .bss.xIdleStack
                0x0000000020000080      0x200 ./Core/Src/freertos.o
 .bss.hi2c1     0x0000000020000280       0x54 ./Core/Src/main.o
                0x0000000020000280                hi2c1
 .bss.huart1    0x00000000200002d4       0x48 ./Core/Src/main.o
                0x00000000200002d4                huart1
 .bss.defaultTaskHandle
                0x000000002000031c        0x4 ./Core/Src/main.o
                0x000000002000031c                defaultTaskHandle
 .bss.uwTick    0x0000000020000320        0x4 ./Drivers/STM32F1xx_HAL_Driver/Src/stm32f1xx_hal.o
                0x0000000020000320                uwTick
 .bss.pxCurrentTCB
                0x0000000020000324        0x4 ./Middlewares/Third_Party/FreeRTOS/Source/tasks.o
                0x0000000020000324                pxCurrentTCB
 .bss.pxReadyTasksLists
                0x0000000020000328       0x8c ./Middlewares/Third_Party/FreeRTOS/Source/tasks.o
 .bss.xDelayedTaskList1
                0x00000000200003b4       0x14 ./Middlewares/Third_Party/FreeRTOS/Source/tasks.o
 .bss.xDelayedTaskList2
                0x00000000200003c8       0x14 ./Middlewares/Third_Party/FreeRTOS/Source/tasks.o
 .bss.pxDelayedTaskList
                0x00000000200003dc        0x4 ./Middlewares/Third_Party/FreeRTOS/Source/tasks.o
 .bss.pxOverflowDelayedTaskList
                0x00000000200003e0        0x4 ./Middlewares/Third_Party/FreeRTOS/Source/tasks.o
 .bss.xPendingReadyList
                0x00000000200003e4       0x14 ./Middlewares/Third_Party/FreeRTOS/Source/tasks.o
 .bss.xTasksWaitingTermination
                0x00000000200003f8       0x14 ./Middlewares/Third_Party/FreeRTOS/Source/tasks.o
 .bss.uxDeletedTasksWaitingCleanUp
                0x000000002000040c        0x4 ./Middlewares/Third_Party/FreeRTOS/Source/tasks.o
 .bss.xSuspendedTaskList
                0x0000000020000410       0x14 ./Middlewares/Third_Party/FreeRTOS/Source/tasks.o
 .bss.uxCurrentNumberOfTasks
                0x0000000020000424        0x4 ./Middlewares/Third_Party/FreeRTOS/Source/tasks.o
 .bss.xTickCount
                0x0000000020000428        0x4 ./Middlewares/Third_Party/FreeRTOS/Source/tasks.o
 .bss.uxTopReadyPriority
                0x000000002000042c        0x4 ./Middlewares/Third_Party/FreeRTOS/Source/tasks.o
 .bss.xSchedulerRunning
                0x0000000020000430        0x4 ./Middlewares/Third_Party/FreeRTOS/Source/tasks.o
 .bss.uxPendedTicks
                0x0000000020000434        0x4 ./Middlewares/Third_Party/FreeRTOS/Source/tasks.o
 .bss.xYieldPending
                0x0000000020000438        0x4 ./Middlewares/Third_Party/FreeRTOS/Source/tasks.o
 .bss.xNumOfOverflows
                0x000000002000043c        0x4 ./Middlewares/Third_Party/FreeRTOS/Source/tasks.o
 .bss.uxTaskNumber
                0x0000000020000440        0x4 ./Middlewares/Third_Party/FreeRTOS/Source/tasks.o
 .bss.xNextTaskUnblockTime
                0x0000000020000444        0x4 ./Middlewares/Third_Party/FreeRTOS/Source/tasks.o
 .bss.xIdleTaskHandle
                0x0000000020000448        0x4 ./Middlewares/Third_Party/FreeRTOS/Source/tasks.o
 .bss.uxSchedulerSuspended
                0x000000002000044c        0x4 ./Middlewares/Third_Party/FreeRTOS/Source/tasks.o
 .bss.ucMaxSysCallPriority
                0x0000000020000450        0x1 ./Middlewares/Third_Party/FreeRTOS/Source/portable/GCC/ARM_CM3/port.o
 *fill*         0x0000000020000451        0x3 
 .bss.ulMaxPRIGROUPValue
                0x0000000020000454        0x4 ./Middlewares/Third_Party/FreeRTOS/Source/portable/GCC/ARM_CM3/port.o
 .bss.ucHeap    0x0000000020000458      0xc00 ./Middlewares/Third_Party/FreeRTOS/Source/portable/MemMang/heap_4.o
 .bss.xStart    0x0000000020001058        0x8 ./Middlewares/Third_Party/FreeRTOS/Source/portable/MemMang/heap_4.o
 .bss.pxEnd     0x0000000020001060        0x4 ./Middlewares/Third_Party/FreeRTOS/Source/portable/MemMang/heap_4.o
 .bss.xFreeBytesRemaining
                0x0000000020001064        0x4 ./Middlewares/Third_Party/FreeRTOS/Source/portable/MemMang/heap_4.o
 .bss.xMinimumEverFreeBytesRemaining
                0x0000000020001068        0x4 ./Middlewares/Third_Party/FreeRTOS/Source/portable/MemMang/heap_4.o
 .bss.xBlockAllocatedBit
                0x000000002000106c        0x4 ./Middlewares/Third_Party/FreeRTOS/Source/portable/MemMang/heap_4.o
 *(COMMON)
                0x0000000020001070                . = ALIGN (0x4)
                0x0000000020001070                _ebss = .
                0x0000000020001070                __bss_end__ = _ebss

._user_heap_stack
                0x0000000020001070      0x600 load address 0x0000000008003cc0
                0x0000000020001070                . = ALIGN (0x8)
                [!provide]                        PROVIDE (end = .)
                0x0000000020001070                PROVIDE (_end = .)
                0x0000000020001270                . = (. + _Min_Heap_Size)
 *fill*         0x0000000020001070      0x200 
                0x0000000020001670                . = (. + _Min_Stack_Size)
 *fill*         0x0000000020001270      0x400 
                0x0000000020001670                . = ALIGN (0x8)

/DISCARD/
 libc.a(*)
 libm.a(*)
 libgcc.a(*)

.ARM.attributes
                0x0000000000000000       0x29
 *(.ARM.attributes)
 .ARM.attributes
                0x0000000000000000       0x1d c:/st/stm32cubeide_1.12.1/stm32cubeide/plugins/com.st.stm32cube.ide.mcu.externaltools.gnu-tools-for-stm32.10.3-2021.10.win32_1.0.200.202301161003/tools/bin/../lib/gcc/arm-none-eabi/10.3.1/thumb/v7-m/nofp/crti.o
 .ARM.attributes
                0x000000000000001d       0x2d c:/st/stm32cubeide_1.12.1/stm32cubeide/plugins/com.st.stm32cube.ide.mcu.externaltools.gnu-tools-for-stm32.10.3-2021.10.win32_1.0.200.202301161003/tools/bin/../lib/gcc/arm-none-eabi/10.3.1/thumb/v7-m/nofp/crtbegin.o
 .ARM.attributes
                0x000000000000004a       0x2d ./Core/Src/freertos.o
 .ARM.attributes
                0x0000000000000077       0x2d ./Core/Src/main.o
 .ARM.attributes
                0x00000000000000a4       0x2d ./Core/Src/stm32f1xx_hal_msp.o
 .ARM.attributes
                0x00000000000000d1       0x2d ./Core/Src/stm32f1xx_it.o
 .ARM.attributes
                0x00000000000000fe       0x2d ./Core/Src/system_stm32f1xx.o
 .ARM.attributes
                0x000000000000012b       0x21 ./Core/Startup/startup_stm32f103rctx.o
 .ARM.attributes
                0x000000000000014c       0x2d ./Drivers/STM32F1xx_HAL_Driver/Src/stm32f1xx_hal.o
 .ARM.attributes
                0x0000000000000179       0x2d ./Drivers/STM32F1xx_HAL_Driver/Src/stm32f1xx_hal_cortex.o
 .ARM.attributes
                0x00000000000001a6       0x2d ./Drivers/STM32F1xx_HAL_Driver/Src/stm32f1xx_hal_dma.o
 .ARM.attributes
                0x00000000000001d3       0x2d ./Drivers/STM32F1xx_HAL_Driver/Src/stm32f1xx_hal_gpio.o
 .ARM.attributes
                0x0000000000000200       0x2d ./Drivers/STM32F1xx_HAL_Driver/Src/stm32f1xx_hal_i2c.o
 .ARM.attributes
                0x000000000000022d       0x2d ./Drivers/STM32F1xx_HAL_Driver/Src/stm32f1xx_hal_rcc.o
 .ARM.attributes
                0x000000000000025a       0x2d ./Drivers/STM32F1xx_HAL_Driver/Src/stm32f1xx_hal_uart.o
 .ARM.attributes
                0x0000000000000287       0x2d ./Middlewares/Third_Party/FreeRTOS/Source/CMSIS_RTOS/cmsis_os.o
 .ARM.attributes
                0x00000000000002b4       0x2d ./Middlewares/Third_Party/FreeRTOS/Source/list.o
 .ARM.attributes
                0x00000000000002e1       0x2d ./Middlewares/Third_Party/FreeRTOS/Source/tasks.o
 .ARM.attributes
                0x000000000000030e       0x2d ./Middlewares/Third_Party/FreeRTOS/Source/portable/GCC/ARM_CM3/port.o
 .ARM.attributes
                0x000000000000033b       0x2d ./Middlewares/Third_Party/FreeRTOS/Source/portable/MemMang/heap_4.o
 .ARM.attributes
                0x0000000000000368       0x2d c:/st/stm32cubeide_1.12.1/stm32cubeide/plugins/com.st.stm32cube.ide.mcu.externaltools.gnu-tools-for-stm32.10.3-2021.10.win32_1.0.200.202301161003/tools/bin/../lib/gcc/arm-none-eabi/10.3.1/../../../../arm-none-eabi/lib/thumb/v7-m/nofp\libc_nano.a(lib_a-init.o)
 .ARM.attributes
                0x0000000000000395       0x2d c:/st/stm32cubeide_1.12.1/stm32cubeide/plugins/com.st.stm32cube.ide.mcu.externaltools.gnu-tools-for-stm32.10.3-2021.10.win32_1.0.200.202301161003/tools/bin/../lib/gcc/arm-none-eabi/10.3.1/../../../../arm-none-eabi/lib/thumb/v7-m/nofp\libc_nano.a(lib_a-memset.o)
 .ARM.attributes
                0x00000000000003c2       0x2d c:/st/stm32cubeide_1.12.1/stm32cubeide/plugins/com.st.stm32cube.ide.mcu.externaltools.gnu-tools-for-stm32.10.3-2021.10.win32_1.0.200.202301161003/tools/bin/../lib/gcc/arm-none-eabi/10.3.1/../../../../arm-none-eabi/lib/thumb/v7-m/nofp\libc_nano.a(lib_a-strstr.o)
 .ARM.attributes
                0x00000000000003ef       0x1d c:/st/stm32cubeide_1.12.1/stm32cubeide/plugins/com.st.stm32cube.ide.mcu.externaltools.gnu-tools-for-stm32.10.3-2021.10.win32_1.0.200.202301161003/tools/bin/../lib/gcc/arm-none-eabi/10.3.1/thumb/v7-m/nofp/crtn.o
OUTPUT(WifiMySQL.elf elf32-littlearm)
LOAD linker stubs
LOAD c:/st/stm32cubeide_1.12.1/stm32cubeide/plugins/com.st.stm32cube.ide.mcu.externaltools.gnu-tools-for-stm32.10.3-2021.10.win32_1.0.200.202301161003/tools/bin/../lib/gcc/arm-none-eabi/10.3.1/../../../../arm-none-eabi/lib/thumb/v7-m/nofp\libc.a
LOAD c:/st/stm32cubeide_1.12.1/stm32cubeide/plugins/com.st.stm32cube.ide.mcu.externaltools.gnu-tools-for-stm32.10.3-2021.10.win32_1.0.200.202301161003/tools/bin/../lib/gcc/arm-none-eabi/10.3.1/../../../../arm-none-eabi/lib/thumb/v7-m/nofp\libm.a
LOAD c:/st/stm32cubeide_1.12.1/stm32cubeide/plugins/com.st.stm32cube.ide.mcu.externaltools.gnu-tools-for-stm32.10.3-2021.10.win32_1.0.200.202301161003/tools/bin/../lib/gcc/arm-none-eabi/10.3.1/thumb/v7-m/nofp\libgcc.a

.debug_info     0x0000000000000000     0xf256
 .debug_info    0x0000000000000000      0x294 ./Core/Src/freertos.o
 .debug_info    0x0000000000000294     0x1300 ./Core/Src/main.o
 .debug_info    0x0000000000001594      0xdc1 ./Core/Src/stm32f1xx_hal_msp.o
 .debug_info    0x0000000000002355      0x640 ./Core/Src/stm32f1xx_it.o
 .debug_info    0x0000000000002995      0x23d ./Core/Src/system_stm32f1xx.o
 .debug_info    0x0000000000002bd2       0x22 ./Core/Startup/startup_stm32f103rctx.o
 .debug_info    0x0000000000002bf4      0x79a ./Drivers/STM32F1xx_HAL_Driver/Src/stm32f1xx_hal.o
 .debug_info    0x000000000000338e      0xb86 ./Drivers/STM32F1xx_HAL_Driver/Src/stm32f1xx_hal_cortex.o
 .debug_info    0x0000000000003f14      0x744 ./Drivers/STM32F1xx_HAL_Driver/Src/stm32f1xx_hal_dma.o
 .debug_info    0x0000000000004658      0x615 ./Drivers/STM32F1xx_HAL_Driver/Src/stm32f1xx_hal_gpio.o
 .debug_info    0x0000000000004c6d     0x2761 ./Drivers/STM32F1xx_HAL_Driver/Src/stm32f1xx_hal_i2c.o
 .debug_info    0x00000000000073ce      0x865 ./Drivers/STM32F1xx_HAL_Driver/Src/stm32f1xx_hal_rcc.o
 .debug_info    0x0000000000007c33     0x31b2 ./Drivers/STM32F1xx_HAL_Driver/Src/stm32f1xx_hal_uart.o
 .debug_info    0x000000000000ade5     0x1c1b ./Middlewares/Third_Party/FreeRTOS/Source/CMSIS_RTOS/cmsis_os.o
 .debug_info    0x000000000000ca00      0x2cb ./Middlewares/Third_Party/FreeRTOS/Source/list.o
 .debug_info    0x000000000000cccb     0x1cec ./Middlewares/Third_Party/FreeRTOS/Source/tasks.o
 .debug_info    0x000000000000e9b7      0x4b7 ./Middlewares/Third_Party/FreeRTOS/Source/portable/GCC/ARM_CM3/port.o
 .debug_info    0x000000000000ee6e      0x3e8 ./Middlewares/Third_Party/FreeRTOS/Source/portable/MemMang/heap_4.o

.debug_abbrev   0x0000000000000000     0x2552
 .debug_abbrev  0x0000000000000000       0xcd ./Core/Src/freertos.o
 .debug_abbrev  0x00000000000000cd      0x319 ./Core/Src/main.o
 .debug_abbrev  0x00000000000003e6      0x1b9 ./Core/Src/stm32f1xx_hal_msp.o
 .debug_abbrev  0x000000000000059f      0x18e ./Core/Src/stm32f1xx_it.o
 .debug_abbrev  0x000000000000072d      0x13b ./Core/Src/system_stm32f1xx.o
 .debug_abbrev  0x0000000000000868       0x12 ./Core/Startup/startup_stm32f103rctx.o
 .debug_abbrev  0x000000000000087a      0x1fb ./Drivers/STM32F1xx_HAL_Driver/Src/stm32f1xx_hal.o
 .debug_abbrev  0x0000000000000a75      0x2ed ./Drivers/STM32F1xx_HAL_Driver/Src/stm32f1xx_hal_cortex.o
 .debug_abbrev  0x0000000000000d62      0x1fe ./Drivers/STM32F1xx_HAL_Driver/Src/stm32f1xx_hal_dma.o
 .debug_abbrev  0x0000000000000f60      0x1bb ./Drivers/STM32F1xx_HAL_Driver/Src/stm32f1xx_hal_gpio.o
 .debug_abbrev  0x000000000000111b      0x288 ./Drivers/STM32F1xx_HAL_Driver/Src/stm32f1xx_hal_i2c.o
 .debug_abbrev  0x00000000000013a3      0x2a8 ./Drivers/STM32F1xx_HAL_Driver/Src/stm32f1xx_hal_rcc.o
 .debug_abbrev  0x000000000000164b      0x2df ./Drivers/STM32F1xx_HAL_Driver/Src/stm32f1xx_hal_uart.o
 .debug_abbrev  0x000000000000192a      0x392 ./Middlewares/Third_Party/FreeRTOS/Source/CMSIS_RTOS/cmsis_os.o
 .debug_abbrev  0x0000000000001cbc       0xf2 ./Middlewares/Third_Party/FreeRTOS/Source/list.o
 .debug_abbrev  0x0000000000001dae      0x34e ./Middlewares/Third_Party/FreeRTOS/Source/tasks.o
 .debug_abbrev  0x00000000000020fc      0x257 ./Middlewares/Third_Party/FreeRTOS/Source/portable/GCC/ARM_CM3/port.o
 .debug_abbrev  0x0000000000002353      0x1ff ./Middlewares/Third_Party/FreeRTOS/Source/portable/MemMang/heap_4.o

.debug_aranges  0x0000000000000000      0xdf0
 .debug_aranges
                0x0000000000000000       0x20 ./Core/Src/freertos.o
 .debug_aranges
                0x0000000000000020       0x68 ./Core/Src/main.o
 .debug_aranges
                0x0000000000000088       0x40 ./Core/Src/stm32f1xx_hal_msp.o
 .debug_aranges
                0x00000000000000c8       0x58 ./Core/Src/stm32f1xx_it.o
 .debug_aranges
                0x0000000000000120       0x28 ./Core/Src/system_stm32f1xx.o
 .debug_aranges
                0x0000000000000148       0x28 ./Core/Startup/startup_stm32f103rctx.o
 .debug_aranges
                0x0000000000000170       0xe0 ./Drivers/STM32F1xx_HAL_Driver/Src/stm32f1xx_hal.o
 .debug_aranges
                0x0000000000000250      0x100 ./Drivers/STM32F1xx_HAL_Driver/Src/stm32f1xx_hal_cortex.o
 .debug_aranges
                0x0000000000000350       0x80 ./Drivers/STM32F1xx_HAL_Driver/Src/stm32f1xx_hal_dma.o
 .debug_aranges
                0x00000000000003d0       0x58 ./Drivers/STM32F1xx_HAL_Driver/Src/stm32f1xx_hal_gpio.o
 .debug_aranges
                0x0000000000000428      0x2a8 ./Drivers/STM32F1xx_HAL_Driver/Src/stm32f1xx_hal_i2c.o
 .debug_aranges
                0x00000000000006d0       0x90 ./Drivers/STM32F1xx_HAL_Driver/Src/stm32f1xx_hal_rcc.o
 .debug_aranges
                0x0000000000000760      0x208 ./Drivers/STM32F1xx_HAL_Driver/Src/stm32f1xx_hal_uart.o
 .debug_aranges
                0x0000000000000968      0x1d8 ./Middlewares/Third_Party/FreeRTOS/Source/CMSIS_RTOS/cmsis_os.o
 .debug_aranges
                0x0000000000000b40       0x40 ./Middlewares/Third_Party/FreeRTOS/Source/list.o
 .debug_aranges
                0x0000000000000b80      0x1a8 ./Middlewares/Third_Party/FreeRTOS/Source/tasks.o
 .debug_aranges
                0x0000000000000d28       0x78 ./Middlewares/Third_Party/FreeRTOS/Source/portable/GCC/ARM_CM3/port.o
 .debug_aranges
                0x0000000000000da0       0x50 ./Middlewares/Third_Party/FreeRTOS/Source/portable/MemMang/heap_4.o

.debug_ranges   0x0000000000000000      0xd50
 .debug_ranges  0x0000000000000000       0x10 ./Core/Src/freertos.o
 .debug_ranges  0x0000000000000010       0x88 ./Core/Src/main.o
 .debug_ranges  0x0000000000000098       0x30 ./Core/Src/stm32f1xx_hal_msp.o
 .debug_ranges  0x00000000000000c8       0x48 ./Core/Src/stm32f1xx_it.o
 .debug_ranges  0x0000000000000110       0x18 ./Core/Src/system_stm32f1xx.o
 .debug_ranges  0x0000000000000128       0x20 ./Core/Startup/startup_stm32f103rctx.o
 .debug_ranges  0x0000000000000148       0xd0 ./Drivers/STM32F1xx_HAL_Driver/Src/stm32f1xx_hal.o
 .debug_ranges  0x0000000000000218       0xf0 ./Drivers/STM32F1xx_HAL_Driver/Src/stm32f1xx_hal_cortex.o
 .debug_ranges  0x0000000000000308       0x70 ./Drivers/STM32F1xx_HAL_Driver/Src/stm32f1xx_hal_dma.o
 .debug_ranges  0x0000000000000378       0x48 ./Drivers/STM32F1xx_HAL_Driver/Src/stm32f1xx_hal_gpio.o
 .debug_ranges  0x00000000000003c0      0x2b0 ./Drivers/STM32F1xx_HAL_Driver/Src/stm32f1xx_hal_i2c.o
 .debug_ranges  0x0000000000000670       0x80 ./Drivers/STM32F1xx_HAL_Driver/Src/stm32f1xx_hal_rcc.o
 .debug_ranges  0x00000000000006f0      0x228 ./Drivers/STM32F1xx_HAL_Driver/Src/stm32f1xx_hal_uart.o
 .debug_ranges  0x0000000000000918      0x1c8 ./Middlewares/Third_Party/FreeRTOS/Source/CMSIS_RTOS/cmsis_os.o
 .debug_ranges  0x0000000000000ae0       0x30 ./Middlewares/Third_Party/FreeRTOS/Source/list.o
 .debug_ranges  0x0000000000000b10      0x198 ./Middlewares/Third_Party/FreeRTOS/Source/tasks.o
 .debug_ranges  0x0000000000000ca8       0x68 ./Middlewares/Third_Party/FreeRTOS/Source/portable/GCC/ARM_CM3/port.o
 .debug_ranges  0x0000000000000d10       0x40 ./Middlewares/Third_Party/FreeRTOS/Source/portable/MemMang/heap_4.o

.debug_macro    0x0000000000000000    0x19d6c
 .debug_macro   0x0000000000000000      0x20f ./Core/Src/freertos.o
 .debug_macro   0x000000000000020f      0xa6c ./Core/Src/freertos.o
 .debug_macro   0x0000000000000c7b      0x174 ./Core/Src/freertos.o
 .debug_macro   0x0000000000000def       0x22 ./Core/Src/freertos.o
 .debug_macro   0x0000000000000e11       0x8e ./Core/Src/freertos.o
 .debug_macro   0x0000000000000e9f       0x51 ./Core/Src/freertos.o
 .debug_macro   0x0000000000000ef0      0x103 ./Core/Src/freertos.o
 .debug_macro   0x0000000000000ff3       0x6a ./Core/Src/freertos.o
 .debug_macro   0x000000000000105d      0x1df ./Core/Src/freertos.o
 .debug_macro   0x000000000000123c       0xd0 ./Core/Src/freertos.o
 .debug_macro   0x000000000000130c      0x15a ./Core/Src/freertos.o
 .debug_macro   0x0000000000001466       0xd7 ./Core/Src/freertos.o
 .debug_macro   0x000000000000153d       0x10 ./Core/Src/freertos.o
 .debug_macro   0x000000000000154d       0x1f ./Core/Src/freertos.o
 .debug_macro   0x000000000000156c      0x4b7 ./Core/Src/freertos.o
 .debug_macro   0x0000000000001a23       0xb5 ./Core/Src/freertos.o
 .debug_macro   0x0000000000001ad8       0x8c ./Core/Src/freertos.o
 .debug_macro   0x0000000000001b64      0x21b ./Core/Src/freertos.o
 .debug_macro   0x0000000000001d7f       0x2e ./Core/Src/freertos.o
 .debug_macro   0x0000000000001dad       0x22 ./Core/Src/freertos.o
 .debug_macro   0x0000000000001dcf       0x1c ./Core/Src/freertos.o
 .debug_macro   0x0000000000001deb       0x22 ./Core/Src/freertos.o
 .debug_macro   0x0000000000001e0d       0xbd ./Core/Src/freertos.o
 .debug_macro   0x0000000000001eca      0xd23 ./Core/Src/freertos.o
 .debug_macro   0x0000000000002bed     0xfd8c ./Core/Src/freertos.o
 .debug_macro   0x0000000000012979       0x6d ./Core/Src/freertos.o
 .debug_macro   0x00000000000129e6     0x348d ./Core/Src/freertos.o
 .debug_macro   0x0000000000015e73       0x5c ./Core/Src/freertos.o
 .debug_macro   0x0000000000015ecf      0x5bc ./Core/Src/freertos.o
 .debug_macro   0x000000000001648b      0x4d5 ./Core/Src/freertos.o
 .debug_macro   0x0000000000016960      0x1cb ./Core/Src/freertos.o
 .debug_macro   0x0000000000016b2b      0x114 ./Core/Src/freertos.o
 .debug_macro   0x0000000000016c3f      0x1ea ./Core/Src/freertos.o
 .debug_macro   0x0000000000016e29       0x27 ./Core/Src/freertos.o
 .debug_macro   0x0000000000016e50      0x144 ./Core/Src/freertos.o
 .debug_macro   0x0000000000016f94      0x1bc ./Core/Src/freertos.o
 .debug_macro   0x0000000000017150       0x30 ./Core/Src/freertos.o
 .debug_macro   0x0000000000017180       0x3c ./Core/Src/freertos.o
 .debug_macro   0x00000000000171bc       0x57 ./Core/Src/freertos.o
 .debug_macro   0x0000000000017213       0x87 ./Core/Src/freertos.o
 .debug_macro   0x000000000001729a      0x24f ./Core/Src/freertos.o
 .debug_macro   0x00000000000174e9      0x287 ./Core/Src/freertos.o
 .debug_macro   0x0000000000017770      0x140 ./Core/Src/freertos.o
 .debug_macro   0x00000000000178b0      0x28e ./Core/Src/freertos.o
 .debug_macro   0x0000000000017b3e       0xb5 ./Core/Src/freertos.o
 .debug_macro   0x0000000000017bf3       0x1c ./Core/Src/freertos.o
 .debug_macro   0x0000000000017c0f      0x266 ./Core/Src/main.o
 .debug_macro   0x0000000000017e75       0xd0 ./Core/Src/main.o
 .debug_macro   0x0000000000017f45       0x91 ./Core/Src/main.o
 .debug_macro   0x0000000000017fd6       0x8d ./Core/Src/main.o
 .debug_macro   0x0000000000018063       0x7e ./Core/Src/main.o
 .debug_macro   0x00000000000180e1       0x19 ./Core/Src/main.o
 .debug_macro   0x00000000000180fa       0xf2 ./Core/Src/main.o
 .debug_macro   0x00000000000181ec      0x1a7 ./Core/Src/stm32f1xx_hal_msp.o
 .debug_macro   0x0000000000018393      0x219 ./Core/Src/stm32f1xx_it.o
 .debug_macro   0x00000000000185ac      0x198 ./Core/Src/system_stm32f1xx.o
 .debug_macro   0x0000000000018744      0x1bc ./Drivers/STM32F1xx_HAL_Driver/Src/stm32f1xx_hal.o
 .debug_macro   0x0000000000018900      0x198 ./Drivers/STM32F1xx_HAL_Driver/Src/stm32f1xx_hal_cortex.o
 .debug_macro   0x0000000000018a98      0x198 ./Drivers/STM32F1xx_HAL_Driver/Src/stm32f1xx_hal_dma.o
 .debug_macro   0x0000000000018c30      0x203 ./Drivers/STM32F1xx_HAL_Driver/Src/stm32f1xx_hal_gpio.o
 .debug_macro   0x0000000000018e33      0x1e6 ./Drivers/STM32F1xx_HAL_Driver/Src/stm32f1xx_hal_i2c.o
 .debug_macro   0x0000000000019019      0x1aa ./Drivers/STM32F1xx_HAL_Driver/Src/stm32f1xx_hal_rcc.o
 .debug_macro   0x00000000000191c3      0x199 ./Drivers/STM32F1xx_HAL_Driver/Src/stm32f1xx_hal_uart.o
 .debug_macro   0x000000000001935c      0x1fe ./Middlewares/Third_Party/FreeRTOS/Source/CMSIS_RTOS/cmsis_os.o
 .debug_macro   0x000000000001955a       0x10 ./Middlewares/Third_Party/FreeRTOS/Source/CMSIS_RTOS/cmsis_os.o
 .debug_macro   0x000000000001956a       0x20 ./Middlewares/Third_Party/FreeRTOS/Source/CMSIS_RTOS/cmsis_os.o
 .debug_macro   0x000000000001958a       0xab ./Middlewares/Third_Party/FreeRTOS/Source/CMSIS_RTOS/cmsis_os.o
 .debug_macro   0x0000000000019635      0x187 ./Middlewares/Third_Party/FreeRTOS/Source/list.o
 .debug_macro   0x00000000000197bc      0x280 ./Middlewares/Third_Party/FreeRTOS/Source/tasks.o
 .debug_macro   0x0000000000019a3c       0x10 ./Middlewares/Third_Party/FreeRTOS/Source/tasks.o
 .debug_macro   0x0000000000019a4c      0x172 ./Middlewares/Third_Party/FreeRTOS/Source/portable/GCC/ARM_CM3/port.o
 .debug_macro   0x0000000000019bbe      0x1ae ./Middlewares/Third_Party/FreeRTOS/Source/portable/MemMang/heap_4.o

.debug_line     0x0000000000000000    0x10908
 .debug_line    0x0000000000000000      0x75d ./Core/Src/freertos.o
 .debug_line    0x000000000000075d      0x9ad ./Core/Src/main.o
 .debug_line    0x000000000000110a      0x702 ./Core/Src/stm32f1xx_hal_msp.o
 .debug_line    0x000000000000180c      0x81f ./Core/Src/stm32f1xx_it.o
 .debug_line    0x000000000000202b      0x6de ./Core/Src/system_stm32f1xx.o
 .debug_line    0x0000000000002709       0x87 ./Core/Startup/startup_stm32f103rctx.o
 .debug_line    0x0000000000002790      0x90b ./Drivers/STM32F1xx_HAL_Driver/Src/stm32f1xx_hal.o
 .debug_line    0x000000000000309b      0xaf3 ./Drivers/STM32F1xx_HAL_Driver/Src/stm32f1xx_hal_cortex.o
 .debug_line    0x0000000000003b8e     0x1236 ./Drivers/STM32F1xx_HAL_Driver/Src/stm32f1xx_hal_dma.o
 .debug_line    0x0000000000004dc4      0x9cc ./Drivers/STM32F1xx_HAL_Driver/Src/stm32f1xx_hal_gpio.o
 .debug_line    0x0000000000005790     0x3a71 ./Drivers/STM32F1xx_HAL_Driver/Src/stm32f1xx_hal_i2c.o
 .debug_line    0x0000000000009201      0xd17 ./Drivers/STM32F1xx_HAL_Driver/Src/stm32f1xx_hal_rcc.o
 .debug_line    0x0000000000009f18     0x283c ./Drivers/STM32F1xx_HAL_Driver/Src/stm32f1xx_hal_uart.o
 .debug_line    0x000000000000c754     0x11cb ./Middlewares/Third_Party/FreeRTOS/Source/CMSIS_RTOS/cmsis_os.o
 .debug_line    0x000000000000d91f      0x706 ./Middlewares/Third_Party/FreeRTOS/Source/list.o
 .debug_line    0x000000000000e025     0x18c9 ./Middlewares/Third_Party/FreeRTOS/Source/tasks.o
 .debug_line    0x000000000000f8ee      0x752 ./Middlewares/Third_Party/FreeRTOS/Source/portable/GCC/ARM_CM3/port.o
 .debug_line    0x0000000000010040      0x8c8 ./Middlewares/Third_Party/FreeRTOS/Source/portable/MemMang/heap_4.o

.debug_str      0x0000000000000000    0x9a174
 .debug_str     0x0000000000000000    0x8fabe ./Core/Src/freertos.o
                                      0x8feea (size before relaxing)
 .debug_str     0x000000000008fabe     0x2db7 ./Core/Src/main.o
                                      0x92cd8 (size before relaxing)
 .debug_str     0x0000000000092875      0x3fd ./Core/Src/stm32f1xx_hal_msp.o
                                      0x8cf6c (size before relaxing)
 .debug_str     0x0000000000092c72       0xff ./Core/Src/stm32f1xx_it.o
                                      0x90286 (size before relaxing)
 .debug_str     0x0000000000092d71       0x7e ./Core/Src/system_stm32f1xx.o
                                      0x8c41d (size before relaxing)
 .debug_str     0x0000000000092def       0x36 ./Core/Startup/startup_stm32f103rctx.o
                                         0x73 (size before relaxing)
 .debug_str     0x0000000000092e25      0x384 ./Drivers/STM32F1xx_HAL_Driver/Src/stm32f1xx_hal.o
                                      0x8cc34 (size before relaxing)
 .debug_str     0x00000000000931a9      0x28b ./Drivers/STM32F1xx_HAL_Driver/Src/stm32f1xx_hal_cortex.o
                                      0x8cb80 (size before relaxing)
 .debug_str     0x0000000000093434      0x23a ./Drivers/STM32F1xx_HAL_Driver/Src/stm32f1xx_hal_dma.o
                                      0x8c7c6 (size before relaxing)
 .debug_str     0x000000000009366e      0x2e1 ./Drivers/STM32F1xx_HAL_Driver/Src/stm32f1xx_hal_gpio.o
                                      0x8c7a3 (size before relaxing)
 .debug_str     0x000000000009394f      0xba8 ./Drivers/STM32F1xx_HAL_Driver/Src/stm32f1xx_hal_i2c.o
                                      0x8d4e4 (size before relaxing)
 .debug_str     0x00000000000944f7      0x209 ./Drivers/STM32F1xx_HAL_Driver/Src/stm32f1xx_hal_rcc.o
                                      0x8c84c (size before relaxing)
 .debug_str     0x0000000000094700      0x5e5 ./Drivers/STM32F1xx_HAL_Driver/Src/stm32f1xx_hal_uart.o
                                      0x8cebd (size before relaxing)
 .debug_str     0x0000000000094ce5     0x3839 ./Middlewares/Third_Party/FreeRTOS/Source/CMSIS_RTOS/cmsis_os.o
                                       0xdcf2 (size before relaxing)
 .debug_str     0x000000000009851e      0x21b ./Middlewares/Third_Party/FreeRTOS/Source/list.o
                                       0xa304 (size before relaxing)
 .debug_str     0x0000000000098739     0x118a ./Middlewares/Third_Party/FreeRTOS/Source/tasks.o
                                       0xc5f6 (size before relaxing)
 .debug_str     0x00000000000998c3      0x66e ./Middlewares/Third_Party/FreeRTOS/Source/portable/GCC/ARM_CM3/port.o
                                       0x80a5 (size before relaxing)
 .debug_str     0x0000000000099f31      0x243 ./Middlewares/Third_Party/FreeRTOS/Source/portable/MemMang/heap_4.o
                                       0xaa51 (size before relaxing)

.comment        0x0000000000000000       0x50
 .comment       0x0000000000000000       0x50 ./Core/Src/freertos.o
                                         0x51 (size before relaxing)
 .comment       0x0000000000000050       0x51 ./Core/Src/main.o
 .comment       0x0000000000000050       0x51 ./Core/Src/stm32f1xx_hal_msp.o
 .comment       0x0000000000000050       0x51 ./Core/Src/stm32f1xx_it.o
 .comment       0x0000000000000050       0x51 ./Core/Src/system_stm32f1xx.o
 .comment       0x0000000000000050       0x51 ./Drivers/STM32F1xx_HAL_Driver/Src/stm32f1xx_hal.o
 .comment       0x0000000000000050       0x51 ./Drivers/STM32F1xx_HAL_Driver/Src/stm32f1xx_hal_cortex.o
 .comment       0x0000000000000050       0x51 ./Drivers/STM32F1xx_HAL_Driver/Src/stm32f1xx_hal_dma.o
 .comment       0x0000000000000050       0x51 ./Drivers/STM32F1xx_HAL_Driver/Src/stm32f1xx_hal_gpio.o
 .comment       0x0000000000000050       0x51 ./Drivers/STM32F1xx_HAL_Driver/Src/stm32f1xx_hal_i2c.o
 .comment       0x0000000000000050       0x51 ./Drivers/STM32F1xx_HAL_Driver/Src/stm32f1xx_hal_rcc.o
 .comment       0x0000000000000050       0x51 ./Drivers/STM32F1xx_HAL_Driver/Src/stm32f1xx_hal_uart.o
 .comment       0x0000000000000050       0x51 ./Middlewares/Third_Party/FreeRTOS/Source/CMSIS_RTOS/cmsis_os.o
 .comment       0x0000000000000050       0x51 ./Middlewares/Third_Party/FreeRTOS/Source/list.o
 .comment       0x0000000000000050       0x51 ./Middlewares/Third_Party/FreeRTOS/Source/tasks.o
 .comment       0x0000000000000050       0x51 ./Middlewares/Third_Party/FreeRTOS/Source/portable/GCC/ARM_CM3/port.o
 .comment       0x0000000000000050       0x51 ./Middlewares/Third_Party/FreeRTOS/Source/portable/MemMang/heap_4.o

.debug_frame    0x0000000000000000     0x3948
 .debug_frame   0x0000000000000000       0x38 ./Core/Src/freertos.o
 .debug_frame   0x0000000000000038      0x150 ./Core/Src/main.o
 .debug_frame   0x0000000000000188       0xc4 ./Core/Src/stm32f1xx_hal_msp.o
 .debug_frame   0x000000000000024c       0xe0 ./Core/Src/stm32f1xx_it.o
 .debug_frame   0x000000000000032c       0x58 ./Core/Src/system_stm32f1xx.o
 .debug_frame   0x0000000000000384      0x334 ./Drivers/STM32F1xx_HAL_Driver/Src/stm32f1xx_hal.o
 .debug_frame   0x00000000000006b8      0x428 ./Drivers/STM32F1xx_HAL_Driver/Src/stm32f1xx_hal_cortex.o
 .debug_frame   0x0000000000000ae0      0x20c ./Drivers/STM32F1xx_HAL_Driver/Src/stm32f1xx_hal_dma.o
 .debug_frame   0x0000000000000cec      0x14c ./Drivers/STM32F1xx_HAL_Driver/Src/stm32f1xx_hal_gpio.o
 .debug_frame   0x0000000000000e38      0xc84 ./Drivers/STM32F1xx_HAL_Driver/Src/stm32f1xx_hal_i2c.o
 .debug_frame   0x0000000000001abc      0x218 ./Drivers/STM32F1xx_HAL_Driver/Src/stm32f1xx_hal_rcc.o
 .debug_frame   0x0000000000001cd4      0x944 ./Drivers/STM32F1xx_HAL_Driver/Src/stm32f1xx_hal_uart.o
 .debug_frame   0x0000000000002618      0x80c ./Middlewares/Third_Party/FreeRTOS/Source/CMSIS_RTOS/cmsis_os.o
 .debug_frame   0x0000000000002e24       0xd8 ./Middlewares/Third_Party/FreeRTOS/Source/list.o
 .debug_frame   0x0000000000002efc      0x734 ./Middlewares/Third_Party/FreeRTOS/Source/tasks.o
 .debug_frame   0x0000000000003630      0x198 ./Middlewares/Third_Party/FreeRTOS/Source/portable/GCC/ARM_CM3/port.o
 .debug_frame   0x00000000000037c8      0x108 ./Middlewares/Third_Party/FreeRTOS/Source/portable/MemMang/heap_4.o
 .debug_frame   0x00000000000038d0       0x2c c:/st/stm32cubeide_1.12.1/stm32cubeide/plugins/com.st.stm32cube.ide.mcu.externaltools.gnu-tools-for-stm32.10.3-2021.10.win32_1.0.200.202301161003/tools/bin/../lib/gcc/arm-none-eabi/10.3.1/../../../../arm-none-eabi/lib/thumb/v7-m/nofp\libc_nano.a(lib_a-init.o)
 .debug_frame   0x00000000000038fc       0x20 c:/st/stm32cubeide_1.12.1/stm32cubeide/plugins/com.st.stm32cube.ide.mcu.externaltools.gnu-tools-for-stm32.10.3-2021.10.win32_1.0.200.202301161003/tools/bin/../lib/gcc/arm-none-eabi/10.3.1/../../../../arm-none-eabi/lib/thumb/v7-m/nofp\libc_nano.a(lib_a-memset.o)
 .debug_frame   0x000000000000391c       0x2c c:/st/stm32cubeide_1.12.1/stm32cubeide/plugins/com.st.stm32cube.ide.mcu.externaltools.gnu-tools-for-stm32.10.3-2021.10.win32_1.0.200.202301161003/tools/bin/../lib/gcc/arm-none-eabi/10.3.1/../../../../arm-none-eabi/lib/thumb/v7-m/nofp\libc_nano.a(lib_a-strstr.o)
