Archive member included to satisfy reference by file (symbol)

c:/st/stm32cubeide_1.12.0/stm32cubeide/plugins/com.st.stm32cube.ide.mcu.externaltools.gnu-tools-for-stm32.10.3-2021.10.win32_1.0.200.202301161003/tools/bin/../lib/gcc/arm-none-eabi/10.3.1/../../../../arm-none-eabi/lib/thumb/v7-m/nofp\libc_nano.a(lib_a-errno.o)
                              ./Core/Src/syscalls.o (__errno)
c:/st/stm32cubeide_1.12.0/stm32cubeide/plugins/com.st.stm32cube.ide.mcu.externaltools.gnu-tools-for-stm32.10.3-2021.10.win32_1.0.200.202301161003/tools/bin/../lib/gcc/arm-none-eabi/10.3.1/../../../../arm-none-eabi/lib/thumb/v7-m/nofp\libc_nano.a(lib_a-exit.o)
                              c:/st/stm32cubeide_1.12.0/stm32cubeide/plugins/com.st.stm32cube.ide.mcu.externaltools.gnu-tools-for-stm32.10.3-2021.10.win32_1.0.200.202301161003/tools/bin/../lib/gcc/arm-none-eabi/10.3.1/../../../../arm-none-eabi/lib/thumb/v7-m/nofp/crt0.o (exit)
c:/st/stm32cubeide_1.12.0/stm32cubeide/plugins/com.st.stm32cube.ide.mcu.externaltools.gnu-tools-for-stm32.10.3-2021.10.win32_1.0.200.202301161003/tools/bin/../lib/gcc/arm-none-eabi/10.3.1/../../../../arm-none-eabi/lib/thumb/v7-m/nofp\libc_nano.a(lib_a-impure.o)
                              c:/st/stm32cubeide_1.12.0/stm32cubeide/plugins/com.st.stm32cube.ide.mcu.externaltools.gnu-tools-for-stm32.10.3-2021.10.win32_1.0.200.202301161003/tools/bin/../lib/gcc/arm-none-eabi/10.3.1/../../../../arm-none-eabi/lib/thumb/v7-m/nofp\libc_nano.a(lib_a-exit.o) (_global_impure_ptr)
c:/st/stm32cubeide_1.12.0/stm32cubeide/plugins/com.st.stm32cube.ide.mcu.externaltools.gnu-tools-for-stm32.10.3-2021.10.win32_1.0.200.202301161003/tools/bin/../lib/gcc/arm-none-eabi/10.3.1/../../../../arm-none-eabi/lib/thumb/v7-m/nofp\libc_nano.a(lib_a-init.o)
                              c:/st/stm32cubeide_1.12.0/stm32cubeide/plugins/com.st.stm32cube.ide.mcu.externaltools.gnu-tools-for-stm32.10.3-2021.10.win32_1.0.200.202301161003/tools/bin/../lib/gcc/arm-none-eabi/10.3.1/../../../../arm-none-eabi/lib/thumb/v7-m/nofp/crt0.o (__libc_init_array)
c:/st/stm32cubeide_1.12.0/stm32cubeide/plugins/com.st.stm32cube.ide.mcu.externaltools.gnu-tools-for-stm32.10.3-2021.10.win32_1.0.200.202301161003/tools/bin/../lib/gcc/arm-none-eabi/10.3.1/../../../../arm-none-eabi/lib/thumb/v7-m/nofp\libc_nano.a(lib_a-itoa.o)
                              ./Core/Src/main.o (itoa)
c:/st/stm32cubeide_1.12.0/stm32cubeide/plugins/com.st.stm32cube.ide.mcu.externaltools.gnu-tools-for-stm32.10.3-2021.10.win32_1.0.200.202301161003/tools/bin/../lib/gcc/arm-none-eabi/10.3.1/../../../../arm-none-eabi/lib/thumb/v7-m/nofp\libc_nano.a(lib_a-memcpy-stub.o)
                              ./Middlewares/Third_Party/FreeRTOS/Source/queue.o (memcpy)
c:/st/stm32cubeide_1.12.0/stm32cubeide/plugins/com.st.stm32cube.ide.mcu.externaltools.gnu-tools-for-stm32.10.3-2021.10.win32_1.0.200.202301161003/tools/bin/../lib/gcc/arm-none-eabi/10.3.1/../../../../arm-none-eabi/lib/thumb/v7-m/nofp\libc_nano.a(lib_a-memset.o)
                              c:/st/stm32cubeide_1.12.0/stm32cubeide/plugins/com.st.stm32cube.ide.mcu.externaltools.gnu-tools-for-stm32.10.3-2021.10.win32_1.0.200.202301161003/tools/bin/../lib/gcc/arm-none-eabi/10.3.1/../../../../arm-none-eabi/lib/thumb/v7-m/nofp/crt0.o (memset)
c:/st/stm32cubeide_1.12.0/stm32cubeide/plugins/com.st.stm32cube.ide.mcu.externaltools.gnu-tools-for-stm32.10.3-2021.10.win32_1.0.200.202301161003/tools/bin/../lib/gcc/arm-none-eabi/10.3.1/../../../../arm-none-eabi/lib/thumb/v7-m/nofp\libc_nano.a(lib_a-sprintf.o)
                              ./Core/Src/main.o (sprintf)
c:/st/stm32cubeide_1.12.0/stm32cubeide/plugins/com.st.stm32cube.ide.mcu.externaltools.gnu-tools-for-stm32.10.3-2021.10.win32_1.0.200.202301161003/tools/bin/../lib/gcc/arm-none-eabi/10.3.1/../../../../arm-none-eabi/lib/thumb/v7-m/nofp\libc_nano.a(lib_a-strlen.o)
                              ./Core/Src/main.o (strlen)
c:/st/stm32cubeide_1.12.0/stm32cubeide/plugins/com.st.stm32cube.ide.mcu.externaltools.gnu-tools-for-stm32.10.3-2021.10.win32_1.0.200.202301161003/tools/bin/../lib/gcc/arm-none-eabi/10.3.1/../../../../arm-none-eabi/lib/thumb/v7-m/nofp\libc_nano.a(lib_a-utoa.o)
                              c:/st/stm32cubeide_1.12.0/stm32cubeide/plugins/com.st.stm32cube.ide.mcu.externaltools.gnu-tools-for-stm32.10.3-2021.10.win32_1.0.200.202301161003/tools/bin/../lib/gcc/arm-none-eabi/10.3.1/../../../../arm-none-eabi/lib/thumb/v7-m/nofp\libc_nano.a(lib_a-itoa.o) (__utoa)
c:/st/stm32cubeide_1.12.0/stm32cubeide/plugins/com.st.stm32cube.ide.mcu.externaltools.gnu-tools-for-stm32.10.3-2021.10.win32_1.0.200.202301161003/tools/bin/../lib/gcc/arm-none-eabi/10.3.1/../../../../arm-none-eabi/lib/thumb/v7-m/nofp\libc_nano.a(lib_a-nano-svfprintf.o)
[...]
Memory Configuration

Name             Origin             Length             Attributes
RAM              0x0000000020000000 0x000000000000c000 xrw
FLASH            0x0000000008000000 0x0000000000040000 xr
*default*        0x0000000000000000 0xffffffffffffffff

Linker script and memory map

LOAD c:/st/stm32cubeide_1.12.0/stm32cubeide/plugins/com.st.stm32cube.ide.mcu.externaltools.gnu-tools-for-stm32.10.3-2021.10.win32_1.0.200.202301161003/tools/bin/../lib/gcc/arm-none-eabi/10.3.1/thumb/v7-m/nofp/crti.o
LOAD c:/st/stm32cubeide_1.12.0/stm32cubeide/plugins/com.st.stm32cube.ide.mcu.externaltools.gnu-tools-for-stm32.10.3-2021.10.win32_1.0.200.202301161003/tools/bin/../lib/gcc/arm-none-eabi/10.3.1/thumb/v7-m/nofp/crtbegin.o
LOAD c:/st/stm32cubeide_1.12.0/stm32cubeide/plugins/com.st.stm32cube.ide.mcu.externaltools.gnu-tools-for-stm32.10.3-2021.10.win32_1.0.200.202301161003/tools/bin/../lib/gcc/arm-none-eabi/10.3.1/../../../../arm-none-eabi/lib/thumb/v7-m/nofp/crt0.o
LOAD ./Core/Src/freertos.o
LOAD ./Core/Src/i2c-lcd.o
LOAD ./Core/Src/main.o
LOAD ./Core/Src/stm32f1xx_hal_msp.o
LOAD ./Core/Src/stm32f1xx_it.o
LOAD ./Core/Src/syscalls.o
LOAD ./Core/Src/sysmem.o
LOAD ./Core/Src/system_stm32f1xx.o
LOAD ./Core/Startup/startup_stm32f103rctx.o
LOAD ./Drivers/STM32F1xx_HAL_Driver/Src/stm32f1xx_hal.o
LOAD ./Drivers/STM32F1xx_HAL_Driver/Src/stm32f1xx_hal_can.o
LOAD ./Drivers/STM32F1xx_HAL_Driver/Src/stm32f1xx_hal_cortex.o
LOAD ./Drivers/STM32F1xx_HAL_Driver/Src/stm32f1xx_hal_dma.o
LOAD ./Drivers/STM32F1xx_HAL_Driver/Src/stm32f1xx_hal_exti.o
LOAD ./Drivers/STM32F1xx_HAL_Driver/Src/stm32f1xx_hal_flash.o
LOAD ./Drivers/STM32F1xx_HAL_Driver/Src/stm32f1xx_hal_flash_ex.o
LOAD ./Drivers/STM32F1xx_HAL_Driver/Src/stm32f1xx_hal_gpio.o
LOAD ./Drivers/STM32F1xx_HAL_Driver/Src/stm32f1xx_hal_gpio_ex.o
LOAD ./Drivers/STM32F1xx_HAL_Driver/Src/stm32f1xx_hal_i2c.o
LOAD ./Drivers/STM32F1xx_HAL_Driver/Src/stm32f1xx_hal_pwr.o
LOAD ./Drivers/STM32F1xx_HAL_Driver/Src/stm32f1xx_hal_rcc.o
LOAD ./Drivers/STM32F1xx_HAL_Driver/Src/stm32f1xx_hal_rcc_ex.o
LOAD ./Drivers/STM32F1xx_HAL_Driver/Src/stm32f1xx_hal_tim.o
LOAD ./Drivers/STM32F1xx_HAL_Driver/Src/stm32f1xx_hal_tim_ex.o
LOAD ./Drivers/STM32F1xx_HAL_Driver/Src/stm32f1xx_hal_uart.o
LOAD ./Middlewares/Third_Party/FreeRTOS/Source/CMSIS_RTOS/cmsis_os.o
LOAD ./Middlewares/Third_Party/FreeRTOS/Source/croutine.o
LOAD ./Middlewares/Third_Party/FreeRTOS/Source/event_groups.o
LOAD ./Middlewares/Third_Party/FreeRTOS/Source/list.o
LOAD ./Middlewares/Third_Party/FreeRTOS/Source/queue.o
LOAD ./Middlewares/Third_Party/FreeRTOS/Source/stream_buffer.o
LOAD ./Middlewares/Third_Party/FreeRTOS/Source/tasks.o
LOAD ./Middlewares/Third_Party/FreeRTOS/Source/timers.o
LOAD ./Middlewares/Third_Party/FreeRTOS/Source/portable/GCC/ARM_CM3/port.o
LOAD ./Middlewares/Third_Party/FreeRTOS/Source/portable/MemMang/heap_4.o
START GROUP
LOAD c:/st/stm32cubeide_1.12.0/stm32cubeide/plugins/com.st.stm32cube.ide.mcu.externaltools.gnu-tools-for-stm32.10.3-2021.10.win32_1.0.200.202301161003/tools/bin/../lib/gcc/arm-none-eabi/10.3.1/../../../../arm-none-eabi/lib/thumb/v7-m/nofp\libc_nano.a
LOAD c:/st/stm32cubeide_1.12.0/stm32cubeide/plugins/com.st.stm32cube.ide.mcu.externaltools.gnu-tools-for-stm32.10.3-2021.10.win32_1.0.200.202301161003/tools/bin/../lib/gcc/arm-none-eabi/10.3.1/../../../../arm-none-eabi/lib/thumb/v7-m/nofp\libm.a
END GROUP
START GROUP
LOAD c:/st/stm32cubeide_1.12.0/stm32cubeide/plugins/com.st.stm32cube.ide.mcu.externaltools.gnu-tools-for-stm32.10.3-2021.10.win32_1.0.200.202301161003/tools/bin/../lib/gcc/arm-none-eabi/10.3.1/thumb/v7-m/nofp\libgcc.a
LOAD c:/st/stm32cubeide_1.12.0/stm32cubeide/plugins/com.st.stm32cube.ide.mcu.externaltools.gnu-tools-for-stm32.10.3-2021.10.win32_1.0.200.202301161003/tools/bin/../lib/gcc/arm-none-eabi/10.3.1/../../../../arm-none-eabi/lib/thumb/v7-m/nofp\libc_nano.a
END GROUP
START GROUP
LOAD c:/st/stm32cubeide_1.12.0/stm32cubeide/plugins/com.st.stm32cube.ide.mcu.externaltools.gnu-tools-for-stm32.10.3-2021.10.win32_1.0.200.202301161003/tools/bin/../lib/gcc/arm-none-eabi/10.3.1/thumb/v7-m/nofp\libgcc.a
LOAD c:/st/stm32cubeide_1.12.0/stm32cubeide/plugins/com.st.stm32cube.ide.mcu.externaltools.gnu-tools-for-stm32.10.3-2021.10.win32_1.0.200.202301161003/tools/bin/../lib/gcc/arm-none-eabi/10.3.1/../../../../arm-none-eabi/lib/thumb/v7-m/nofp\libc_nano.a
LOAD c:/st/stm32cubeide_1.12.0/stm32cubeide/plugins/com.st.stm32cube.ide.mcu.externaltools.gnu-tools-for-stm32.10.3-2021.10.win32_1.0.200.202301161003/tools/bin/../lib/gcc/arm-none-eabi/10.3.1/../../../../arm-none-eabi/lib/thumb/v7-m/nofp\libnosys.a
END GROUP
START GROUP
LOAD c:/st/stm32cubeide_1.12.0/stm32cubeide/plugins/com.st.stm32cube.ide.mcu.externaltools.gnu-tools-for-stm32.10.3-2021.10.win32_1.0.200.202301161003/tools/bin/../lib/gcc/arm-none-eabi/10.3.1/thumb/v7-m/nofp\libgcc.a
LOAD c:/st/stm32cubeide_1.12.0/stm32cubeide/plugins/com.st.stm32cube.ide.mcu.externaltools.gnu-tools-for-stm32.10.3-2021.10.win32_1.0.200.202301161003/tools/bin/../lib/gcc/arm-none-eabi/10.3.1/../../../../arm-none-eabi/lib/thumb/v7-m/nofp\libc_nano.a
LOAD c:/st/stm32cubeide_1.12.0/stm32cubeide/plugins/com.st.stm32cube.ide.mcu.externaltools.gnu-tools-for-stm32.10.3-2021.10.win32_1.0.200.202301161003/tools/bin/../lib/gcc/arm-none-eabi/10.3.1/../../../../arm-none-eabi/lib/thumb/v7-m/nofp\libnosys.a
END GROUP
LOAD c:/st/stm32cubeide_1.12.0/stm32cubeide/plugins/com.st.stm32cube.ide.mcu.externaltools.gnu-tools-for-stm32.10.3-2021.10.win32_1.0.200.202301161003/tools/bin/../lib/gcc/arm-none-eabi/10.3.1/thumb/v7-m/nofp/crtend.o
LOAD c:/st/stm32cubeide_1.12.0/stm32cubeide/plugins/com.st.stm32cube.ide.mcu.externaltools.gnu-tools-for-stm32.10.3-2021.10.win32_1.0.200.202301161003/tools/bin/../lib/gcc/arm-none-eabi/10.3.1/thumb/v7-m/nofp/crtn.o
                0x000000002000c000                _estack = (ORIGIN (RAM) + LENGTH (RAM))
                0x0000000000000200                _Min_Heap_Size = 0x200
                0x0000000000000400                _Min_Stack_Size = 0x400

.isr_vector     0x0000000008000000      0x1e4
                0x0000000008000000                . = ALIGN (0x4)
 *(.isr_vector)
 .isr_vector    0x0000000008000000      0x1e4 ./Core/Startup/startup_stm32f103rctx.o
                0x0000000008000000                g_pfnVectors
                0x00000000080001e4                . = ALIGN (0x4)

.text           0x00000000080001f0     0x5090
                0x00000000080001f0                . = ALIGN (0x4)
 *(.text)
 .text          0x00000000080001f0       0x40 c:/st/stm32cubeide_1.12.0/stm32cubeide/plugins/com.st.stm32cube.ide.mcu.externaltools.gnu-tools-for-stm32.10.3-2021.10.win32_1.0.200.202301161003/tools/bin/../lib/gcc/arm-none-eabi/10.3.1/thumb/v7-m/nofp/crtbegin.o
 *(.text*)
 .text.vApplicationGetIdleTaskMemory
                0x0000000008000230       0x30 ./Core/Src/freertos.o
                0x0000000008000230                vApplicationGetIdleTaskMemory
 .text.lcd_send_cmd
                0x0000000008000260       0x7c ./Core/Src/i2c-lcd.o
                0x0000000008000260                lcd_send_cmd
 .text.lcd_send_data
                0x00000000080002dc       0x7c ./Core/Src/i2c-lcd.o
                0x00000000080002dc                lcd_send_data
 .text.lcd_send_string
                0x0000000008000358       0x2a ./Core/Src/i2c-lcd.o
                0x0000000008000358                lcd_send_string
 .text.lcd_init
                0x0000000008000382       0x20 ./Core/Src/i2c-lcd.o
                0x0000000008000382                lcd_init
 .text.lcd_gotoxy
                0x00000000080003a2       0x3e ./Core/Src/i2c-lcd.o
                0x00000000080003a2                lcd_gotoxy
 .text.lcd_print
                0x00000000080003e0       0x2a ./Core/Src/i2c-lcd.o
                0x00000000080003e0                lcd_print
 *fill*         0x000000000800040a        0x2 
 .text.i2cTest  0x000000000800040c      0x15c ./Core/Src/main.o
                0x000000000800040c                i2cTest
 .text.HAL_TIM_PeriodElapsedCallback
                0x0000000008000568       0x20 ./Core/Src/main.o
                0x0000000008000568                HAL_TIM_PeriodElapsedCallback
 .text.main     0x0000000008000588      0x360 ./Core/Src/main.o
                0x0000000008000588                main
 .text.WiFi_Init
                0x00000000080008e8       0x5c ./Core/Src/main.o
                0x00000000080008e8                WiFi_Init
 .text.SystemClock_Config
                0x0000000008000944       0x8a ./Core/Src/main.o
                0x0000000008000944                SystemClock_Config
 *fill*         0x00000000080009ce        0x2 
 .text.MX_CAN_Init
                0x00000000080009d0       0x68 ./Core/Src/main.o
 .text.MX_I2C1_Init
                0x0000000008000a38       0x5c ./Core/Src/main.o
 .text.MX_TIM1_Init
                0x0000000008000a94       0xa4 ./Core/Src/main.o
 .text.MX_USART1_UART_Init
                0x0000000008000b38       0x54 ./Core/Src/main.o
 .text.MX_GPIO_Init
                0x0000000008000b8c      0x150 ./Core/Src/main.o
 .text.StartDefaultTask
                0x0000000008000cdc       0x10 ./Core/Src/main.o
                0x0000000008000cdc                StartDefaultTask
 .text.Error_Handler
                0x0000000008000cec        0xc ./Core/Src/main.o
                0x0000000008000cec                Error_Handler
 .text.HAL_MspInit
                0x0000000008000cf8       0x70 ./Core/Src/stm32f1xx_hal_msp.o
                0x0000000008000cf8                HAL_MspInit
 .text.HAL_CAN_MspInit
                0x0000000008000d68       0x98 ./Core/Src/stm32f1xx_hal_msp.o
                0x0000000008000d68                HAL_CAN_MspInit
 .text.HAL_I2C_MspInit
                0x0000000008000e00       0xa0 ./Core/Src/stm32f1xx_hal_msp.o
                0x0000000008000e00                HAL_I2C_MspInit
 .text.HAL_I2C_MspDeInit
                0x0000000008000ea0       0x48 ./Core/Src/stm32f1xx_hal_msp.o
                0x0000000008000ea0                HAL_I2C_MspDeInit
 .text.HAL_TIM_Base_MspInit
                0x0000000008000ee8       0x4c ./Core/Src/stm32f1xx_hal_msp.o
                0x0000000008000ee8                HAL_TIM_Base_MspInit
 .text.HAL_UART_MspInit
                0x0000000008000f34       0x98 ./Core/Src/stm32f1xx_hal_msp.o
                0x0000000008000f34                HAL_UART_MspInit
 .text.NMI_Handler
                0x0000000008000fcc        0x6 ./Core/Src/stm32f1xx_it.o
                0x0000000008000fcc                NMI_Handler
 .text.HardFault_Handler
                0x0000000008000fd2        0x6 ./Core/Src/stm32f1xx_it.o
                0x0000000008000fd2                HardFault_Handler
 .text.MemManage_Handler
                0x0000000008000fd8        0x6 ./Core/Src/stm32f1xx_it.o
                0x0000000008000fd8                MemManage_Handler
 .text.BusFault_Handler
                0x0000000008000fde        0x6 ./Core/Src/stm32f1xx_it.o
                0x0000000008000fde                BusFault_Handler
 .text.UsageFault_Handler
                0x0000000008000fe4        0x6 ./Core/Src/stm32f1xx_it.o
                0x0000000008000fe4                UsageFault_Handler
 .text.DebugMon_Handler
                0x0000000008000fea        0xc ./Core/Src/stm32f1xx_it.o
                0x0000000008000fea                DebugMon_Handler
 .text.SysTick_Handler
                0x0000000008000ff6       0x1a ./Core/Src/stm32f1xx_it.o
                0x0000000008000ff6                SysTick_Handler
 .text.TIM1_UP_IRQHandler
                0x0000000008001010       0x14 ./Core/Src/stm32f1xx_it.o
                0x0000000008001010                TIM1_UP_IRQHandler
 .text.SystemInit
                0x0000000008001024        0xc ./Core/Src/system_stm32f1xx.o
                0x0000000008001024                SystemInit
 .text.Reset_Handler
                0x0000000008001030       0x48 ./Core/Startup/startup_stm32f103rctx.o
                0x0000000008001030                Reset_Handler
 .text.Default_Handler
                0x0000000008001078        0x2 ./Core/Startup/startup_stm32f103rctx.o
                0x0000000008001078                RTC_Alarm_IRQHandler
                0x0000000008001078                EXTI2_IRQHandler
                0x0000000008001078                TIM8_TRG_COM_IRQHandler
                0x0000000008001078                TIM8_CC_IRQHandler
                0x0000000008001078                TIM1_CC_IRQHandler
                0x0000000008001078                TIM6_IRQHandler
                0x0000000008001078                PVD_IRQHandler
                0x0000000008001078                SDIO_IRQHandler
                0x0000000008001078                EXTI3_IRQHandler
                0x0000000008001078                EXTI0_IRQHandler
                0x0000000008001078                I2C2_EV_IRQHandler
                0x0000000008001078                ADC1_2_IRQHandler
                0x0000000008001078                SPI1_IRQHandler
                0x0000000008001078                TAMPER_IRQHandler
                0x0000000008001078                TIM8_UP_IRQHandler
                0x0000000008001078                DMA2_Channel2_IRQHandler
                0x0000000008001078                DMA1_Channel4_IRQHandler
                0x0000000008001078                USART3_IRQHandler
                0x0000000008001078                RTC_IRQHandler
                0x0000000008001078                DMA1_Channel7_IRQHandler
                0x0000000008001078                CAN1_RX1_IRQHandler
                0x0000000008001078                UART5_IRQHandler
                0x0000000008001078                ADC3_IRQHandler
                0x0000000008001078                TIM4_IRQHandler
                0x0000000008001078                DMA2_Channel1_IRQHandler
                0x0000000008001078                I2C1_EV_IRQHandler
                0x0000000008001078                DMA1_Channel6_IRQHandler
                0x0000000008001078                UART4_IRQHandler
                0x0000000008001078                TIM3_IRQHandler
                0x0000000008001078                RCC_IRQHandler
                0x0000000008001078                TIM1_TRG_COM_IRQHandler
                0x0000000008001078                DMA1_Channel1_IRQHandler
                0x0000000008001078                Default_Handler
                0x0000000008001078                EXTI15_10_IRQHandler
                0x0000000008001078                TIM7_IRQHandler
                0x0000000008001078                TIM5_IRQHandler
                0x0000000008001078                EXTI9_5_IRQHandler
                0x0000000008001078                SPI2_IRQHandler
                0x0000000008001078                DMA1_Channel5_IRQHandler
                0x0000000008001078                EXTI4_IRQHandler
                0x0000000008001078                USB_LP_CAN1_RX0_IRQHandler
                0x0000000008001078                USB_HP_CAN1_TX_IRQHandler
                0x0000000008001078                DMA1_Channel3_IRQHandler
                0x0000000008001078                FSMC_IRQHandler
                0x0000000008001078                WWDG_IRQHandler
                0x0000000008001078                TIM2_IRQHandler
                0x0000000008001078                TIM1_BRK_IRQHandler
                0x0000000008001078                EXTI1_IRQHandler
                0x0000000008001078                DMA2_Channel4_5_IRQHandler
                0x0000000008001078                USART2_IRQHandler
                0x0000000008001078                I2C2_ER_IRQHandler
                0x0000000008001078                DMA1_Channel2_IRQHandler
                0x0000000008001078                TIM8_BRK_IRQHandler
                0x0000000008001078                CAN1_SCE_IRQHandler
                0x0000000008001078                FLASH_IRQHandler
                0x0000000008001078                USART1_IRQHandler
                0x0000000008001078                SPI3_IRQHandler
                0x0000000008001078                I2C1_ER_IRQHandler
                0x0000000008001078                USBWakeUp_IRQHandler
                0x0000000008001078                DMA2_Channel3_IRQHandler
 *fill*         0x000000000800107a        0x2 
 .text.HAL_Init
                0x000000000800107c       0x2c ./Drivers/STM32F1xx_HAL_Driver/Src/stm32f1xx_hal.o
                0x000000000800107c                HAL_Init
 .text.HAL_InitTick
                0x00000000080010a8       0x60 ./Drivers/STM32F1xx_HAL_Driver/Src/stm32f1xx_hal.o
                0x00000000080010a8                HAL_InitTick
 .text.HAL_IncTick
                0x0000000008001108       0x24 ./Drivers/STM32F1xx_HAL_Driver/Src/stm32f1xx_hal.o
                0x0000000008001108                HAL_IncTick
 .text.HAL_GetTick
                0x000000000800112c       0x14 ./Drivers/STM32F1xx_HAL_Driver/Src/stm32f1xx_hal.o
                0x000000000800112c                HAL_GetTick
 .text.HAL_Delay
                0x0000000008001140       0x48 ./Drivers/STM32F1xx_HAL_Driver/Src/stm32f1xx_hal.o
                0x0000000008001140                HAL_Delay
 .text.HAL_CAN_Init
                0x0000000008001188      0x1f6 ./Drivers/STM32F1xx_HAL_Driver/Src/stm32f1xx_hal_can.o
                0x0000000008001188                HAL_CAN_Init
 *fill*         0x000000000800137e        0x2 
 .text.__NVIC_SetPriorityGrouping
                0x0000000008001380       0x48 ./Drivers/STM32F1xx_HAL_Driver/Src/stm32f1xx_hal_cortex.o
 .text.__NVIC_GetPriorityGrouping
                0x00000000080013c8       0x1c ./Drivers/STM32F1xx_HAL_Driver/Src/stm32f1xx_hal_cortex.o
 .text.__NVIC_EnableIRQ
                0x00000000080013e4       0x38 ./Drivers/STM32F1xx_HAL_Driver/Src/stm32f1xx_hal_cortex.o
 .text.__NVIC_SetPriority
                0x000000000800141c       0x54 ./Drivers/STM32F1xx_HAL_Driver/Src/stm32f1xx_hal_cortex.o
 .text.NVIC_EncodePriority
                0x0000000008001470       0x64 ./Drivers/STM32F1xx_HAL_Driver/Src/stm32f1xx_hal_cortex.o
 .text.SysTick_Config
                0x00000000080014d4       0x44 ./Drivers/STM32F1xx_HAL_Driver/Src/stm32f1xx_hal_cortex.o
 .text.HAL_NVIC_SetPriorityGrouping
                0x0000000008001518       0x16 ./Drivers/STM32F1xx_HAL_Driver/Src/stm32f1xx_hal_cortex.o
                0x0000000008001518                HAL_NVIC_SetPriorityGrouping
 .text.HAL_NVIC_SetPriority
                0x000000000800152e       0x38 ./Drivers/STM32F1xx_HAL_Driver/Src/stm32f1xx_hal_cortex.o
                0x000000000800152e                HAL_NVIC_SetPriority
 .text.HAL_NVIC_EnableIRQ
                0x0000000008001566       0x1c ./Drivers/STM32F1xx_HAL_Driver/Src/stm32f1xx_hal_cortex.o
                0x0000000008001566                HAL_NVIC_EnableIRQ
 .text.HAL_SYSTICK_Config
                0x0000000008001582       0x18 ./Drivers/STM32F1xx_HAL_Driver/Src/stm32f1xx_hal_cortex.o
                0x0000000008001582                HAL_SYSTICK_Config
 *fill*         0x000000000800159a        0x2 
 .text.HAL_GPIO_Init
                0x000000000800159c      0x328 ./Drivers/STM32F1xx_HAL_Driver/Src/stm32f1xx_hal_gpio.o
                0x000000000800159c                HAL_GPIO_Init
 .text.HAL_GPIO_DeInit
                0x00000000080018c4      0x198 ./Drivers/STM32F1xx_HAL_Driver/Src/stm32f1xx_hal_gpio.o
                0x00000000080018c4                HAL_GPIO_DeInit
 .text.HAL_GPIO_ReadPin
                0x0000000008001a5c       0x2e ./Drivers/STM32F1xx_HAL_Driver/Src/stm32f1xx_hal_gpio.o
                0x0000000008001a5c                HAL_GPIO_ReadPin
 .text.HAL_GPIO_WritePin
                0x0000000008001a8a       0x30 ./Drivers/STM32F1xx_HAL_Driver/Src/stm32f1xx_hal_gpio.o
                0x0000000008001a8a                HAL_GPIO_WritePin
 *fill*         0x0000000008001aba        0x2 
 .text.HAL_I2C_Init
                0x0000000008001abc      0x288 ./Drivers/STM32F1xx_HAL_Driver/Src/stm32f1xx_hal_i2c.o
                0x0000000008001abc                HAL_I2C_Init
 .text.HAL_I2C_DeInit
                0x0000000008001d44       0x5e ./Drivers/STM32F1xx_HAL_Driver/Src/stm32f1xx_hal_i2c.o
                0x0000000008001d44                HAL_I2C_DeInit
 *fill*         0x0000000008001da2        0x2 
 .text.HAL_I2C_Master_Transmit
                0x0000000008001da4      0x1fc ./Drivers/STM32F1xx_HAL_Driver/Src/stm32f1xx_hal_i2c.o
                0x0000000008001da4                HAL_I2C_Master_Transmit
 .text.HAL_I2C_Mem_Read
                0x0000000008001fa0      0x4d0 ./Drivers/STM32F1xx_HAL_Driver/Src/stm32f1xx_hal_i2c.o
                0x0000000008001fa0                HAL_I2C_Mem_Read
 .text.HAL_I2C_GetState
                0x0000000008002470       0x1a ./Drivers/STM32F1xx_HAL_Driver/Src/stm32f1xx_hal_i2c.o
                0x0000000008002470                HAL_I2C_GetState
 .text.HAL_I2C_GetError
                0x000000000800248a       0x16 ./Drivers/STM32F1xx_HAL_Driver/Src/stm32f1xx_hal_i2c.o
                0x000000000800248a                HAL_I2C_GetError
 .text.I2C_MasterRequestWrite
                0x00000000080024a0      0x104 ./Drivers/STM32F1xx_HAL_Driver/Src/stm32f1xx_hal_i2c.o
 .text.I2C_RequestMemoryRead
                0x00000000080025a4      0x1d0 ./Drivers/STM32F1xx_HAL_Driver/Src/stm32f1xx_hal_i2c.o
 .text.I2C_WaitOnFlagUntilTimeout
                0x0000000008002774       0xf4 ./Drivers/STM32F1xx_HAL_Driver/Src/stm32f1xx_hal_i2c.o
 .text.I2C_WaitOnMasterAddressFlagUntilTimeout
                0x0000000008002868      0x140 ./Drivers/STM32F1xx_HAL_Driver/Src/stm32f1xx_hal_i2c.o
 .text.I2C_WaitOnTXEFlagUntilTimeout
                0x00000000080029a8       0x90 ./Drivers/STM32F1xx_HAL_Driver/Src/stm32f1xx_hal_i2c.o
 .text.I2C_WaitOnBTFFlagUntilTimeout
                0x0000000008002a38       0x90 ./Drivers/STM32F1xx_HAL_Driver/Src/stm32f1xx_hal_i2c.o
 .text.I2C_WaitOnRXNEFlagUntilTimeout
                0x0000000008002ac8       0xba ./Drivers/STM32F1xx_HAL_Driver/Src/stm32f1xx_hal_i2c.o
 .text.I2C_IsAcknowledgeFailed
                0x0000000008002b82       0x5c ./Drivers/STM32F1xx_HAL_Driver/Src/stm32f1xx_hal_i2c.o
 *fill*         0x0000000008002bde        0x2 
 .text.HAL_RCC_OscConfig
                0x0000000008002be0      0x504 ./Drivers/STM32F1xx_HAL_Driver/Src/stm32f1xx_hal_rcc.o
                0x0000000008002be0                HAL_RCC_OscConfig
 .text.HAL_RCC_ClockConfig
                0x00000000080030e4      0x1d4 ./Drivers/STM32F1xx_HAL_Driver/Src/stm32f1xx_hal_rcc.o
                0x00000000080030e4                HAL_RCC_ClockConfig
 .text.HAL_RCC_GetSysClockFreq
                0x00000000080032b8       0xa8 ./Drivers/STM32F1xx_HAL_Driver/Src/stm32f1xx_hal_rcc.o
                0x00000000080032b8                HAL_RCC_GetSysClockFreq
 .text.HAL_RCC_GetHCLKFreq
                0x0000000008003360       0x14 ./Drivers/STM32F1xx_HAL_Driver/Src/stm32f1xx_hal_rcc.o
                0x0000000008003360                HAL_RCC_GetHCLKFreq
 .text.HAL_RCC_GetPCLK1Freq
                0x0000000008003374       0x28 ./Drivers/STM32F1xx_HAL_Driver/Src/stm32f1xx_hal_rcc.o
                0x0000000008003374                HAL_RCC_GetPCLK1Freq
 .text.HAL_RCC_GetPCLK2Freq
                0x000000000800339c       0x28 ./Drivers/STM32F1xx_HAL_Driver/Src/stm32f1xx_hal_rcc.o
                0x000000000800339c                HAL_RCC_GetPCLK2Freq
 .text.RCC_Delay
                0x00000000080033c4       0x3c ./Drivers/STM32F1xx_HAL_Driver/Src/stm32f1xx_hal_rcc.o
 .text.HAL_TIM_Base_Init
                0x0000000008003400       0x9e ./Drivers/STM32F1xx_HAL_Driver/Src/stm32f1xx_hal_tim.o
                0x0000000008003400                HAL_TIM_Base_Init
 *fill*         0x000000000800349e        0x2 
 .text.HAL_TIM_Base_Start_IT
                0x00000000080034a0       0xc0 ./Drivers/STM32F1xx_HAL_Driver/Src/stm32f1xx_hal_tim.o
                0x00000000080034a0                HAL_TIM_Base_Start_IT
 .text.HAL_TIM_IRQHandler
                0x0000000008003560      0x210 ./Drivers/STM32F1xx_HAL_Driver/Src/stm32f1xx_hal_tim.o
                0x0000000008003560                HAL_TIM_IRQHandler
 .text.HAL_TIM_ConfigClockSource
                0x0000000008003770      0x18e ./Drivers/STM32F1xx_HAL_Driver/Src/stm32f1xx_hal_tim.o
                0x0000000008003770                HAL_TIM_ConfigClockSource
 .text.HAL_TIM_OC_DelayElapsedCallback
                0x00000000080038fe       0x12 ./Drivers/STM32F1xx_HAL_Driver/Src/stm32f1xx_hal_tim.o
                0x00000000080038fe                HAL_TIM_OC_DelayElapsedCallback
 .text.HAL_TIM_IC_CaptureCallback
                0x0000000008003910       0x12 ./Drivers/STM32F1xx_HAL_Driver/Src/stm32f1xx_hal_tim.o
                0x0000000008003910                HAL_TIM_IC_CaptureCallback
 .text.HAL_TIM_PWM_PulseFinishedCallback
                0x0000000008003922       0x12 ./Drivers/STM32F1xx_HAL_Driver/Src/stm32f1xx_hal_tim.o
                0x0000000008003922                HAL_TIM_PWM_PulseFinishedCallback
 .text.HAL_TIM_TriggerCallback
                0x0000000008003934       0x12 ./Drivers/STM32F1xx_HAL_Driver/Src/stm32f1xx_hal_tim.o
                0x0000000008003934                HAL_TIM_TriggerCallback
 *fill*         0x0000000008003946        0x2 
 .text.TIM_Base_SetConfig
                0x0000000008003948       0xf4 ./Drivers/STM32F1xx_HAL_Driver/Src/stm32f1xx_hal_tim.o
                0x0000000008003948                TIM_Base_SetConfig
 .text.TIM_TI1_ConfigInputStage
                0x0000000008003a3c       0x5c ./Drivers/STM32F1xx_HAL_Driver/Src/stm32f1xx_hal_tim.o
 .text.TIM_TI2_ConfigInputStage
                0x0000000008003a98       0x5e ./Drivers/STM32F1xx_HAL_Driver/Src/stm32f1xx_hal_tim.o
 .text.TIM_ITRx_SetConfig
                0x0000000008003af6       0x34 ./Drivers/STM32F1xx_HAL_Driver/Src/stm32f1xx_hal_tim.o
 .text.TIM_ETR_SetConfig
                0x0000000008003b2a       0x3e ./Drivers/STM32F1xx_HAL_Driver/Src/stm32f1xx_hal_tim.o
                0x0000000008003b2a                TIM_ETR_SetConfig
 .text.HAL_TIMEx_MasterConfigSynchronization
                0x0000000008003b68       0xd8 ./Drivers/STM32F1xx_HAL_Driver/Src/stm32f1xx_hal_tim_ex.o
                0x0000000008003b68                HAL_TIMEx_MasterConfigSynchronization
 .text.HAL_TIMEx_CommutCallback
                0x0000000008003c40       0x12 ./Drivers/STM32F1xx_HAL_Driver/Src/stm32f1xx_hal_tim_ex.o
                0x0000000008003c40                HAL_TIMEx_CommutCallback
 .text.HAL_TIMEx_BreakCallback
                0x0000000008003c52       0x12 ./Drivers/STM32F1xx_HAL_Driver/Src/stm32f1xx_hal_tim_ex.o
                0x0000000008003c52                HAL_TIMEx_BreakCallback
 .text.HAL_UART_Init
                0x0000000008003c64       0xa0 ./Drivers/STM32F1xx_HAL_Driver/Src/stm32f1xx_hal_uart.o
                0x0000000008003c64                HAL_UART_Init
 .text.UART_SetConfig
                0x0000000008003d04      0x11c ./Drivers/STM32F1xx_HAL_Driver/Src/stm32f1xx_hal_uart.o
 .text.makeFreeRtosPriority
                0x0000000008003e20       0x2e ./Middlewares/Third_Party/FreeRTOS/Source/CMSIS_RTOS/cmsis_os.o
 .text.osKernelStart
                0x0000000008003e4e        0xe ./Middlewares/Third_Party/FreeRTOS/Source/CMSIS_RTOS/cmsis_os.o
                0x0000000008003e4e                osKernelStart
 .text.osThreadCreate
                0x0000000008003e5c       0x98 ./Middlewares/Third_Party/FreeRTOS/Source/CMSIS_RTOS/cmsis_os.o
                0x0000000008003e5c                osThreadCreate
 .text.osDelay  0x0000000008003ef4       0x28 ./Middlewares/Third_Party/FreeRTOS/Source/CMSIS_RTOS/cmsis_os.o
                0x0000000008003ef4                osDelay
 .text.vListInitialise
                0x0000000008003f1c       0x3e ./Middlewares/Third_Party/FreeRTOS/Source/list.o
                0x0000000008003f1c                vListInitialise
 .text.vListInitialiseItem
                0x0000000008003f5a       0x18 ./Middlewares/Third_Party/FreeRTOS/Source/list.o
                0x0000000008003f5a                vListInitialiseItem
 .text.vListInsertEnd
                0x0000000008003f72       0x46 ./Middlewares/Third_Party/FreeRTOS/Source/list.o
                0x0000000008003f72                vListInsertEnd
 .text.vListInsert
                0x0000000008003fb8       0x70 ./Middlewares/Third_Party/FreeRTOS/Source/list.o
                0x0000000008003fb8                vListInsert
 .text.uxListRemove
                0x0000000008004028       0x52 ./Middlewares/Third_Party/FreeRTOS/Source/list.o
                0x0000000008004028                uxListRemove
 .text.xTaskCreateStatic
                0x000000000800407a       0xb8 ./Middlewares/Third_Party/FreeRTOS/Source/tasks.o
                0x000000000800407a                xTaskCreateStatic
 .text.xTaskCreate
                0x0000000008004132       0x8a ./Middlewares/Third_Party/FreeRTOS/Source/tasks.o
                0x0000000008004132                xTaskCreate
 .text.prvInitialiseNewTask
                0x00000000080041bc       0xfe ./Middlewares/Third_Party/FreeRTOS/Source/tasks.o
 *fill*         0x00000000080042ba        0x2 
 .text.prvAddNewTaskToReadyList
                0x00000000080042bc       0xd4 ./Middlewares/Third_Party/FreeRTOS/Source/tasks.o
 .text.vTaskDelay
                0x0000000008004390       0x68 ./Middlewares/Third_Party/FreeRTOS/Source/tasks.o
                0x0000000008004390                vTaskDelay
 .text.vTaskStartScheduler
                0x00000000080043f8       0xc0 ./Middlewares/Third_Party/FreeRTOS/Source/tasks.o
                0x00000000080043f8                vTaskStartScheduler
 .text.vTaskSuspendAll
                0x00000000080044b8       0x1c ./Middlewares/Third_Party/FreeRTOS/Source/tasks.o
                0x00000000080044b8                vTaskSuspendAll
 .text.xTaskResumeAll
                0x00000000080044d4      0x138 ./Middlewares/Third_Party/FreeRTOS/Source/tasks.o
                0x00000000080044d4                xTaskResumeAll
 .text.xTaskIncrementTick
                0x000000000800460c      0x17c ./Middlewares/Third_Party/FreeRTOS/Source/tasks.o
                0x000000000800460c                xTaskIncrementTick
 .text.vTaskSwitchContext
                0x0000000008004788       0xb4 ./Middlewares/Third_Party/FreeRTOS/Source/tasks.o
                0x0000000008004788                vTaskSwitchContext
 .text.prvIdleTask
                0x000000000800483c       0x30 ./Middlewares/Third_Party/FreeRTOS/Source/tasks.o
 .text.prvInitialiseTaskLists
                0x000000000800486c       0x80 ./Middlewares/Third_Party/FreeRTOS/Source/tasks.o
 .text.prvCheckTasksWaitingTermination
                0x00000000080048ec       0x5c ./Middlewares/Third_Party/FreeRTOS/Source/tasks.o
 .text.prvDeleteTCB
                0x0000000008004948       0x5e ./Middlewares/Third_Party/FreeRTOS/Source/tasks.o
 *fill*         0x00000000080049a6        0x2 
 .text.prvResetNextTaskUnblockTime
                0x00000000080049a8       0x48 ./Middlewares/Third_Party/FreeRTOS/Source/tasks.o
 .text.xTaskGetSchedulerState
                0x00000000080049f0       0x3c ./Middlewares/Third_Party/FreeRTOS/Source/tasks.o
                0x00000000080049f0                xTaskGetSchedulerState
 .text.prvAddCurrentTaskToDelayedList
                0x0000000008004a2c       0xcc ./Middlewares/Third_Party/FreeRTOS/Source/tasks.o
 .text.pxPortInitialiseStack
                0x0000000008004af8       0x58 ./Middlewares/Third_Party/FreeRTOS/Source/portable/GCC/ARM_CM3/port.o
                0x0000000008004af8                pxPortInitialiseStack
 .text.prvTaskExitError
                0x0000000008004b50       0x58 ./Middlewares/Third_Party/FreeRTOS/Source/portable/GCC/ARM_CM3/port.o
 *fill*         0x0000000008004ba8        0x8 
 .text.SVC_Handler
                0x0000000008004bb0       0x28 ./Middlewares/Third_Party/FreeRTOS/Source/portable/GCC/ARM_CM3/port.o
                0x0000000008004bb0                SVC_Handler
 .text.prvPortStartFirstTask
                0x0000000008004bd8       0x20 ./Middlewares/Third_Party/FreeRTOS/Source/portable/GCC/ARM_CM3/port.o
 .text.xPortStartScheduler
                0x0000000008004bf8       0xe4 ./Middlewares/Third_Party/FreeRTOS/Source/portable/GCC/ARM_CM3/port.o
                0x0000000008004bf8                xPortStartScheduler
 .text.vPortEnterCritical
                0x0000000008004cdc       0x60 ./Middlewares/Third_Party/FreeRTOS/Source/portable/GCC/ARM_CM3/port.o
                0x0000000008004cdc                vPortEnterCritical
 .text.vPortExitCritical
                0x0000000008004d3c       0x50 ./Middlewares/Third_Party/FreeRTOS/Source/portable/GCC/ARM_CM3/port.o
                0x0000000008004d3c                vPortExitCritical
 *fill*         0x0000000008004d8c        0x4 
 .text.PendSV_Handler
                0x0000000008004d90       0x48 ./Middlewares/Third_Party/FreeRTOS/Source/portable/GCC/ARM_CM3/port.o
                0x0000000008004d90                PendSV_Handler
 .text.xPortSysTickHandler
                0x0000000008004dd8       0x44 ./Middlewares/Third_Party/FreeRTOS/Source/portable/GCC/ARM_CM3/port.o
                0x0000000008004dd8                xPortSysTickHandler
 .text.vPortSetupTimerInterrupt
                0x0000000008004e1c       0x44 ./Middlewares/Third_Party/FreeRTOS/Source/portable/GCC/ARM_CM3/port.o
                0x0000000008004e1c                vPortSetupTimerInterrupt
 .text.pvPortMalloc
                0x0000000008004e60      0x188 ./Middlewares/Third_Party/FreeRTOS/Source/portable/MemMang/heap_4.o
                0x0000000008004e60                pvPortMalloc
 .text.vPortFree
                0x0000000008004fe8       0xb4 ./Middlewares/Third_Party/FreeRTOS/Source/portable/MemMang/heap_4.o
                0x0000000008004fe8                vPortFree
 .text.prvHeapInit
                0x000000000800509c       0xc4 ./Middlewares/Third_Party/FreeRTOS/Source/portable/MemMang/heap_4.o
 .text.prvInsertBlockIntoFreeList
                0x0000000008005160       0xb0 ./Middlewares/Third_Party/FreeRTOS/Source/portable/MemMang/heap_4.o
 .text.__libc_init_array
                0x0000000008005210       0x48 c:/st/stm32cubeide_1.12.0/stm32cubeide/plugins/com.st.stm32cube.ide.mcu.externaltools.gnu-tools-for-stm32.10.3-2021.10.win32_1.0.200.202301161003/tools/bin/../lib/gcc/arm-none-eabi/10.3.1/../../../../arm-none-eabi/lib/thumb/v7-m/nofp\libc_nano.a(lib_a-init.o)
                0x0000000008005210                __libc_init_array
 .text.memset   0x0000000008005258       0x10 c:/st/stm32cubeide_1.12.0/stm32cubeide/plugins/com.st.stm32cube.ide.mcu.externaltools.gnu-tools-for-stm32.10.3-2021.10.win32_1.0.200.202301161003/tools/bin/../lib/gcc/arm-none-eabi/10.3.1/../../../../arm-none-eabi/lib/thumb/v7-m/nofp\libc_nano.a(lib_a-memset.o)
                0x0000000008005258                memset
 *(.glue_7)
 .glue_7        0x0000000008005268        0x0 linker stubs
 *(.glue_7t)
 .glue_7t       0x0000000008005268        0x0 linker stubs
 *(.eh_frame)
 .eh_frame      0x0000000008005268        0x0 c:/st/stm32cubeide_1.12.0/stm32cubeide/plugins/com.st.stm32cube.ide.mcu.externaltools.gnu-tools-for-stm32.10.3-2021.10.win32_1.0.200.202301161003/tools/bin/../lib/gcc/arm-none-eabi/10.3.1/thumb/v7-m/nofp/crtbegin.o
 *(.init)
 .init          0x0000000008005268        0x4 c:/st/stm32cubeide_1.12.0/stm32cubeide/plugins/com.st.stm32cube.ide.mcu.externaltools.gnu-tools-for-stm32.10.3-2021.10.win32_1.0.200.202301161003/tools/bin/../lib/gcc/arm-none-eabi/10.3.1/thumb/v7-m/nofp/crti.o
                0x0000000008005268                _init
 .init          0x000000000800526c        0x8 c:/st/stm32cubeide_1.12.0/stm32cubeide/plugins/com.st.stm32cube.ide.mcu.externaltools.gnu-tools-for-stm32.10.3-2021.10.win32_1.0.200.202301161003/tools/bin/../lib/gcc/arm-none-eabi/10.3.1/thumb/v7-m/nofp/crtn.o
 *(.fini)
 .fini          0x0000000008005274        0x4 c:/st/stm32cubeide_1.12.0/stm32cubeide/plugins/com.st.stm32cube.ide.mcu.externaltools.gnu-tools-for-stm32.10.3-2021.10.win32_1.0.200.202301161003/tools/bin/../lib/gcc/arm-none-eabi/10.3.1/thumb/v7-m/nofp/crti.o
                0x0000000008005274                _fini
 .fini          0x0000000008005278        0x8 c:/st/stm32cubeide_1.12.0/stm32cubeide/plugins/com.st.stm32cube.ide.mcu.externaltools.gnu-tools-for-stm32.10.3-2021.10.win32_1.0.200.202301161003/tools/bin/../lib/gcc/arm-none-eabi/10.3.1/thumb/v7-m/nofp/crtn.o
                0x0000000008005280                . = ALIGN (0x4)
                0x0000000008005280                _etext = .

.vfp11_veneer   0x0000000008005280        0x0
 .vfp11_veneer  0x0000000008005280        0x0 linker stubs

.v4_bx          0x0000000008005280        0x0
 .v4_bx         0x0000000008005280        0x0 linker stubs

.iplt           0x0000000008005280        0x0
 .iplt          0x0000000008005280        0x0 c:/st/stm32cubeide_1.12.0/stm32cubeide/plugins/com.st.stm32cube.ide.mcu.externaltools.gnu-tools-for-stm32.10.3-2021.10.win32_1.0.200.202301161003/tools/bin/../lib/gcc/arm-none-eabi/10.3.1/thumb/v7-m/nofp/crtbegin.o

.rodata         0x0000000008005280      0x640
                0x0000000008005280                . = ALIGN (0x4)
 *(.rodata)
 .rodata        0x0000000008005280      0x609 ./Core/Src/main.o
 *fill*         0x0000000008005889        0x3 
 .rodata        0x000000000800588c        0x5 ./Middlewares/Third_Party/FreeRTOS/Source/tasks.o
 *(.rodata*)
 *fill*         0x0000000008005891        0x3 
 .rodata.AHBPrescTable
                0x0000000008005894       0x10 ./Core/Src/system_stm32f1xx.o
                0x0000000008005894                AHBPrescTable
 .rodata.APBPrescTable
                0x00000000080058a4        0x8 ./Core/Src/system_stm32f1xx.o
                0x00000000080058a4                APBPrescTable
 .rodata.aPLLMULFactorTable.1
                0x00000000080058ac       0x10 ./Drivers/STM32F1xx_HAL_Driver/Src/stm32f1xx_hal_rcc.o
 .rodata.aPredivFactorTable.0
                0x00000000080058bc        0x2 ./Drivers/STM32F1xx_HAL_Driver/Src/stm32f1xx_hal_rcc.o
                0x00000000080058c0                . = ALIGN (0x4)
 *fill*         0x00000000080058be        0x2 

.rel.dyn        0x00000000080058c0        0x0
 .rel.iplt      0x00000000080058c0        0x0 c:/st/stm32cubeide_1.12.0/stm32cubeide/plugins/com.st.stm32cube.ide.mcu.externaltools.gnu-tools-for-stm32.10.3-2021.10.win32_1.0.200.202301161003/tools/bin/../lib/gcc/arm-none-eabi/10.3.1/thumb/v7-m/nofp/crtbegin.o

.ARM.extab      0x00000000080058c0        0x0
                0x00000000080058c0                . = ALIGN (0x4)
 *(.ARM.extab* .gnu.linkonce.armextab.*)
                0x00000000080058c0                . = ALIGN (0x4)

.ARM            0x00000000080058c0        0x0
                0x00000000080058c0                . = ALIGN (0x4)
                0x00000000080058c0                __exidx_start = .
 *(.ARM.exidx*)
                0x00000000080058c0                __exidx_end = .
                0x00000000080058c0                . = ALIGN (0x4)

.preinit_array  0x00000000080058c0        0x0
                0x00000000080058c0                . = ALIGN (0x4)
                0x00000000080058c0                PROVIDE (__preinit_array_start = .)
 *(.preinit_array*)
                0x00000000080058c0                PROVIDE (__preinit_array_end = .)
                0x00000000080058c0                . = ALIGN (0x4)

.init_array     0x00000000080058c0        0x4
                0x00000000080058c0                . = ALIGN (0x4)
                0x00000000080058c0                PROVIDE (__init_array_start = .)
 *(SORT_BY_NAME(.init_array.*))
 *(.init_array*)
 .init_array    0x00000000080058c0        0x4 c:/st/stm32cubeide_1.12.0/stm32cubeide/plugins/com.st.stm32cube.ide.mcu.externaltools.gnu-tools-for-stm32.10.3-2021.10.win32_1.0.200.202301161003/tools/bin/../lib/gcc/arm-none-eabi/10.3.1/thumb/v7-m/nofp/crtbegin.o
                0x00000000080058c4                PROVIDE (__init_array_end = .)
                0x00000000080058c4                . = ALIGN (0x4)

.fini_array     0x00000000080058c4        0x4
                0x00000000080058c4                . = ALIGN (0x4)
                [!provide]                        PROVIDE (__fini_array_start = .)
 *(SORT_BY_NAME(.fini_array.*))
 *(.fini_array*)
 .fini_array    0x00000000080058c4        0x4 c:/st/stm32cubeide_1.12.0/stm32cubeide/plugins/com.st.stm32cube.ide.mcu.externaltools.gnu-tools-for-stm32.10.3-2021.10.win32_1.0.200.202301161003/tools/bin/../lib/gcc/arm-none-eabi/10.3.1/thumb/v7-m/nofp/crtbegin.o
                [!provide]                        PROVIDE (__fini_array_end = .)
                0x00000000080058c8                . = ALIGN (0x4)
                0x00000000080058c8                _sidata = LOADADDR (.data)

.data           0x0000000020000000       0x14 load address 0x00000000080058c8
                0x0000000020000000                . = ALIGN (0x4)
                0x0000000020000000                _sdata = .
 *(.data)
 *(.data*)
 .data.calismaSayisi100
                0x0000000020000000        0x1 ./Core/Src/main.o
                0x0000000020000000                calismaSayisi100
 .data.calismaSayisi1000
                0x0000000020000001        0x1 ./Core/Src/main.o
                0x0000000020000001                calismaSayisi1000
 *fill*         0x0000000020000002        0x2 
 .data.SystemCoreClock
                0x0000000020000004        0x4 ./Core/Src/system_stm32f1xx.o
                0x0000000020000004                SystemCoreClock
 .data.uwTickPrio
                0x0000000020000008        0x4 ./Drivers/STM32F1xx_HAL_Driver/Src/stm32f1xx_hal.o
                0x0000000020000008                uwTickPrio
 .data.uwTickFreq
                0x000000002000000c        0x1 ./Drivers/STM32F1xx_HAL_Driver/Src/stm32f1xx_hal.o
                0x000000002000000c                uwTickFreq
 *fill*         0x000000002000000d        0x3 
 .data.uxCriticalNesting
                0x0000000020000010        0x4 ./Middlewares/Third_Party/FreeRTOS/Source/portable/GCC/ARM_CM3/port.o
 *(.RamFunc)
 *(.RamFunc*)
                0x0000000020000014                . = ALIGN (0x4)
                0x0000000020000014                _edata = .

.igot.plt       0x0000000020000014        0x0 load address 0x00000000080058dc
 .igot.plt      0x0000000020000014        0x0 c:/st/stm32cubeide_1.12.0/stm32cubeide/plugins/com.st.stm32cube.ide.mcu.externaltools.gnu-tools-for-stm32.10.3-2021.10.win32_1.0.200.202301161003/tools/bin/../lib/gcc/arm-none-eabi/10.3.1/thumb/v7-m/nofp/crtbegin.o
                0x0000000020000014                . = ALIGN (0x4)

.bss            0x0000000020000014     0x1134 load address 0x00000000080058dc
                0x0000000020000014                _sbss = .
                0x0000000020000014                __bss_start__ = _sbss
 *(.bss)
 .bss           0x0000000020000014       0x1c c:/st/stm32cubeide_1.12.0/stm32cubeide/plugins/com.st.stm32cube.ide.mcu.externaltools.gnu-tools-for-stm32.10.3-2021.10.win32_1.0.200.202301161003/tools/bin/../lib/gcc/arm-none-eabi/10.3.1/thumb/v7-m/nofp/crtbegin.o
 *(.bss*)
 .bss.xIdleTaskTCBBuffer
                0x0000000020000030       0x54 ./Core/Src/freertos.o
 .bss.xIdleStack
                0x0000000020000084      0x200 ./Core/Src/freertos.o
 .bss.eepromData
                0x0000000020000284       0x3f ./Core/Src/main.o
                0x0000000020000284                eepromData
 .bss.kaydedilenDeger
                0x00000000200002c3        0x1 ./Core/Src/main.o
                0x00000000200002c3                kaydedilenDeger
 .bss.millis    0x00000000200002c4        0x4 ./Core/Src/main.o
                0x00000000200002c4                millis
 .bss.calismaSayisi
                0x00000000200002c8        0x1 ./Core/Src/main.o
                0x00000000200002c8                calismaSayisi
 .bss.calismaSayisi1
                0x00000000200002c9        0x1 ./Core/Src/main.o
                0x00000000200002c9                calismaSayisi1
 .bss.calismaSayisi10
                0x00000000200002ca        0x1 ./Core/Src/main.o
                0x00000000200002ca                calismaSayisi10
 .bss.calismaSayisi10000
                0x00000000200002cb        0x1 ./Core/Src/main.o
                0x00000000200002cb                calismaSayisi10000
 .bss.calismaSekli
                0x00000000200002cc        0x1 ./Core/Src/main.o
                0x00000000200002cc                calismaSekli
 .bss.acilStop1
                0x00000000200002cd        0x1 ./Core/Src/main.o
                0x00000000200002cd                acilStop1
 .bss.emniyetCercevesi
                0x00000000200002ce        0x1 ./Core/Src/main.o
                0x00000000200002ce                emniyetCercevesi
 .bss.yavaslamaLimit
                0x00000000200002cf        0x1 ./Core/Src/main.o
                0x00000000200002cf                yavaslamaLimit
 .bss.altLimit  0x00000000200002d0        0x1 ./Core/Src/main.o
                0x00000000200002d0                altLimit
 .bss.basincSalteri
                0x00000000200002d1        0x1 ./Core/Src/main.o
                0x00000000200002d1                basincSalteri
 .bss.kapiSivici
                0x00000000200002d2        0x1 ./Core/Src/main.o
                0x00000000200002d2                kapiSivici
 .bss.kapi1Tip  0x00000000200002d3        0x1 ./Core/Src/main.o
                0x00000000200002d3                kapi1Tip
 .bss.kapi2Tip  0x00000000200002d4        0x1 ./Core/Src/main.o
                0x00000000200002d4                kapi2Tip
 .bss.kapitablaTip
                0x00000000200002d5        0x1 ./Core/Src/main.o
                0x00000000200002d5                kapitablaTip
 .bss.yukariYavasLimit
                0x00000000200002d6        0x1 ./Core/Src/main.o
                0x00000000200002d6                yukariYavasLimit
 .bss.devirmeYuruyusSecim
                0x00000000200002d7        0x1 ./Core/Src/main.o
                0x00000000200002d7                devirmeYuruyusSecim
 .bss.devirmeYukariIleriLimit
                0x00000000200002d8        0x1 ./Core/Src/main.o
                0x00000000200002d8                devirmeYukariIleriLimit
 .bss.devirmeAsagiGeriLimit
                0x00000000200002d9        0x1 ./Core/Src/main.o
                0x00000000200002d9                devirmeAsagiGeriLimit
 .bss.devirmeSilindirTipi
                0x00000000200002da        0x1 ./Core/Src/main.o
                0x00000000200002da                devirmeSilindirTipi
 .bss.platformSilindirTipi
                0x00000000200002db        0x1 ./Core/Src/main.o
                0x00000000200002db                platformSilindirTipi
 .bss.yukariValfTmr
                0x00000000200002dc        0x1 ./Core/Src/main.o
                0x00000000200002dc                yukariValfTmr
 .bss.asagiValfTmr
                0x00000000200002dd        0x1 ./Core/Src/main.o
                0x00000000200002dd                asagiValfTmr
 .bss.devirmeYukariIleriTmr
                0x00000000200002de        0x1 ./Core/Src/main.o
                0x00000000200002de                devirmeYukariIleriTmr
 .bss.devirmeAsagiGeriTmr
                0x00000000200002df        0x1 ./Core/Src/main.o
                0x00000000200002df                devirmeAsagiGeriTmr
 .bss.makineCalismaTmr
                0x00000000200002e0        0x1 ./Core/Src/main.o
                0x00000000200002e0                makineCalismaTmr
 .bss.kapi1AcSure
                0x00000000200002e1        0x1 ./Core/Src/main.o
                0x00000000200002e1                kapi1AcSure
 .bss.kapi2AcSure
                0x00000000200002e2        0x1 ./Core/Src/main.o
                0x00000000200002e2                kapi2AcSure
 .bss.kapiTablaAcSure
                0x00000000200002e3        0x1 ./Core/Src/main.o
                0x00000000200002e3                kapiTablaAcSure
 .bss.buzzer    0x00000000200002e4        0x1 ./Core/Src/main.o
                0x00000000200002e4                buzzer
 .bss.demoMode  0x00000000200002e5        0x1 ./Core/Src/main.o
                0x00000000200002e5                demoMode
 *fill*         0x00000000200002e6        0x2 
 .bss.hcan      0x00000000200002e8       0x28 ./Core/Src/main.o
                0x00000000200002e8                hcan
 .bss.hi2c1     0x0000000020000310       0x54 ./Core/Src/main.o
                0x0000000020000310                hi2c1
 .bss.htim1     0x0000000020000364       0x48 ./Core/Src/main.o
                0x0000000020000364                htim1
 .bss.huart1    0x00000000200003ac       0x48 ./Core/Src/main.o
                0x00000000200003ac                huart1
 .bss.defaultTaskHandle
                0x00000000200003f4        0x4 ./Core/Src/main.o
                0x00000000200003f4                defaultTaskHandle
 .bss.uwTick    0x00000000200003f8        0x4 ./Drivers/STM32F1xx_HAL_Driver/Src/stm32f1xx_hal.o
                0x00000000200003f8                uwTick
 .bss.pxCurrentTCB
                0x00000000200003fc        0x4 ./Middlewares/Third_Party/FreeRTOS/Source/tasks.o
                0x00000000200003fc                pxCurrentTCB
 .bss.pxReadyTasksLists
                0x0000000020000400       0x8c ./Middlewares/Third_Party/FreeRTOS/Source/tasks.o
 .bss.xDelayedTaskList1
                0x000000002000048c       0x14 ./Middlewares/Third_Party/FreeRTOS/Source/tasks.o
 .bss.xDelayedTaskList2
                0x00000000200004a0       0x14 ./Middlewares/Third_Party/FreeRTOS/Source/tasks.o
 .bss.pxDelayedTaskList
                0x00000000200004b4        0x4 ./Middlewares/Third_Party/FreeRTOS/Source/tasks.o
 .bss.pxOverflowDelayedTaskList
                0x00000000200004b8        0x4 ./Middlewares/Third_Party/FreeRTOS/Source/tasks.o
 .bss.xPendingReadyList
                0x00000000200004bc       0x14 ./Middlewares/Third_Party/FreeRTOS/Source/tasks.o
 .bss.xTasksWaitingTermination
                0x00000000200004d0       0x14 ./Middlewares/Third_Party/FreeRTOS/Source/tasks.o
 .bss.uxDeletedTasksWaitingCleanUp
                0x00000000200004e4        0x4 ./Middlewares/Third_Party/FreeRTOS/Source/tasks.o
 .bss.xSuspendedTaskList
                0x00000000200004e8       0x14 ./Middlewares/Third_Party/FreeRTOS/Source/tasks.o
 .bss.uxCurrentNumberOfTasks
                0x00000000200004fc        0x4 ./Middlewares/Third_Party/FreeRTOS/Source/tasks.o
 .bss.xTickCount
                0x0000000020000500        0x4 ./Middlewares/Third_Party/FreeRTOS/Source/tasks.o
 .bss.uxTopReadyPriority
                0x0000000020000504        0x4 ./Middlewares/Third_Party/FreeRTOS/Source/tasks.o
 .bss.xSchedulerRunning
                0x0000000020000508        0x4 ./Middlewares/Third_Party/FreeRTOS/Source/tasks.o
 .bss.uxPendedTicks
                0x000000002000050c        0x4 ./Middlewares/Third_Party/FreeRTOS/Source/tasks.o
 .bss.xYieldPending
                0x0000000020000510        0x4 ./Middlewares/Third_Party/FreeRTOS/Source/tasks.o
 .bss.xNumOfOverflows
                0x0000000020000514        0x4 ./Middlewares/Third_Party/FreeRTOS/Source/tasks.o
 .bss.uxTaskNumber
                0x0000000020000518        0x4 ./Middlewares/Third_Party/FreeRTOS/Source/tasks.o
 .bss.xNextTaskUnblockTime
                0x000000002000051c        0x4 ./Middlewares/Third_Party/FreeRTOS/Source/tasks.o
 .bss.xIdleTaskHandle
                0x0000000020000520        0x4 ./Middlewares/Third_Party/FreeRTOS/Source/tasks.o
 .bss.uxSchedulerSuspended
                0x0000000020000524        0x4 ./Middlewares/Third_Party/FreeRTOS/Source/tasks.o
 .bss.ucMaxSysCallPriority
                0x0000000020000528        0x1 ./Middlewares/Third_Party/FreeRTOS/Source/portable/GCC/ARM_CM3/port.o
 *fill*         0x0000000020000529        0x3 
 .bss.ulMaxPRIGROUPValue
                0x000000002000052c        0x4 ./Middlewares/Third_Party/FreeRTOS/Source/portable/GCC/ARM_CM3/port.o
 .bss.ucHeap    0x0000000020000530      0xc00 ./Middlewares/Third_Party/FreeRTOS/Source/portable/MemMang/heap_4.o
 .bss.xStart    0x0000000020001130        0x8 ./Middlewares/Third_Party/FreeRTOS/Source/portable/MemMang/heap_4.o
 .bss.pxEnd     0x0000000020001138        0x4 ./Middlewares/Third_Party/FreeRTOS/Source/portable/MemMang/heap_4.o
 .bss.xFreeBytesRemaining
                0x000000002000113c        0x4 ./Middlewares/Third_Party/FreeRTOS/Source/portable/MemMang/heap_4.o
 .bss.xMinimumEverFreeBytesRemaining
                0x0000000020001140        0x4 ./Middlewares/Third_Party/FreeRTOS/Source/portable/MemMang/heap_4.o
 .bss.xBlockAllocatedBit
                0x0000000020001144        0x4 ./Middlewares/Third_Party/FreeRTOS/Source/portable/MemMang/heap_4.o
 *(COMMON)
                0x0000000020001148                . = ALIGN (0x4)
                0x0000000020001148                _ebss = .
                0x0000000020001148                __bss_end__ = _ebss

._user_heap_stack
                0x0000000020001148      0x600 load address 0x00000000080058dc
                0x0000000020001148                . = ALIGN (0x8)
                [!provide]                        PROVIDE (end = .)
                0x0000000020001148                PROVIDE (_end = .)
                0x0000000020001348                . = (. + _Min_Heap_Size)
 *fill*         0x0000000020001148      0x200 
                0x0000000020001748                . = (. + _Min_Stack_Size)
 *fill*         0x0000000020001348      0x400 
                0x0000000020001748                . = ALIGN (0x8)

/DISCARD/
 libc.a(*)
 libm.a(*)
 libgcc.a(*)

.ARM.attributes
                0x0000000000000000       0x29
 *(.ARM.attributes)
 .ARM.attributes
                0x0000000000000000       0x1d c:/st/stm32cubeide_1.12.0/stm32cubeide/plugins/com.st.stm32cube.ide.mcu.externaltools.gnu-tools-for-stm32.10.3-2021.10.win32_1.0.200.202301161003/tools/bin/../lib/gcc/arm-none-eabi/10.3.1/thumb/v7-m/nofp/crti.o
 .ARM.attributes
                0x000000000000001d       0x2d c:/st/stm32cubeide_1.12.0/stm32cubeide/plugins/com.st.stm32cube.ide.mcu.externaltools.gnu-tools-for-stm32.10.3-2021.10.win32_1.0.200.202301161003/tools/bin/../lib/gcc/arm-none-eabi/10.3.1/thumb/v7-m/nofp/crtbegin.o
 .ARM.attributes
                0x000000000000004a       0x2d ./Core/Src/freertos.o
 .ARM.attributes
                0x0000000000000077       0x2d ./Core/Src/i2c-lcd.o
 .ARM.attributes
                0x00000000000000a4       0x2d ./Core/Src/main.o
 .ARM.attributes
                0x00000000000000d1       0x2d ./Core/Src/stm32f1xx_hal_msp.o
 .ARM.attributes
                0x00000000000000fe       0x2d ./Core/Src/stm32f1xx_it.o
 .ARM.attributes
                0x000000000000012b       0x2d ./Core/Src/system_stm32f1xx.o
 .ARM.attributes
                0x0000000000000158       0x21 ./Core/Startup/startup_stm32f103rctx.o
 .ARM.attributes
                0x0000000000000179       0x2d ./Drivers/STM32F1xx_HAL_Driver/Src/stm32f1xx_hal.o
 .ARM.attributes
                0x00000000000001a6       0x2d ./Drivers/STM32F1xx_HAL_Driver/Src/stm32f1xx_hal_can.o
 .ARM.attributes
                0x00000000000001d3       0x2d ./Drivers/STM32F1xx_HAL_Driver/Src/stm32f1xx_hal_cortex.o
 .ARM.attributes
                0x0000000000000200       0x2d ./Drivers/STM32F1xx_HAL_Driver/Src/stm32f1xx_hal_gpio.o
 .ARM.attributes
                0x000000000000022d       0x2d ./Drivers/STM32F1xx_HAL_Driver/Src/stm32f1xx_hal_i2c.o
 .ARM.attributes
                0x000000000000025a       0x2d ./Drivers/STM32F1xx_HAL_Driver/Src/stm32f1xx_hal_rcc.o
 .ARM.attributes
                0x0000000000000287       0x2d ./Drivers/STM32F1xx_HAL_Driver/Src/stm32f1xx_hal_tim.o
 .ARM.attributes
                0x00000000000002b4       0x2d ./Drivers/STM32F1xx_HAL_Driver/Src/stm32f1xx_hal_tim_ex.o
 .ARM.attributes
                0x00000000000002e1       0x2d ./Drivers/STM32F1xx_HAL_Driver/Src/stm32f1xx_hal_uart.o
 .ARM.attributes
                0x000000000000030e       0x2d ./Middlewares/Third_Party/FreeRTOS/Source/CMSIS_RTOS/cmsis_os.o
 .ARM.attributes
                0x000000000000033b       0x2d ./Middlewares/Third_Party/FreeRTOS/Source/list.o
 .ARM.attributes
                0x0000000000000368       0x2d ./Middlewares/Third_Party/FreeRTOS/Source/tasks.o
 .ARM.attributes
                0x0000000000000395       0x2d ./Middlewares/Third_Party/FreeRTOS/Source/portable/GCC/ARM_CM3/port.o
 .ARM.attributes
                0x00000000000003c2       0x2d ./Middlewares/Third_Party/FreeRTOS/Source/portable/MemMang/heap_4.o
 .ARM.attributes
                0x00000000000003ef       0x2d c:/st/stm32cubeide_1.12.0/stm32cubeide/plugins/com.st.stm32cube.ide.mcu.externaltools.gnu-tools-for-stm32.10.3-2021.10.win32_1.0.200.202301161003/tools/bin/../lib/gcc/arm-none-eabi/10.3.1/../../../../arm-none-eabi/lib/thumb/v7-m/nofp\libc_nano.a(lib_a-init.o)
 .ARM.attributes
                0x000000000000041c       0x2d c:/st/stm32cubeide_1.12.0/stm32cubeide/plugins/com.st.stm32cube.ide.mcu.externaltools.gnu-tools-for-stm32.10.3-2021.10.win32_1.0.200.202301161003/tools/bin/../lib/gcc/arm-none-eabi/10.3.1/../../../../arm-none-eabi/lib/thumb/v7-m/nofp\libc_nano.a(lib_a-memset.o)
 .ARM.attributes
                0x0000000000000449       0x1d c:/st/stm32cubeide_1.12.0/stm32cubeide/plugins/com.st.stm32cube.ide.mcu.externaltools.gnu-tools-for-stm32.10.3-2021.10.win32_1.0.200.202301161003/tools/bin/../lib/gcc/arm-none-eabi/10.3.1/thumb/v7-m/nofp/crtn.o
OUTPUT(ESP_Version_02.elf elf32-littlearm)
LOAD linker stubs
LOAD c:/st/stm32cubeide_1.12.0/stm32cubeide/plugins/com.st.stm32cube.ide.mcu.externaltools.gnu-tools-for-stm32.10.3-2021.10.win32_1.0.200.202301161003/tools/bin/../lib/gcc/arm-none-eabi/10.3.1/../../../../arm-none-eabi/lib/thumb/v7-m/nofp\libc.a
LOAD c:/st/stm32cubeide_1.12.0/stm32cubeide/plugins/com.st.stm32cube.ide.mcu.externaltools.gnu-tools-for-stm32.10.3-2021.10.win32_1.0.200.202301161003/tools/bin/../lib/gcc/arm-none-eabi/10.3.1/../../../../arm-none-eabi/lib/thumb/v7-m/nofp\libm.a
LOAD c:/st/stm32cubeide_1.12.0/stm32cubeide/plugins/com.st.stm32cube.ide.mcu.externaltools.gnu-tools-for-stm32.10.3-2021.10.win32_1.0.200.202301161003/tools/bin/../lib/gcc/arm-none-eabi/10.3.1/thumb/v7-m/nofp\libgcc.a

.debug_info     0x0000000000000000    0x15e34
 .debug_info    0x0000000000000000      0x294 ./Core/Src/freertos.o
 .debug_info    0x0000000000000294      0x801 ./Core/Src/i2c-lcd.o
 .debug_info    0x0000000000000a95     0x23c9 ./Core/Src/main.o
 .debug_info    0x0000000000002e5e     0x15fd ./Core/Src/stm32f1xx_hal_msp.o
 .debug_info    0x000000000000445b      0x6f3 ./Core/Src/stm32f1xx_it.o
 .debug_info    0x0000000000004b4e      0x23d ./Core/Src/system_stm32f1xx.o
 .debug_info    0x0000000000004d8b       0x22 ./Core/Startup/startup_stm32f103rctx.o
 .debug_info    0x0000000000004dad      0x79a ./Drivers/STM32F1xx_HAL_Driver/Src/stm32f1xx_hal.o
 .debug_info    0x0000000000005547      0xff7 ./Drivers/STM32F1xx_HAL_Driver/Src/stm32f1xx_hal_can.o
 .debug_info    0x000000000000653e      0xb86 ./Drivers/STM32F1xx_HAL_Driver/Src/stm32f1xx_hal_cortex.o
 .debug_info    0x00000000000070c4      0x615 ./Drivers/STM32F1xx_HAL_Driver/Src/stm32f1xx_hal_gpio.o
 .debug_info    0x00000000000076d9     0x2761 ./Drivers/STM32F1xx_HAL_Driver/Src/stm32f1xx_hal_i2c.o
 .debug_info    0x0000000000009e3a      0x865 ./Drivers/STM32F1xx_HAL_Driver/Src/stm32f1xx_hal_rcc.o
 .debug_info    0x000000000000a69f     0x2bab ./Drivers/STM32F1xx_HAL_Driver/Src/stm32f1xx_hal_tim.o
 .debug_info    0x000000000000d24a     0x15c7 ./Drivers/STM32F1xx_HAL_Driver/Src/stm32f1xx_hal_tim_ex.o
 .debug_info    0x000000000000e811     0x31b2 ./Drivers/STM32F1xx_HAL_Driver/Src/stm32f1xx_hal_uart.o
 .debug_info    0x00000000000119c3     0x1c1b ./Middlewares/Third_Party/FreeRTOS/Source/CMSIS_RTOS/cmsis_os.o
 .debug_info    0x00000000000135de      0x2cb ./Middlewares/Third_Party/FreeRTOS/Source/list.o
 .debug_info    0x00000000000138a9     0x1cec ./Middlewares/Third_Party/FreeRTOS/Source/tasks.o
 .debug_info    0x0000000000015595      0x4b7 ./Middlewares/Third_Party/FreeRTOS/Source/portable/GCC/ARM_CM3/port.o
 .debug_info    0x0000000000015a4c      0x3e8 ./Middlewares/Third_Party/FreeRTOS/Source/portable/MemMang/heap_4.o

.debug_abbrev   0x0000000000000000     0x2d24
 .debug_abbrev  0x0000000000000000       0xcd ./Core/Src/freertos.o
 .debug_abbrev  0x00000000000000cd      0x1c4 ./Core/Src/i2c-lcd.o
 .debug_abbrev  0x0000000000000291      0x371 ./Core/Src/main.o
 .debug_abbrev  0x0000000000000602      0x23b ./Core/Src/stm32f1xx_hal_msp.o
 .debug_abbrev  0x000000000000083d      0x1ac ./Core/Src/stm32f1xx_it.o
 .debug_abbrev  0x00000000000009e9      0x13b ./Core/Src/system_stm32f1xx.o
 .debug_abbrev  0x0000000000000b24       0x12 ./Core/Startup/startup_stm32f103rctx.o
 .debug_abbrev  0x0000000000000b36      0x1fb ./Drivers/STM32F1xx_HAL_Driver/Src/stm32f1xx_hal.o
 .debug_abbrev  0x0000000000000d31      0x244 ./Drivers/STM32F1xx_HAL_Driver/Src/stm32f1xx_hal_can.o
 .debug_abbrev  0x0000000000000f75      0x2ed ./Drivers/STM32F1xx_HAL_Driver/Src/stm32f1xx_hal_cortex.o
 .debug_abbrev  0x0000000000001262      0x1bb ./Drivers/STM32F1xx_HAL_Driver/Src/stm32f1xx_hal_gpio.o
 .debug_abbrev  0x000000000000141d      0x288 ./Drivers/STM32F1xx_HAL_Driver/Src/stm32f1xx_hal_i2c.o
 .debug_abbrev  0x00000000000016a5      0x2a8 ./Drivers/STM32F1xx_HAL_Driver/Src/stm32f1xx_hal_rcc.o
 .debug_abbrev  0x000000000000194d      0x264 ./Drivers/STM32F1xx_HAL_Driver/Src/stm32f1xx_hal_tim.o
 .debug_abbrev  0x0000000000001bb1      0x26c ./Drivers/STM32F1xx_HAL_Driver/Src/stm32f1xx_hal_tim_ex.o
 .debug_abbrev  0x0000000000001e1d      0x2df ./Drivers/STM32F1xx_HAL_Driver/Src/stm32f1xx_hal_uart.o
 .debug_abbrev  0x00000000000020fc      0x392 ./Middlewares/Third_Party/FreeRTOS/Source/CMSIS_RTOS/cmsis_os.o
 .debug_abbrev  0x000000000000248e       0xf2 ./Middlewares/Third_Party/FreeRTOS/Source/list.o
 .debug_abbrev  0x0000000000002580      0x34e ./Middlewares/Third_Party/FreeRTOS/Source/tasks.o
 .debug_abbrev  0x00000000000028ce      0x257 ./Middlewares/Third_Party/FreeRTOS/Source/portable/GCC/ARM_CM3/port.o
 .debug_abbrev  0x0000000000002b25      0x1ff ./Middlewares/Third_Party/FreeRTOS/Source/portable/MemMang/heap_4.o

.debug_aranges  0x0000000000000000     0x14a8
 .debug_aranges
                0x0000000000000000       0x20 ./Core/Src/freertos.o
 .debug_aranges
                0x0000000000000020       0x60 ./Core/Src/i2c-lcd.o
 .debug_aranges
                0x0000000000000080       0xb0 ./Core/Src/main.o
 .debug_aranges
                0x0000000000000130       0x60 ./Core/Src/stm32f1xx_hal_msp.o
 .debug_aranges
                0x0000000000000190       0x58 ./Core/Src/stm32f1xx_it.o
 .debug_aranges
                0x00000000000001e8       0x28 ./Core/Src/system_stm32f1xx.o
 .debug_aranges
                0x0000000000000210       0x28 ./Core/Startup/startup_stm32f103rctx.o
 .debug_aranges
                0x0000000000000238       0xe0 ./Drivers/STM32F1xx_HAL_Driver/Src/stm32f1xx_hal.o
 .debug_aranges
                0x0000000000000318      0x138 ./Drivers/STM32F1xx_HAL_Driver/Src/stm32f1xx_hal_can.o
 .debug_aranges
                0x0000000000000450      0x100 ./Drivers/STM32F1xx_HAL_Driver/Src/stm32f1xx_hal_cortex.o
 .debug_aranges
                0x0000000000000550       0x58 ./Drivers/STM32F1xx_HAL_Driver/Src/stm32f1xx_hal_gpio.o
 .debug_aranges
                0x00000000000005a8      0x2a8 ./Drivers/STM32F1xx_HAL_Driver/Src/stm32f1xx_hal_i2c.o
 .debug_aranges
                0x0000000000000850       0x90 ./Drivers/STM32F1xx_HAL_Driver/Src/stm32f1xx_hal_rcc.o
 .debug_aranges
                0x00000000000008e0      0x3d0 ./Drivers/STM32F1xx_HAL_Driver/Src/stm32f1xx_hal_tim.o
 .debug_aranges
                0x0000000000000cb0      0x168 ./Drivers/STM32F1xx_HAL_Driver/Src/stm32f1xx_hal_tim_ex.o
 .debug_aranges
                0x0000000000000e18      0x208 ./Drivers/STM32F1xx_HAL_Driver/Src/stm32f1xx_hal_uart.o
 .debug_aranges
                0x0000000000001020      0x1d8 ./Middlewares/Third_Party/FreeRTOS/Source/CMSIS_RTOS/cmsis_os.o
 .debug_aranges
                0x00000000000011f8       0x40 ./Middlewares/Third_Party/FreeRTOS/Source/list.o
 .debug_aranges
                0x0000000000001238      0x1a8 ./Middlewares/Third_Party/FreeRTOS/Source/tasks.o
 .debug_aranges
                0x00000000000013e0       0x78 ./Middlewares/Third_Party/FreeRTOS/Source/portable/GCC/ARM_CM3/port.o
 .debug_aranges
                0x0000000000001458       0x50 ./Middlewares/Third_Party/FreeRTOS/Source/portable/MemMang/heap_4.o

.debug_ranges   0x0000000000000000     0x13a8
 .debug_ranges  0x0000000000000000       0x10 ./Core/Src/freertos.o
 .debug_ranges  0x0000000000000010       0x50 ./Core/Src/i2c-lcd.o
 .debug_ranges  0x0000000000000060       0xa0 ./Core/Src/main.o
 .debug_ranges  0x0000000000000100       0x50 ./Core/Src/stm32f1xx_hal_msp.o
 .debug_ranges  0x0000000000000150       0x48 ./Core/Src/stm32f1xx_it.o
 .debug_ranges  0x0000000000000198       0x18 ./Core/Src/system_stm32f1xx.o
 .debug_ranges  0x00000000000001b0       0x20 ./Core/Startup/startup_stm32f103rctx.o
 .debug_ranges  0x00000000000001d0       0xd0 ./Drivers/STM32F1xx_HAL_Driver/Src/stm32f1xx_hal.o
 .debug_ranges  0x00000000000002a0      0x128 ./Drivers/STM32F1xx_HAL_Driver/Src/stm32f1xx_hal_can.o
 .debug_ranges  0x00000000000003c8       0xf0 ./Drivers/STM32F1xx_HAL_Driver/Src/stm32f1xx_hal_cortex.o
 .debug_ranges  0x00000000000004b8       0x48 ./Drivers/STM32F1xx_HAL_Driver/Src/stm32f1xx_hal_gpio.o
 .debug_ranges  0x0000000000000500      0x2b0 ./Drivers/STM32F1xx_HAL_Driver/Src/stm32f1xx_hal_i2c.o
 .debug_ranges  0x00000000000007b0       0x80 ./Drivers/STM32F1xx_HAL_Driver/Src/stm32f1xx_hal_rcc.o
 .debug_ranges  0x0000000000000830      0x3c0 ./Drivers/STM32F1xx_HAL_Driver/Src/stm32f1xx_hal_tim.o
 .debug_ranges  0x0000000000000bf0      0x158 ./Drivers/STM32F1xx_HAL_Driver/Src/stm32f1xx_hal_tim_ex.o
 .debug_ranges  0x0000000000000d48      0x228 ./Drivers/STM32F1xx_HAL_Driver/Src/stm32f1xx_hal_uart.o
 .debug_ranges  0x0000000000000f70      0x1c8 ./Middlewares/Third_Party/FreeRTOS/Source/CMSIS_RTOS/cmsis_os.o
 .debug_ranges  0x0000000000001138       0x30 ./Middlewares/Third_Party/FreeRTOS/Source/list.o
 .debug_ranges  0x0000000000001168      0x198 ./Middlewares/Third_Party/FreeRTOS/Source/tasks.o
 .debug_ranges  0x0000000000001300       0x68 ./Middlewares/Third_Party/FreeRTOS/Source/portable/GCC/ARM_CM3/port.o
 .debug_ranges  0x0000000000001368       0x40 ./Middlewares/Third_Party/FreeRTOS/Source/portable/MemMang/heap_4.o

.debug_macro    0x0000000000000000    0x1bfc3
 .debug_macro   0x0000000000000000      0x22e ./Core/Src/freertos.o
 .debug_macro   0x000000000000022e      0xa6c ./Core/Src/freertos.o
 .debug_macro   0x0000000000000c9a      0x174 ./Core/Src/freertos.o
 .debug_macro   0x0000000000000e0e       0x22 ./Core/Src/freertos.o
 .debug_macro   0x0000000000000e30       0x8e ./Core/Src/freertos.o
 .debug_macro   0x0000000000000ebe       0x51 ./Core/Src/freertos.o
 .debug_macro   0x0000000000000f0f      0x103 ./Core/Src/freertos.o
 .debug_macro   0x0000000000001012       0x6a ./Core/Src/freertos.o
 .debug_macro   0x000000000000107c      0x1df ./Core/Src/freertos.o
 .debug_macro   0x000000000000125b       0xd0 ./Core/Src/freertos.o
 .debug_macro   0x000000000000132b      0x15a ./Core/Src/freertos.o
 .debug_macro   0x0000000000001485       0xd7 ./Core/Src/freertos.o
 .debug_macro   0x000000000000155c       0x10 ./Core/Src/freertos.o
 .debug_macro   0x000000000000156c       0x1f ./Core/Src/freertos.o
 .debug_macro   0x000000000000158b      0x4b7 ./Core/Src/freertos.o
 .debug_macro   0x0000000000001a42       0xb5 ./Core/Src/freertos.o
 .debug_macro   0x0000000000001af7       0x8c ./Core/Src/freertos.o
 .debug_macro   0x0000000000001b83      0x227 ./Core/Src/freertos.o
 .debug_macro   0x0000000000001daa       0x2e ./Core/Src/freertos.o
 .debug_macro   0x0000000000001dd8       0x22 ./Core/Src/freertos.o
 .debug_macro   0x0000000000001dfa       0x1c ./Core/Src/freertos.o
 .debug_macro   0x0000000000001e16       0x22 ./Core/Src/freertos.o
 .debug_macro   0x0000000000001e38       0xbd ./Core/Src/freertos.o
 .debug_macro   0x0000000000001ef5      0xd23 ./Core/Src/freertos.o
 .debug_macro   0x0000000000002c18     0xfd8c ./Core/Src/freertos.o
 .debug_macro   0x00000000000129a4       0x6d ./Core/Src/freertos.o
 .debug_macro   0x0000000000012a11     0x348d ./Core/Src/freertos.o
 .debug_macro   0x0000000000015e9e       0x5c ./Core/Src/freertos.o
 .debug_macro   0x0000000000015efa      0x5bc ./Core/Src/freertos.o
 .debug_macro   0x00000000000164b6      0x4d5 ./Core/Src/freertos.o
 .debug_macro   0x000000000001698b      0x1cb ./Core/Src/freertos.o
 .debug_macro   0x0000000000016b56      0x114 ./Core/Src/freertos.o
 .debug_macro   0x0000000000016c6a      0x1ea ./Core/Src/freertos.o
 .debug_macro   0x0000000000016e54       0x27 ./Core/Src/freertos.o
 .debug_macro   0x0000000000016e7b      0x144 ./Core/Src/freertos.o
 .debug_macro   0x0000000000016fbf      0x1bc ./Core/Src/freertos.o
 .debug_macro   0x000000000001717b       0x30 ./Core/Src/freertos.o
 .debug_macro   0x00000000000171ab       0x3c ./Core/Src/freertos.o
 .debug_macro   0x00000000000171e7      0x408 ./Core/Src/freertos.o
 .debug_macro   0x00000000000175ef       0x57 ./Core/Src/freertos.o
 .debug_macro   0x0000000000017646       0x87 ./Core/Src/freertos.o
 .debug_macro   0x00000000000176cd      0x24f ./Core/Src/freertos.o
 .debug_macro   0x000000000001791c      0x287 ./Core/Src/freertos.o
 .debug_macro   0x0000000000017ba3      0x140 ./Core/Src/freertos.o
 .debug_macro   0x0000000000017ce3      0x8ed ./Core/Src/freertos.o
 .debug_macro   0x00000000000185d0      0x28e ./Core/Src/freertos.o
 .debug_macro   0x000000000001885e       0xb5 ./Core/Src/freertos.o
 .debug_macro   0x0000000000018913      0x19c ./Core/Src/freertos.o
 .debug_macro   0x0000000000018aaf      0x1c6 ./Core/Src/i2c-lcd.o
 .debug_macro   0x0000000000018c75       0x16 ./Core/Src/i2c-lcd.o
 .debug_macro   0x0000000000018c8b      0x45a ./Core/Src/main.o
 .debug_macro   0x00000000000190e5       0xd0 ./Core/Src/main.o
 .debug_macro   0x00000000000191b5       0x91 ./Core/Src/main.o
 .debug_macro   0x0000000000019246       0x8d ./Core/Src/main.o
 .debug_macro   0x00000000000192d3       0x7e ./Core/Src/main.o
 .debug_macro   0x0000000000019351       0x19 ./Core/Src/main.o
 .debug_macro   0x000000000001936a       0xf2 ./Core/Src/main.o
 .debug_macro   0x000000000001945c       0x52 ./Core/Src/main.o
 .debug_macro   0x00000000000194ae       0x18 ./Core/Src/main.o
 .debug_macro   0x00000000000194c6       0x3c ./Core/Src/main.o
 .debug_macro   0x0000000000019502       0x34 ./Core/Src/main.o
 .debug_macro   0x0000000000019536       0x16 ./Core/Src/main.o
 .debug_macro   0x000000000001954c       0x35 ./Core/Src/main.o
 .debug_macro   0x0000000000019581      0x341 ./Core/Src/main.o
 .debug_macro   0x00000000000198c2       0x10 ./Core/Src/main.o
 .debug_macro   0x00000000000198d2       0x16 ./Core/Src/main.o
 .debug_macro   0x00000000000198e8       0x43 ./Core/Src/main.o
 .debug_macro   0x000000000001992b       0x34 ./Core/Src/main.o
 .debug_macro   0x000000000001995f       0x10 ./Core/Src/main.o
 .debug_macro   0x000000000001996f       0x58 ./Core/Src/main.o
 .debug_macro   0x00000000000199c7       0x71 ./Core/Src/main.o
 .debug_macro   0x0000000000019a38       0x1c ./Core/Src/main.o
 .debug_macro   0x0000000000019a54      0x12a ./Core/Src/main.o
 .debug_macro   0x0000000000019b7e       0x10 ./Core/Src/main.o
 .debug_macro   0x0000000000019b8e       0x1c ./Core/Src/main.o
 .debug_macro   0x0000000000019baa       0x52 ./Core/Src/main.o
 .debug_macro   0x0000000000019bfc       0x22 ./Core/Src/main.o
 .debug_macro   0x0000000000019c1e       0x10 ./Core/Src/main.o
 .debug_macro   0x0000000000019c2e       0x52 ./Core/Src/main.o
 .debug_macro   0x0000000000019c80       0xd5 ./Core/Src/main.o
 .debug_macro   0x0000000000019d55       0x1c ./Core/Src/main.o
 .debug_macro   0x0000000000019d71       0x3d ./Core/Src/main.o
 .debug_macro   0x0000000000019dae       0x16 ./Core/Src/main.o
 .debug_macro   0x0000000000019dc4      0x145 ./Core/Src/main.o
 .debug_macro   0x0000000000019f09       0x22 ./Core/Src/main.o
 .debug_macro   0x0000000000019f2b       0x16 ./Core/Src/main.o
 .debug_macro   0x0000000000019f41       0x16 ./Core/Src/main.o
 .debug_macro   0x0000000000019f57       0x29 ./Core/Src/main.o
 .debug_macro   0x0000000000019f80       0x16 ./Core/Src/main.o
 .debug_macro   0x0000000000019f96       0x20 ./Core/Src/main.o
 .debug_macro   0x0000000000019fb6      0x1c6 ./Core/Src/stm32f1xx_hal_msp.o
 .debug_macro   0x000000000001a17c      0x238 ./Core/Src/stm32f1xx_it.o
 .debug_macro   0x000000000001a3b4      0x1b7 ./Core/Src/system_stm32f1xx.o
 .debug_macro   0x000000000001a56b      0x1db ./Drivers/STM32F1xx_HAL_Driver/Src/stm32f1xx_hal.o
 .debug_macro   0x000000000001a746      0x1bf ./Drivers/STM32F1xx_HAL_Driver/Src/stm32f1xx_hal_can.o
 .debug_macro   0x000000000001a905      0x1b7 ./Drivers/STM32F1xx_HAL_Driver/Src/stm32f1xx_hal_cortex.o
 .debug_macro   0x000000000001aabc      0x222 ./Drivers/STM32F1xx_HAL_Driver/Src/stm32f1xx_hal_gpio.o
 .debug_macro   0x000000000001acde      0x205 ./Drivers/STM32F1xx_HAL_Driver/Src/stm32f1xx_hal_i2c.o
 .debug_macro   0x000000000001aee3      0x1c9 ./Drivers/STM32F1xx_HAL_Driver/Src/stm32f1xx_hal_rcc.o
 .debug_macro   0x000000000001b0ac      0x1b8 ./Drivers/STM32F1xx_HAL_Driver/Src/stm32f1xx_hal_tim.o
 .debug_macro   0x000000000001b264      0x1b7 ./Drivers/STM32F1xx_HAL_Driver/Src/stm32f1xx_hal_tim_ex.o
 .debug_macro   0x000000000001b41b      0x1b8 ./Drivers/STM32F1xx_HAL_Driver/Src/stm32f1xx_hal_uart.o
 .debug_macro   0x000000000001b5d3      0x1fe ./Middlewares/Third_Party/FreeRTOS/Source/CMSIS_RTOS/cmsis_os.o
 .debug_macro   0x000000000001b7d1       0x10 ./Middlewares/Third_Party/FreeRTOS/Source/CMSIS_RTOS/cmsis_os.o
 .debug_macro   0x000000000001b7e1       0xab ./Middlewares/Third_Party/FreeRTOS/Source/CMSIS_RTOS/cmsis_os.o
 .debug_macro   0x000000000001b88c      0x187 ./Middlewares/Third_Party/FreeRTOS/Source/list.o
 .debug_macro   0x000000000001ba13      0x280 ./Middlewares/Third_Party/FreeRTOS/Source/tasks.o
 .debug_macro   0x000000000001bc93       0x10 ./Middlewares/Third_Party/FreeRTOS/Source/tasks.o
 .debug_macro   0x000000000001bca3      0x172 ./Middlewares/Third_Party/FreeRTOS/Source/portable/GCC/ARM_CM3/port.o
 .debug_macro   0x000000000001be15      0x1ae ./Middlewares/Third_Party/FreeRTOS/Source/portable/MemMang/heap_4.o

.debug_line     0x0000000000000000    0x18415
 .debug_line    0x0000000000000000      0x7a5 ./Core/Src/freertos.o
 .debug_line    0x00000000000007a5      0x7dc ./Core/Src/i2c-lcd.o
 .debug_line    0x0000000000000f81     0x2bb2 ./Core/Src/main.o
 .debug_line    0x0000000000003b33      0x7d5 ./Core/Src/stm32f1xx_hal_msp.o
 .debug_line    0x0000000000004308      0x867 ./Core/Src/stm32f1xx_it.o
 .debug_line    0x0000000000004b6f      0x726 ./Core/Src/system_stm32f1xx.o
 .debug_line    0x0000000000005295       0x87 ./Core/Startup/startup_stm32f103rctx.o
 .debug_line    0x000000000000531c      0x953 ./Drivers/STM32F1xx_HAL_Driver/Src/stm32f1xx_hal.o
 .debug_line    0x0000000000005c6f     0x10fa ./Drivers/STM32F1xx_HAL_Driver/Src/stm32f1xx_hal_can.o
 .debug_line    0x0000000000006d69      0xb3b ./Drivers/STM32F1xx_HAL_Driver/Src/stm32f1xx_hal_cortex.o
 .debug_line    0x00000000000078a4      0xa14 ./Drivers/STM32F1xx_HAL_Driver/Src/stm32f1xx_hal_gpio.o
 .debug_line    0x00000000000082b8     0x3ab9 ./Drivers/STM32F1xx_HAL_Driver/Src/stm32f1xx_hal_i2c.o
 .debug_line    0x000000000000bd71      0xd5f ./Drivers/STM32F1xx_HAL_Driver/Src/stm32f1xx_hal_rcc.o
 .debug_line    0x000000000000cad0     0x35fe ./Drivers/STM32F1xx_HAL_Driver/Src/stm32f1xx_hal_tim.o
 .debug_line    0x00000000000100ce     0x190f ./Drivers/STM32F1xx_HAL_Driver/Src/stm32f1xx_hal_tim_ex.o
 .debug_line    0x00000000000119dd     0x2884 ./Drivers/STM32F1xx_HAL_Driver/Src/stm32f1xx_hal_uart.o
 .debug_line    0x0000000000014261     0x11cb ./Middlewares/Third_Party/FreeRTOS/Source/CMSIS_RTOS/cmsis_os.o
 .debug_line    0x000000000001542c      0x706 ./Middlewares/Third_Party/FreeRTOS/Source/list.o
 .debug_line    0x0000000000015b32     0x18c9 ./Middlewares/Third_Party/FreeRTOS/Source/tasks.o
 .debug_line    0x00000000000173fb      0x752 ./Middlewares/Third_Party/FreeRTOS/Source/portable/GCC/ARM_CM3/port.o
 .debug_line    0x0000000000017b4d      0x8c8 ./Middlewares/Third_Party/FreeRTOS/Source/portable/MemMang/heap_4.o

.debug_str      0x0000000000000000    0xa685d
 .debug_str     0x0000000000000000    0x99139 ./Core/Src/freertos.o
                                      0x9957e (size before relaxing)
 .debug_str     0x0000000000099139      0x530 ./Core/Src/i2c-lcd.o
                                      0x95812 (size before relaxing)
 .debug_str     0x0000000000099669     0x72bf ./Core/Src/main.o
                                      0xa0dcc (size before relaxing)
 .debug_str     0x00000000000a0928      0x44b ./Core/Src/stm32f1xx_hal_msp.o
                                      0x96b9d (size before relaxing)
 .debug_str     0x00000000000a0d73       0xec ./Core/Src/stm32f1xx_it.o
                                      0x999d3 (size before relaxing)
 .debug_str     0x00000000000a0e5f       0x7e ./Core/Src/system_stm32f1xx.o
                                      0x95307 (size before relaxing)
 .debug_str     0x00000000000a0edd       0x36 ./Core/Startup/startup_stm32f103rctx.o
                                         0x88 (size before relaxing)
 .debug_str     0x00000000000a0f13      0x384 ./Drivers/STM32F1xx_HAL_Driver/Src/stm32f1xx_hal.o
                                      0x95b1e (size before relaxing)
 .debug_str     0x00000000000a1297      0x56e ./Drivers/STM32F1xx_HAL_Driver/Src/stm32f1xx_hal_can.o
                                      0x95b07 (size before relaxing)
 .debug_str     0x00000000000a1805      0x209 ./Drivers/STM32F1xx_HAL_Driver/Src/stm32f1xx_hal_cortex.o
                                      0x95a6a (size before relaxing)
 .debug_str     0x00000000000a1a0e      0x2c2 ./Drivers/STM32F1xx_HAL_Driver/Src/stm32f1xx_hal_gpio.o
                                      0x9568d (size before relaxing)
 .debug_str     0x00000000000a1cd0      0xb77 ./Drivers/STM32F1xx_HAL_Driver/Src/stm32f1xx_hal_i2c.o
                                      0x963ce (size before relaxing)
 .debug_str     0x00000000000a2847      0x209 ./Drivers/STM32F1xx_HAL_Driver/Src/stm32f1xx_hal_rcc.o
                                      0x95736 (size before relaxing)
 .debug_str     0x00000000000a2a50      0xda8 ./Drivers/STM32F1xx_HAL_Driver/Src/stm32f1xx_hal_tim.o
                                      0x96728 (size before relaxing)
 .debug_str     0x00000000000a37f8      0x493 ./Drivers/STM32F1xx_HAL_Driver/Src/stm32f1xx_hal_tim_ex.o
                                      0x95f44 (size before relaxing)
 .debug_str     0x00000000000a3c8b      0x60e ./Drivers/STM32F1xx_HAL_Driver/Src/stm32f1xx_hal_uart.o
                                      0x95da7 (size before relaxing)
 .debug_str     0x00000000000a4299      0xa50 ./Middlewares/Third_Party/FreeRTOS/Source/CMSIS_RTOS/cmsis_os.o
                                       0xdd07 (size before relaxing)
 .debug_str     0x00000000000a4ce9      0x139 ./Middlewares/Third_Party/FreeRTOS/Source/list.o
                                       0xa319 (size before relaxing)
 .debug_str     0x00000000000a4e22     0x118a ./Middlewares/Third_Party/FreeRTOS/Source/tasks.o
                                       0xc60b (size before relaxing)
 .debug_str     0x00000000000a5fac      0x66e ./Middlewares/Third_Party/FreeRTOS/Source/portable/GCC/ARM_CM3/port.o
                                       0x80ba (size before relaxing)
 .debug_str     0x00000000000a661a      0x243 ./Middlewares/Third_Party/FreeRTOS/Source/portable/MemMang/heap_4.o
                                       0xaa66 (size before relaxing)

.comment        0x0000000000000000       0x50
 .comment       0x0000000000000000       0x50 ./Core/Src/freertos.o
                                         0x51 (size before relaxing)
 .comment       0x0000000000000050       0x51 ./Core/Src/i2c-lcd.o
 .comment       0x0000000000000050       0x51 ./Core/Src/main.o
 .comment       0x0000000000000050       0x51 ./Core/Src/stm32f1xx_hal_msp.o
 .comment       0x0000000000000050       0x51 ./Core/Src/stm32f1xx_it.o
 .comment       0x0000000000000050       0x51 ./Core/Src/system_stm32f1xx.o
 .comment       0x0000000000000050       0x51 ./Drivers/STM32F1xx_HAL_Driver/Src/stm32f1xx_hal.o
 .comment       0x0000000000000050       0x51 ./Drivers/STM32F1xx_HAL_Driver/Src/stm32f1xx_hal_can.o
 .comment       0x0000000000000050       0x51 ./Drivers/STM32F1xx_HAL_Driver/Src/stm32f1xx_hal_cortex.o
 .comment       0x0000000000000050       0x51 ./Drivers/STM32F1xx_HAL_Driver/Src/stm32f1xx_hal_gpio.o
 .comment       0x0000000000000050       0x51 ./Drivers/STM32F1xx_HAL_Driver/Src/stm32f1xx_hal_i2c.o
 .comment       0x0000000000000050       0x51 ./Drivers/STM32F1xx_HAL_Driver/Src/stm32f1xx_hal_rcc.o
 .comment       0x0000000000000050       0x51 ./Drivers/STM32F1xx_HAL_Driver/Src/stm32f1xx_hal_tim.o
 .comment       0x0000000000000050       0x51 ./Drivers/STM32F1xx_HAL_Driver/Src/stm32f1xx_hal_tim_ex.o
 .comment       0x0000000000000050       0x51 ./Drivers/STM32F1xx_HAL_Driver/Src/stm32f1xx_hal_uart.o
 .comment       0x0000000000000050       0x51 ./Middlewares/Third_Party/FreeRTOS/Source/CMSIS_RTOS/cmsis_os.o
 .comment       0x0000000000000050       0x51 ./Middlewares/Third_Party/FreeRTOS/Source/list.o
 .comment       0x0000000000000050       0x51 ./Middlewares/Third_Party/FreeRTOS/Source/tasks.o
 .comment       0x0000000000000050       0x51 ./Middlewares/Third_Party/FreeRTOS/Source/portable/GCC/ARM_CM3/port.o
 .comment       0x0000000000000050       0x51 ./Middlewares/Third_Party/FreeRTOS/Source/portable/MemMang/heap_4.o

.debug_frame    0x0000000000000000     0x5798
 .debug_frame   0x0000000000000000       0x38 ./Core/Src/freertos.o
 .debug_frame   0x0000000000000038      0x134 ./Core/Src/i2c-lcd.o
 .debug_frame   0x000000000000016c      0x280 ./Core/Src/main.o
 .debug_frame   0x00000000000003ec      0x154 ./Core/Src/stm32f1xx_hal_msp.o
 .debug_frame   0x0000000000000540       0xe0 ./Core/Src/stm32f1xx_it.o
 .debug_frame   0x0000000000000620       0x58 ./Core/Src/system_stm32f1xx.o
 .debug_frame   0x0000000000000678      0x334 ./Drivers/STM32F1xx_HAL_Driver/Src/stm32f1xx_hal.o
 .debug_frame   0x00000000000009ac      0x5a0 ./Drivers/STM32F1xx_HAL_Driver/Src/stm32f1xx_hal_can.o
 .debug_frame   0x0000000000000f4c      0x428 ./Drivers/STM32F1xx_HAL_Driver/Src/stm32f1xx_hal_cortex.o
 .debug_frame   0x0000000000001374      0x14c ./Drivers/STM32F1xx_HAL_Driver/Src/stm32f1xx_hal_gpio.o
 .debug_frame   0x00000000000014c0      0xc84 ./Drivers/STM32F1xx_HAL_Driver/Src/stm32f1xx_hal_i2c.o
 .debug_frame   0x0000000000002144      0x218 ./Drivers/STM32F1xx_HAL_Driver/Src/stm32f1xx_hal_rcc.o
 .debug_frame   0x000000000000235c     0x11bc ./Drivers/STM32F1xx_HAL_Driver/Src/stm32f1xx_hal_tim.o
 .debug_frame   0x0000000000003518      0x638 ./Drivers/STM32F1xx_HAL_Driver/Src/stm32f1xx_hal_tim_ex.o
 .debug_frame   0x0000000000003b50      0x944 ./Drivers/STM32F1xx_HAL_Driver/Src/stm32f1xx_hal_uart.o
 .debug_frame   0x0000000000004494      0x80c ./Middlewares/Third_Party/FreeRTOS/Source/CMSIS_RTOS/cmsis_os.o
 .debug_frame   0x0000000000004ca0       0xd8 ./Middlewares/Third_Party/FreeRTOS/Source/list.o
 .debug_frame   0x0000000000004d78      0x734 ./Middlewares/Third_Party/FreeRTOS/Source/tasks.o
 .debug_frame   0x00000000000054ac      0x198 ./Middlewares/Third_Party/FreeRTOS/Source/portable/GCC/ARM_CM3/port.o
 .debug_frame   0x0000000000005644      0x108 ./Middlewares/Third_Party/FreeRTOS/Source/portable/MemMang/heap_4.o
 .debug_frame   0x000000000000574c       0x2c c:/st/stm32cubeide_1.12.0/stm32cubeide/plugins/com.st.stm32cube.ide.mcu.externaltools.gnu-tools-for-stm32.10.3-2021.10.win32_1.0.200.202301161003/tools/bin/../lib/gcc/arm-none-eabi/10.3.1/../../../../arm-none-eabi/lib/thumb/v7-m/nofp\libc_nano.a(lib_a-init.o)
 .debug_frame   0x0000000000005778       0x20 c:/st/stm32cubeide_1.12.0/stm32cubeide/plugins/com.st.stm32cube.ide.mcu.externaltools.gnu-tools-for-stm32.10.3-2021.10.win32_1.0.200.202301161003/tools/bin/../lib/gcc/arm-none-eabi/10.3.1/../../../../arm-none-eabi/lib/thumb/v7-m/nofp\libc_nano.a(lib_a-memset.o)
