../Drivers/CMSIS/Include/core_cm3.h:1762:34:__NVIC_SystemReset	4	static,ignoring_inline_asm
../Core/Src/main.c:148:6:bekle	8	static
../Core/Src/main.c:177:6:menu	8	static
../Core/Src/main.c:1236:6:i2cTest	24	static
../Core/Src/main.c:1307:6:HAL_TIM_PeriodElapsedCallback	16	static
../Core/Src/main.c:1318:5:main	64	static
../Core/Src/main.c:1472:6:WiFi_Init	32	static
../Core/Src/main.c:1494:6:WiFi_Connect	112	static
../Core/Src/main.c:1515:6:Send_GET_Request	232	static
../Core/Src/main.c:1535:6:dataTask	16	static
../Core/Src/main.c:1541:6:programTask	32	static
../Core/Src/main.c:2169:6:SystemClock_Config	72	static
../Core/Src/main.c:2209:13:MX_CAN_Init	8	static
../Core/Src/main.c:2243:13:MX_I2C1_Init	8	static
../Core/Src/main.c:2274:13:MX_TIM1_Init	32	static
../Core/Src/main.c:2320:13:MX_USART1_UART_Init	8	static
../Core/Src/main.c:2353:13:MX_GPIO_Init	40	static
../Core/Src/main.c:2438:6:StartDefaultTask	16	static
../Core/Src/main.c:2453:6:Error_Handler	4	static
