../Core/Src/main.c:95:5:main	56	static
../Core/Src/main.c:164:6:WifiTask	280	static
../Core/Src/main.c:216:6:LED_Task1	16	static
../Core/Src/main.c:230:6:LED_Task2	16	static
../Core/Src/main.c:248:6:SystemClock_Config	72	static
../Core/Src/main.c:287:13:MX_I2C1_Init	8	static
../Core/Src/main.c:321:13:MX_USART1_UART_Init	4	static
../Core/Src/main.c:354:13:MX_GPIO_Init	40	static
../Core/Src/main.c:390:6:StartDefaultTask	16	static
../Core/Src/main.c:405:6:Error_Handler	4	static,ignoring_inline_asm
